Blender 4.3.2
Read blend: "/root/sidereal_spacetime/output/playwright/planet-reference-20260914/crystal-moon-1-r005/kit.blend"
Fra:1 Mem:13.18M (Peak 13.18M) | Time:00:00.00 | Mem:0.00M, Peak:0.00M | Scene, ViewLayer | Synchronizing object | GEO-planets--crystal-moon-1-connected-crystalline-body
Fra:1 Mem:13.76M (Peak 13.76M) | Time:00:00.00 | Mem:0.00M, Peak:0.00M | Scene, ViewLayer | Initializing
Fra:1 Mem:13.75M (Peak 13.76M) | Time:00:00.00 | Mem:0.00M, Peak:0.00M | Scene, ViewLayer | Updating Images | Loading Crystal9-material-0
Fra:1 Mem:14.77M (Peak 14.77M) | Time:00:00.00 | Mem:0.25M, Peak:0.25M | Scene, ViewLayer | Updating Images | Loading Crystal9-material-6
Fra:1 Mem:14.51M (Peak 14.77M) | Time:00:00.00 | Mem:0.50M, Peak:0.50M | Scene, ViewLayer | Updating Images | Loading Crystal9-roughness-0
Fra:1 Mem:14.76M (Peak 14.77M) | Time:00:00.00 | Mem:0.75M, Peak:0.75M | Scene, ViewLayer | Updating Images | Loading Crystal9-material-5
Fra:1 Mem:15.01M (Peak 15.01M) | Time:00:00.00 | Mem:1.00M, Peak:1.00M | Scene, ViewLayer | Updating Images | Loading Crystal9-material-1
Fra:1 Mem:15.26M (Peak 15.26M) | Time:00:00.00 | Mem:1.25M, Peak:1.25M | Scene, ViewLayer | Updating Images | Loading Crystal9-material-4
Fra:1 Mem:15.51M (Peak 15.51M) | Time:00:00.00 | Mem:1.50M, Peak:1.50M | Scene, ViewLayer | Updating Images | Loading Crystal9-material-3
Fra:1 Mem:15.76M (Peak 15.76M) | Time:00:00.00 | Mem:1.75M, Peak:1.75M | Scene, ViewLayer | Updating Images | Loading Crystal9-roughness-1
Fra:1 Mem:16.01M (Peak 16.01M) | Time:00:00.01 | Mem:2.00M, Peak:2.00M | Scene, ViewLayer | Updating Images | Loading Crystal9-roughness-2
Fra:1 Mem:16.26M (Peak 16.26M) | Time:00:00.01 | Mem:2.25M, Peak:2.25M | Scene, ViewLayer | Updating Images | Loading Crystal9-material-2
Fra:1 Mem:15.89M (Peak 16.26M) | Time:00:00.01 | Mem:2.75M, Peak:2.75M | Scene, ViewLayer | Waiting for render to start
Fra:1 Mem:15.89M (Peak 16.26M) | Time:00:00.01 | Mem:2.75M, Peak:2.75M | Scene, ViewLayer | Loading render kernels (may take a few minutes the first time)
Fra:1 Mem:15.89M (Peak 16.26M) | Time:00:00.01 | Mem:2.75M, Peak:2.75M | Scene, ViewLayer | Updating Scene
Fra:1 Mem:15.89M (Peak 16.26M) | Time:00:00.01 | Mem:2.75M, Peak:2.75M | Scene, ViewLayer | Updating Shaders
Fra:1 Mem:15.98M (Peak 16.26M) | Time:00:00.01 | Mem:2.76M, Peak:2.76M | Scene, ViewLayer | Updating Procedurals
Fra:1 Mem:15.98M (Peak 16.26M) | Time:00:00.01 | Mem:2.76M, Peak:2.76M | Scene, ViewLayer | Updating Background
Fra:1 Mem:15.98M (Peak 16.26M) | Time:00:00.01 | Mem:2.76M, Peak:2.76M | Scene, ViewLayer | Updating Camera
Fra:1 Mem:15.98M (Peak 16.26M) | Time:00:00.01 | Mem:2.76M, Peak:2.76M | Scene, ViewLayer | Updating Meshes Flags
Fra:1 Mem:15.98M (Peak 16.26M) | Time:00:00.01 | Mem:2.76M, Peak:2.76M | Scene, ViewLayer | Updating Objects
Fra:1 Mem:15.98M (Peak 16.26M) | Time:00:00.01 | Mem:2.76M, Peak:2.76M | Scene, ViewLayer | Updating Objects | Copying Transformations to device
Fra:1 Mem:15.98M (Peak 16.26M) | Time:00:00.01 | Mem:2.76M, Peak:2.76M | Scene, ViewLayer | Updating Objects | Applying Static Transformations
Fra:1 Mem:15.98M (Peak 16.26M) | Time:00:00.01 | Mem:2.76M, Peak:2.76M | Scene, ViewLayer | Updating Particle Systems
Fra:1 Mem:15.98M (Peak 16.26M) | Time:00:00.01 | Mem:2.76M, Peak:2.76M | Scene, ViewLayer | Updating Particle Systems | Copying Particles to device
Fra:1 Mem:15.98M (Peak 16.26M) | Time:00:00.01 | Mem:2.76M, Peak:2.76M | Scene, ViewLayer | Updating Meshes
Fra:1 Mem:16.03M (Peak 16.26M) | Time:00:00.01 | Mem:2.76M, Peak:2.76M | Scene, ViewLayer | Updating Mesh | Computing attributes
Fra:1 Mem:16.17M (Peak 16.26M) | Time:00:00.01 | Mem:2.76M, Peak:2.76M | Scene, ViewLayer | Updating Mesh | Copying Attributes to device
Fra:1 Mem:16.17M (Peak 16.26M) | Time:00:00.01 | Mem:2.90M, Peak:2.90M | Scene, ViewLayer | Updating Scene BVH | Building
Fra:1 Mem:16.17M (Peak 16.26M) | Time:00:00.01 | Mem:2.90M, Peak:2.90M | Scene, ViewLayer | Updating Scene BVH | Building BVH
Fra:1 Mem:16.17M (Peak 16.26M) | Time:00:00.01 | Mem:3.00M, Peak:3.00M | Scene, ViewLayer | Updating Scene BVH | Building BVH 0%
Fra:1 Mem:16.17M (Peak 16.26M) | Time:00:00.01 | Mem:3.12M, Peak:3.21M | Scene, ViewLayer | Updating Scene BVH | Copying BVH to device
Fra:1 Mem:16.17M (Peak 16.26M) | Time:00:00.01 | Mem:3.12M, Peak:3.21M | Scene, ViewLayer | Updating Mesh | Computing normals
Fra:1 Mem:16.41M (Peak 16.41M) | Time:00:00.01 | Mem:3.12M, Peak:3.21M | Scene, ViewLayer | Updating Mesh | Copying Mesh to device
Fra:1 Mem:16.41M (Peak 16.41M) | Time:00:00.01 | Mem:3.36M, Peak:3.36M | Scene, ViewLayer | Updating Objects Flags
Fra:1 Mem:16.41M (Peak 16.41M) | Time:00:00.01 | Mem:3.36M, Peak:3.36M | Scene, ViewLayer | Updating Primitive Offsets
Fra:1 Mem:16.41M (Peak 16.41M) | Time:00:00.01 | Mem:3.36M, Peak:3.36M | Scene, ViewLayer | Updating Images
Fra:1 Mem:16.41M (Peak 16.41M) | Time:00:00.01 | Mem:3.36M, Peak:3.36M | Scene, ViewLayer | Updating Camera Volume
Fra:1 Mem:16.41M (Peak 16.41M) | Time:00:00.01 | Mem:3.36M, Peak:3.36M | Scene, ViewLayer | Updating Lookup Tables
Fra:1 Mem:16.41M (Peak 16.41M) | Time:00:00.01 | Mem:3.44M, Peak:3.44M | Scene, ViewLayer | Updating Lights
Fra:1 Mem:16.41M (Peak 16.41M) | Time:00:00.01 | Mem:3.44M, Peak:3.44M | Scene, ViewLayer | Updating Lights | Computing tree
Fra:1 Mem:16.46M (Peak 16.46M) | Time:00:00.01 | Mem:3.49M, Peak:3.49M | Scene, ViewLayer | Updating Integrator
Fra:1 Mem:16.46M (Peak 16.46M) | Time:00:00.01 | Mem:3.49M, Peak:3.49M | Scene, ViewLayer | Updating Film
Fra:1 Mem:16.46M (Peak 16.46M) | Time:00:00.01 | Mem:3.41M, Peak:3.49M | Scene, ViewLayer | Updating Lookup Tables
Fra:1 Mem:16.46M (Peak 16.46M) | Time:00:00.01 | Mem:3.49M, Peak:3.49M | Scene, ViewLayer | Updating Baking
Fra:1 Mem:16.46M (Peak 16.46M) | Time:00:00.01 | Mem:3.49M, Peak:3.49M | Scene, ViewLayer | Updating Device | Writing constant memory
Fra:1 Mem:16.46M (Peak 16.46M) | Time:00:00.01 | Mem:3.49M, Peak:3.49M | Scene, ViewLayer | Sample 0/32
Fra:1 Mem:44.28M (Peak 44.28M) | Time:00:00.47 | Remaining:00:14.16 | Mem:31.31M, Peak:31.31M | Scene, ViewLayer | Sample 1/32
Fra:1 Mem:56.64M (Peak 81.36M) | Time:00:10.71 | Mem:31.31M, Peak:31.31M | Scene, ViewLayer | Sample 32/32
Fra:1 Mem:56.64M (Peak 81.36M) | Time:00:10.71 | Mem:31.31M, Peak:31.31M | Scene, ViewLayer | Finished
Saved: '/root/sidereal_spacetime/output/playwright/planet-reference-20260914/crystal-moons-r005-parity/moon-1-native-two-sided-matched-angle2.png'
Time: 00:10.93 (Saving: 00:00.22)

Fra:1 Mem:13.85M (Peak 13.85M) | Time:00:00.00 | Mem:0.00M, Peak:0.00M | Scene, ViewLayer | Synchronizing object | GEO-planets--crystal-moon-1-connected-crystalline-body
Fra:1 Mem:14.25M (Peak 14.25M) | Time:00:00.00 | Mem:0.00M, Peak:0.00M | Scene, ViewLayer | Initializing
Fra:1 Mem:14.24M (Peak 14.25M) | Time:00:00.00 | Mem:0.00M, Peak:0.00M | Scene, ViewLayer | Updating Images | Loading Crystal9-material-0
Fra:1 Mem:15.27M (Peak 15.27M) | Time:00:00.00 | Mem:0.25M, Peak:0.25M | Scene, ViewLayer | Updating Images | Loading Crystal9-material-6
Fra:1 Mem:14.76M (Peak 15.27M) | Time:00:00.00 | Mem:0.50M, Peak:0.50M | Scene, ViewLayer | Updating Images | Loading Crystal9-roughness-0
Fra:1 Mem:15.26M (Peak 15.27M) | Time:00:00.00 | Mem:0.75M, Peak:0.75M | Scene, ViewLayer | Updating Images | Loading Crystal9-material-1
Fra:1 Mem:15.51M (Peak 15.51M) | Time:00:00.00 | Mem:1.00M, Peak:1.00M | Scene, ViewLayer | Updating Images | Loading Crystal9-material-5
Fra:1 Mem:15.76M (Peak 15.76M) | Time:00:00.00 | Mem:1.25M, Peak:1.25M | Scene, ViewLayer | Updating Images | Loading Crystal9-material-4
Fra:1 Mem:16.01M (Peak 16.01M) | Time:00:00.00 | Mem:1.50M, Peak:1.50M | Scene, ViewLayer | Updating Images | Loading Crystal9-roughness-1
Fra:1 Mem:16.26M (Peak 16.26M) | Time:00:00.00 | Mem:1.75M, Peak:1.75M | Scene, ViewLayer | Updating Images | Loading Crystal9-material-3
Fra:1 Mem:16.51M (Peak 16.51M) | Time:00:00.00 | Mem:2.00M, Peak:2.00M | Scene, ViewLayer | Updating Images | Loading Crystal9-material-2
Fra:1 Mem:16.76M (Peak 16.76M) | Time:00:00.00 | Mem:2.25M, Peak:2.25M | Scene, ViewLayer | Updating Images | Loading Crystal9-roughness-2
Fra:1 Mem:16.23M (Peak 16.76M) | Time:00:00.00 | Mem:2.75M, Peak:2.75M | Scene, ViewLayer | Waiting for render to start
Fra:1 Mem:16.23M (Peak 16.76M) | Time:00:00.00 | Mem:2.75M, Peak:2.75M | Scene, ViewLayer | Loading render kernels (may take a few minutes the first time)
Fra:1 Mem:16.23M (Peak 16.76M) | Time:00:00.00 | Mem:2.75M, Peak:2.75M | Scene, ViewLayer | Updating Scene
Fra:1 Mem:16.23M (Peak 16.76M) | Time:00:00.00 | Mem:2.75M, Peak:2.75M | Scene, ViewLayer | Updating Shaders
Fra:1 Mem:16.32M (Peak 16.76M) | Time:00:00.00 | Mem:2.76M, Peak:2.76M | Scene, ViewLayer | Updating Procedurals
Fra:1 Mem:16.32M (Peak 16.76M) | Time:00:00.00 | Mem:2.76M, Peak:2.76M | Scene, ViewLayer | Updating Background
Fra:1 Mem:16.32M (Peak 16.76M) | Time:00:00.00 | Mem:2.76M, Peak:2.76M | Scene, ViewLayer | Updating Camera
Fra:1 Mem:16.32M (Peak 16.76M) | Time:00:00.00 | Mem:2.76M, Peak:2.76M | Scene, ViewLayer | Updating Meshes Flags
Fra:1 Mem:16.32M (Peak 16.76M) | Time:00:00.00 | Mem:2.76M, Peak:2.76M | Scene, ViewLayer | Updating Objects
Fra:1 Mem:16.32M (Peak 16.76M) | Time:00:00.00 | Mem:2.76M, Peak:2.76M | Scene, ViewLayer | Updating Objects | Copying Transformations to device
Fra:1 Mem:16.32M (Peak 16.76M) | Time:00:00.00 | Mem:2.76M, Peak:2.76M | Scene, ViewLayer | Updating Objects | Applying Static Transformations
Fra:1 Mem:16.32M (Peak 16.76M) | Time:00:00.00 | Mem:2.76M, Peak:2.76M | Scene, ViewLayer | Updating Particle Systems
Fra:1 Mem:16.32M (Peak 16.76M) | Time:00:00.00 | Mem:2.76M, Peak:2.76M | Scene, ViewLayer | Updating Particle Systems | Copying Particles to device
Fra:1 Mem:16.32M (Peak 16.76M) | Time:00:00.00 | Mem:2.76M, Peak:2.76M | Scene, ViewLayer | Updating Meshes
Fra:1 Mem:16.37M (Peak 16.76M) | Time:00:00.00 | Mem:2.76M, Peak:2.76M | Scene, ViewLayer | Updating Mesh | Computing attributes
Fra:1 Mem:16.51M (Peak 16.76M) | Time:00:00.00 | Mem:2.76M, Peak:2.76M | Scene, ViewLayer | Updating Mesh | Copying Attributes to device
Fra:1 Mem:16.51M (Peak 16.76M) | Time:00:00.00 | Mem:2.90M, Peak:2.90M | Scene, ViewLayer | Updating Scene BVH | Building
Fra:1 Mem:16.51M (Peak 16.76M) | Time:00:00.00 | Mem:2.90M, Peak:2.90M | Scene, ViewLayer | Updating Scene BVH | Building BVH
Fra:1 Mem:16.51M (Peak 16.76M) | Time:00:00.00 | Mem:3.00M, Peak:3.00M | Scene, ViewLayer | Updating Scene BVH | Building BVH 0%
Fra:1 Mem:16.51M (Peak 16.76M) | Time:00:00.00 | Mem:3.12M, Peak:3.22M | Scene, ViewLayer | Updating Scene BVH | Copying BVH to device
Fra:1 Mem:16.51M (Peak 16.76M) | Time:00:00.00 | Mem:3.12M, Peak:3.22M | Scene, ViewLayer | Updating Mesh | Computing normals
Fra:1 Mem:16.75M (Peak 16.76M) | Time:00:00.00 | Mem:3.12M, Peak:3.22M | Scene, ViewLayer | Updating Mesh | Copying Mesh to device
Fra:1 Mem:16.75M (Peak 16.76M) | Time:00:00.00 | Mem:3.36M, Peak:3.36M | Scene, ViewLayer | Updating Objects Flags
Fra:1 Mem:16.75M (Peak 16.76M) | Time:00:00.00 | Mem:3.36M, Peak:3.36M | Scene, ViewLayer | Updating Primitive Offsets
Fra:1 Mem:16.75M (Peak 16.76M) | Time:00:00.00 | Mem:3.36M, Peak:3.36M | Scene, ViewLayer | Updating Images
Fra:1 Mem:16.75M (Peak 16.76M) | Time:00:00.00 | Mem:3.36M, Peak:3.36M | Scene, ViewLayer | Updating Camera Volume
Fra:1 Mem:16.75M (Peak 16.76M) | Time:00:00.00 | Mem:3.36M, Peak:3.36M | Scene, ViewLayer | Updating Lookup Tables
Fra:1 Mem:16.75M (Peak 16.76M) | Time:00:00.00 | Mem:3.44M, Peak:3.44M | Scene, ViewLayer | Updating Lights
Fra:1 Mem:16.75M (Peak 16.76M) | Time:00:00.00 | Mem:3.44M, Peak:3.44M | Scene, ViewLayer | Updating Lights | Computing tree
Fra:1 Mem:16.80M (Peak 16.80M) | Time:00:00.00 | Mem:3.49M, Peak:3.49M | Scene, ViewLayer | Updating Integrator
Fra:1 Mem:16.80M (Peak 16.80M) | Time:00:00.00 | Mem:3.49M, Peak:3.49M | Scene, ViewLayer | Updating Film
Fra:1 Mem:16.80M (Peak 16.80M) | Time:00:00.00 | Mem:3.41M, Peak:3.49M | Scene, ViewLayer | Updating Lookup Tables
Fra:1 Mem:16.80M (Peak 16.80M) | Time:00:00.00 | Mem:3.49M, Peak:3.49M | Scene, ViewLayer | Updating Baking
Fra:1 Mem:16.80M (Peak 16.80M) | Time:00:00.00 | Mem:3.49M, Peak:3.49M | Scene, ViewLayer | Updating Device | Writing constant memory
Fra:1 Mem:16.80M (Peak 16.80M) | Time:00:00.00 | Mem:3.49M, Peak:3.49M | Scene, ViewLayer | Sample 0/32
Fra:1 Mem:44.62M (Peak 44.62M) | Time:00:00.47 | Remaining:00:14.56 | Mem:31.32M, Peak:31.32M | Scene, ViewLayer | Sample 1/32
Fra:1 Mem:56.98M (Peak 81.70M) | Time:00:11.20 | Mem:31.32M, Peak:31.32M | Scene, ViewLayer | Sample 32/32
Fra:1 Mem:56.98M (Peak 81.70M) | Time:00:11.20 | Mem:31.32M, Peak:31.32M | Scene, ViewLayer | Finished
Saved: '/root/sidereal_spacetime/output/playwright/planet-reference-20260914/crystal-moons-r005-parity/moon-1-gltf-front-faces-only-matched-angle2.png'
Time: 00:11.32 (Saving: 00:00.12)

Read blend: "/root/sidereal_spacetime/output/playwright/planet-reference-20260914/crystal-moon-2-r005/kit.blend"
Fra:1 Mem:12.38M (Peak 12.38M) | Time:00:00.00 | Mem:0.00M, Peak:0.00M | Scene, ViewLayer | Synchronizing object | GEO-planets--crystal-moon-2-connected-crystalline-body
Fra:1 Mem:12.56M (Peak 12.56M) | Time:00:00.00 | Mem:0.00M, Peak:0.00M | Scene, ViewLayer | Initializing
Fra:1 Mem:12.55M (Peak 12.56M) | Time:00:00.00 | Mem:0.00M, Peak:0.00M | Scene, ViewLayer | Updating Images | Loading Crystal9-material-7
Fra:1 Mem:12.55M (Peak 12.56M) | Time:00:00.00 | Mem:0.00M, Peak:0.00M | Scene, ViewLayer | Updating Images | Loading Crystal9-material-0
Fra:1 Mem:13.07M (Peak 13.07M) | Time:00:00.00 | Mem:0.25M, Peak:0.25M | Scene, ViewLayer | Updating Images | Loading Crystal9-material-6
Fra:1 Mem:13.32M (Peak 13.32M) | Time:00:00.00 | Mem:0.50M, Peak:0.50M | Scene, ViewLayer | Updating Images | Loading Crystal9-roughness-0
Fra:1 Mem:13.57M (Peak 13.57M) | Time:00:00.00 | Mem:0.75M, Peak:0.75M | Scene, ViewLayer | Updating Images | Loading Crystal9-material-5
Fra:1 Mem:13.82M (Peak 13.82M) | Time:00:00.00 | Mem:1.00M, Peak:1.00M | Scene, ViewLayer | Updating Images | Loading Crystal9-material-1
Fra:1 Mem:14.07M (Peak 14.07M) | Time:00:00.00 | Mem:1.25M, Peak:1.25M | Scene, ViewLayer | Updating Images | Loading Crystal9-material-4
Fra:1 Mem:14.32M (Peak 14.32M) | Time:00:00.00 | Mem:1.50M, Peak:1.50M | Scene, ViewLayer | Updating Images | Loading Crystal9-roughness-1
Fra:1 Mem:14.57M (Peak 14.57M) | Time:00:00.00 | Mem:1.75M, Peak:1.75M | Scene, ViewLayer | Updating Images | Loading Crystal9-material-3
Fra:1 Mem:15.08M (Peak 15.08M) | Time:00:00.00 | Mem:2.00M, Peak:2.00M | Scene, ViewLayer | Updating Images | Loading Crystal9-material-2
Fra:1 Mem:15.07M (Peak 15.08M) | Time:00:00.00 | Mem:2.25M, Peak:2.25M | Scene, ViewLayer | Updating Images | Loading Crystal9-roughness-2
Fra:1 Mem:14.69M (Peak 15.08M) | Time:00:00.00 | Mem:2.75M, Peak:2.75M | Scene, ViewLayer | Waiting for render to start
Fra:1 Mem:14.69M (Peak 15.08M) | Time:00:00.00 | Mem:2.75M, Peak:2.75M | Scene, ViewLayer | Loading render kernels (may take a few minutes the first time)
Fra:1 Mem:14.69M (Peak 15.08M) | Time:00:00.00 | Mem:2.75M, Peak:2.75M | Scene, ViewLayer | Updating Scene
Fra:1 Mem:14.69M (Peak 15.08M) | Time:00:00.00 | Mem:2.75M, Peak:2.75M | Scene, ViewLayer | Updating Shaders
Fra:1 Mem:14.78M (Peak 15.08M) | Time:00:00.00 | Mem:2.76M, Peak:2.76M | Scene, ViewLayer | Updating Procedurals
Fra:1 Mem:14.78M (Peak 15.08M) | Time:00:00.00 | Mem:2.76M, Peak:2.76M | Scene, ViewLayer | Updating Background
Fra:1 Mem:14.78M (Peak 15.08M) | Time:00:00.00 | Mem:2.76M, Peak:2.76M | Scene, ViewLayer | Updating Camera
Fra:1 Mem:14.78M (Peak 15.08M) | Time:00:00.00 | Mem:2.76M, Peak:2.76M | Scene, ViewLayer | Updating Meshes Flags
Fra:1 Mem:14.78M (Peak 15.08M) | Time:00:00.00 | Mem:2.76M, Peak:2.76M | Scene, ViewLayer | Updating Objects
Fra:1 Mem:14.78M (Peak 15.08M) | Time:00:00.00 | Mem:2.76M, Peak:2.76M | Scene, ViewLayer | Updating Objects | Copying Transformations to device
Fra:1 Mem:14.78M (Peak 15.08M) | Time:00:00.00 | Mem:2.76M, Peak:2.76M | Scene, ViewLayer | Updating Objects | Applying Static Transformations
Fra:1 Mem:14.78M (Peak 15.08M) | Time:00:00.00 | Mem:2.76M, Peak:2.76M | Scene, ViewLayer | Updating Particle Systems
Fra:1 Mem:14.78M (Peak 15.08M) | Time:00:00.00 | Mem:2.76M, Peak:2.76M | Scene, ViewLayer | Updating Particle Systems | Copying Particles to device
Fra:1 Mem:14.78M (Peak 15.08M) | Time:00:00.00 | Mem:2.76M, Peak:2.76M | Scene, ViewLayer | Updating Meshes
Fra:1 Mem:14.80M (Peak 15.08M) | Time:00:00.00 | Mem:2.76M, Peak:2.76M | Scene, ViewLayer | Updating Mesh | Computing attributes
Fra:1 Mem:14.84M (Peak 15.08M) | Time:00:00.00 | Mem:2.76M, Peak:2.76M | Scene, ViewLayer | Updating Mesh | Copying Attributes to device
Fra:1 Mem:14.84M (Peak 15.08M) | Time:00:00.00 | Mem:2.80M, Peak:2.80M | Scene, ViewLayer | Updating Scene BVH | Building
Fra:1 Mem:14.84M (Peak 15.08M) | Time:00:00.00 | Mem:2.80M, Peak:2.80M | Scene, ViewLayer | Updating Scene BVH | Building BVH
Fra:1 Mem:14.84M (Peak 15.08M) | Time:00:00.00 | Mem:2.83M, Peak:2.83M | Scene, ViewLayer | Updating Scene BVH | Building BVH 0%
Fra:1 Mem:14.84M (Peak 15.08M) | Time:00:00.00 | Mem:2.87M, Peak:2.90M | Scene, ViewLayer | Updating Scene BVH | Copying BVH to device
Fra:1 Mem:14.84M (Peak 15.08M) | Time:00:00.00 | Mem:2.87M, Peak:2.90M | Scene, ViewLayer | Updating Mesh | Computing normals
Fra:1 Mem:14.92M (Peak 15.08M) | Time:00:00.00 | Mem:2.87M, Peak:2.90M | Scene, ViewLayer | Updating Mesh | Copying Mesh to device
Fra:1 Mem:14.92M (Peak 15.08M) | Time:00:00.00 | Mem:2.95M, Peak:2.95M | Scene, ViewLayer | Updating Objects Flags
Fra:1 Mem:14.92M (Peak 15.08M) | Time:00:00.00 | Mem:2.95M, Peak:2.95M | Scene, ViewLayer | Updating Primitive Offsets
Fra:1 Mem:14.92M (Peak 15.08M) | Time:00:00.00 | Mem:2.95M, Peak:2.95M | Scene, ViewLayer | Updating Images
Fra:1 Mem:14.92M (Peak 15.08M) | Time:00:00.00 | Mem:2.95M, Peak:2.95M | Scene, ViewLayer | Updating Camera Volume
Fra:1 Mem:14.92M (Peak 15.08M) | Time:00:00.00 | Mem:2.95M, Peak:2.95M | Scene, ViewLayer | Updating Lookup Tables
Fra:1 Mem:14.92M (Peak 15.08M) | Time:00:00.00 | Mem:3.03M, Peak:3.03M | Scene, ViewLayer | Updating Lights
Fra:1 Mem:14.92M (Peak 15.08M) | Time:00:00.00 | Mem:3.03M, Peak:3.03M | Scene, ViewLayer | Updating Lights | Computing tree
Fra:1 Mem:14.93M (Peak 15.08M) | Time:00:00.00 | Mem:3.04M, Peak:3.04M | Scene, ViewLayer | Updating Integrator
Fra:1 Mem:14.93M (Peak 15.08M) | Time:00:00.00 | Mem:3.04M, Peak:3.04M | Scene, ViewLayer | Updating Film
Fra:1 Mem:14.93M (Peak 15.08M) | Time:00:00.00 | Mem:2.96M, Peak:3.04M | Scene, ViewLayer | Updating Lookup Tables
Fra:1 Mem:14.93M (Peak 15.08M) | Time:00:00.00 | Mem:3.04M, Peak:3.04M | Scene, ViewLayer | Updating Baking
Fra:1 Mem:14.93M (Peak 15.08M) | Time:00:00.00 | Mem:3.04M, Peak:3.04M | Scene, ViewLayer | Updating Device | Writing constant memory
Fra:1 Mem:14.93M (Peak 15.08M) | Time:00:00.00 | Mem:3.04M, Peak:3.04M | Scene, ViewLayer | Sample 0/32
Fra:1 Mem:42.75M (Peak 42.75M) | Time:00:00.35 | Remaining:00:10.57 | Mem:30.86M, Peak:30.86M | Scene, ViewLayer | Sample 1/32
Fra:1 Mem:55.11M (Peak 79.83M) | Time:00:07.52 | Mem:30.86M, Peak:30.86M | Scene, ViewLayer | Sample 32/32
Fra:1 Mem:55.11M (Peak 79.83M) | Time:00:07.52 | Mem:30.86M, Peak:30.86M | Scene, ViewLayer | Finished
Saved: '/root/sidereal_spacetime/output/playwright/planet-reference-20260914/crystal-moons-r005-parity/moon-2-native-two-sided-matched-angle2.png'
Time: 00:07.73 (Saving: 00:00.20)

Fra:1 Mem:12.93M (Peak 12.93M) | Time:00:00.00 | Mem:0.00M, Peak:0.00M | Scene, ViewLayer | Synchronizing object | GEO-planets--crystal-moon-2-connected-crystalline-body
Fra:1 Mem:13.05M (Peak 13.05M) | Time:00:00.00 | Mem:0.00M, Peak:0.00M | Scene, ViewLayer | Initializing
Fra:1 Mem:13.05M (Peak 13.05M) | Time:00:00.00 | Mem:0.00M, Peak:0.00M | Scene, ViewLayer | Updating Images | Loading Crystal9-material-7
Fra:1 Mem:13.05M (Peak 13.05M) | Time:00:00.00 | Mem:0.00M, Peak:0.00M | Scene, ViewLayer | Updating Images | Loading Crystal9-material-0
Fra:1 Mem:13.57M (Peak 13.57M) | Time:00:00.00 | Mem:0.25M, Peak:0.25M | Scene, ViewLayer | Updating Images | Loading Crystal9-material-6
Fra:1 Mem:13.81M (Peak 13.81M) | Time:00:00.00 | Mem:0.50M, Peak:0.50M | Scene, ViewLayer | Updating Images | Loading Crystal9-roughness-0
Fra:1 Mem:14.06M (Peak 14.06M) | Time:00:00.00 | Mem:0.75M, Peak:0.75M | Scene, ViewLayer | Updating Images | Loading Crystal9-material-1
Fra:1 Mem:14.31M (Peak 14.31M) | Time:00:00.00 | Mem:1.00M, Peak:1.00M | Scene, ViewLayer | Updating Images | Loading Crystal9-material-5
Fra:1 Mem:14.56M (Peak 14.56M) | Time:00:00.00 | Mem:1.25M, Peak:1.25M | Scene, ViewLayer | Updating Images | Loading Crystal9-material-4
Fra:1 Mem:14.81M (Peak 14.81M) | Time:00:00.00 | Mem:1.50M, Peak:1.50M | Scene, ViewLayer | Updating Images | Loading Crystal9-roughness-1
Fra:1 Mem:15.06M (Peak 15.06M) | Time:00:00.00 | Mem:1.75M, Peak:1.75M | Scene, ViewLayer | Updating Images | Loading Crystal9-material-3
Fra:1 Mem:15.31M (Peak 15.31M) | Time:00:00.00 | Mem:2.00M, Peak:2.00M | Scene, ViewLayer | Updating Images | Loading Crystal9-material-2
Fra:1 Mem:15.56M (Peak 15.56M) | Time:00:00.00 | Mem:2.25M, Peak:2.25M | Scene, ViewLayer | Updating Images | Loading Crystal9-roughness-2
Fra:1 Mem:15.03M (Peak 15.56M) | Time:00:00.00 | Mem:2.75M, Peak:2.75M | Scene, ViewLayer | Waiting for render to start
Fra:1 Mem:15.03M (Peak 15.56M) | Time:00:00.00 | Mem:2.75M, Peak:2.75M | Scene, ViewLayer | Loading render kernels (may take a few minutes the first time)
Fra:1 Mem:15.03M (Peak 15.56M) | Time:00:00.00 | Mem:2.75M, Peak:2.75M | Scene, ViewLayer | Updating Scene
Fra:1 Mem:15.03M (Peak 15.56M) | Time:00:00.00 | Mem:2.75M, Peak:2.75M | Scene, ViewLayer | Updating Shaders
Fra:1 Mem:15.12M (Peak 15.56M) | Time:00:00.00 | Mem:2.76M, Peak:2.76M | Scene, ViewLayer | Updating Procedurals
Fra:1 Mem:15.12M (Peak 15.56M) | Time:00:00.00 | Mem:2.76M, Peak:2.76M | Scene, ViewLayer | Updating Background
Fra:1 Mem:15.12M (Peak 15.56M) | Time:00:00.00 | Mem:2.76M, Peak:2.76M | Scene, ViewLayer | Updating Camera
Fra:1 Mem:15.12M (Peak 15.56M) | Time:00:00.00 | Mem:2.76M, Peak:2.76M | Scene, ViewLayer | Updating Meshes Flags
Fra:1 Mem:15.12M (Peak 15.56M) | Time:00:00.00 | Mem:2.76M, Peak:2.76M | Scene, ViewLayer | Updating Objects
Fra:1 Mem:15.12M (Peak 15.56M) | Time:00:00.00 | Mem:2.76M, Peak:2.76M | Scene, ViewLayer | Updating Objects | Copying Transformations to device
Fra:1 Mem:15.12M (Peak 15.56M) | Time:00:00.00 | Mem:2.76M, Peak:2.76M | Scene, ViewLayer | Updating Objects | Applying Static Transformations
Fra:1 Mem:15.12M (Peak 15.56M) | Time:00:00.00 | Mem:2.76M, Peak:2.76M | Scene, ViewLayer | Updating Particle Systems
Fra:1 Mem:15.12M (Peak 15.56M) | Time:00:00.00 | Mem:2.76M, Peak:2.76M | Scene, ViewLayer | Updating Particle Systems | Copying Particles to device
Fra:1 Mem:15.12M (Peak 15.56M) | Time:00:00.00 | Mem:2.76M, Peak:2.76M | Scene, ViewLayer | Updating Meshes
Fra:1 Mem:15.14M (Peak 15.56M) | Time:00:00.00 | Mem:2.76M, Peak:2.76M | Scene, ViewLayer | Updating Mesh | Computing attributes
Fra:1 Mem:15.18M (Peak 15.56M) | Time:00:00.00 | Mem:2.76M, Peak:2.76M | Scene, ViewLayer | Updating Mesh | Copying Attributes to device
Fra:1 Mem:15.18M (Peak 15.56M) | Time:00:00.00 | Mem:2.80M, Peak:2.80M | Scene, ViewLayer | Updating Scene BVH | Building
Fra:1 Mem:15.18M (Peak 15.56M) | Time:00:00.00 | Mem:2.80M, Peak:2.80M | Scene, ViewLayer | Updating Scene BVH | Building BVH
Fra:1 Mem:15.18M (Peak 15.56M) | Time:00:00.00 | Mem:2.83M, Peak:2.83M | Scene, ViewLayer | Updating Scene BVH | Building BVH 0%
Fra:1 Mem:15.18M (Peak 15.56M) | Time:00:00.00 | Mem:2.87M, Peak:2.90M | Scene, ViewLayer | Updating Scene BVH | Copying BVH to device
Fra:1 Mem:15.18M (Peak 15.56M) | Time:00:00.00 | Mem:2.87M, Peak:2.90M | Scene, ViewLayer | Updating Mesh | Computing normals
Fra:1 Mem:15.26M (Peak 15.56M) | Time:00:00.00 | Mem:2.87M, Peak:2.90M | Scene, ViewLayer | Updating Mesh | Copying Mesh to device
Fra:1 Mem:15.26M (Peak 15.56M) | Time:00:00.00 | Mem:2.95M, Peak:2.95M | Scene, ViewLayer | Updating Objects Flags
Fra:1 Mem:15.26M (Peak 15.56M) | Time:00:00.00 | Mem:2.95M, Peak:2.95M | Scene, ViewLayer | Updating Primitive Offsets
Fra:1 Mem:15.26M (Peak 15.56M) | Time:00:00.00 | Mem:2.95M, Peak:2.95M | Scene, ViewLayer | Updating Images
Fra:1 Mem:15.26M (Peak 15.56M) | Time:00:00.00 | Mem:2.95M, Peak:2.95M | Scene, ViewLayer | Updating Camera Volume
Fra:1 Mem:15.26M (Peak 15.56M) | Time:00:00.00 | Mem:2.95M, Peak:2.95M | Scene, ViewLayer | Updating Lookup Tables
Fra:1 Mem:15.26M (Peak 15.56M) | Time:00:00.00 | Mem:3.03M, Peak:3.03M | Scene, ViewLayer | Updating Lights
Fra:1 Mem:15.26M (Peak 15.56M) | Time:00:00.00 | Mem:3.03M, Peak:3.03M | Scene, ViewLayer | Updating Lights | Computing tree
Fra:1 Mem:15.27M (Peak 15.56M) | Time:00:00.00 | Mem:3.04M, Peak:3.04M | Scene, ViewLayer | Updating Integrator
Fra:1 Mem:15.27M (Peak 15.56M) | Time:00:00.00 | Mem:3.04M, Peak:3.04M | Scene, ViewLayer | Updating Film
Fra:1 Mem:15.27M (Peak 15.56M) | Time:00:00.00 | Mem:2.96M, Peak:3.04M | Scene, ViewLayer | Updating Lookup Tables
Fra:1 Mem:15.27M (Peak 15.56M) | Time:00:00.00 | Mem:3.04M, Peak:3.04M | Scene, ViewLayer | Updating Baking
Fra:1 Mem:15.27M (Peak 15.56M) | Time:00:00.00 | Mem:3.04M, Peak:3.04M | Scene, ViewLayer | Updating Device | Writing constant memory
Fra:1 Mem:15.27M (Peak 15.56M) | Time:00:00.00 | Mem:3.04M, Peak:3.04M | Scene, ViewLayer | Sample 0/32
Fra:1 Mem:43.09M (Peak 43.09M) | Time:00:00.33 | Remaining:00:10.11 | Mem:30.87M, Peak:30.87M | Scene, ViewLayer | Sample 1/32
Fra:1 Mem:55.45M (Peak 80.17M) | Time:00:07.74 | Mem:30.87M, Peak:30.87M | Scene, ViewLayer | Sample 32/32
Fra:1 Mem:55.45M (Peak 80.17M) | Time:00:07.74 | Mem:30.87M, Peak:30.87M | Scene, ViewLayer | Finished
Saved: '/root/sidereal_spacetime/output/playwright/planet-reference-20260914/crystal-moons-r005-parity/moon-2-gltf-front-faces-only-matched-angle2.png'
Time: 00:07.80 (Saving: 00:00.05)


Blender quit
