### Result
{"captures":[{"file":"concept","mode":"whole","camera":[-2.75,0.955,0,1,-1,24],"draws":316,"triangles":306802,"activeMeshes":279,"renderMs":2.6999988555908203},{"file":"starboard","mode":"whole","camera":[-0.39,0.955,0,1,-1,24],"draws":316,"triangles":306802,"activeMeshes":279,"renderMs":1.1000003814697266},{"file":"bow","mode":"whole","camera":[-2.12,1.02,0,1,-8,11],"draws":247,"triangles":250930,"activeMeshes":240,"renderMs":3},{"file":"joined","mode":"whole","camera":[-2.9,1.12,-5,1.5,-1,9],"draws":212,"triangles":239002,"activeMeshes":216,"renderMs":0.8000011444091797},{"file":"gameplay","mode":"whole","camera":[-2.34,0.955,0,1,-1,27],"draws":336,"triangles":306802,"activeMeshes":299,"renderMs":1.1000003814697266},{"file":"armor","mode":"armor","camera":[-2.75,0.955,0,1,-1,24],"draws":77,"triangles":16352,"activeMeshes":77,"renderMs":0.7000007629394531},{"file":"bare","mode":"bare","camera":[-2.75,0.955,0,1,-1,24],"draws":311,"triangles":290182,"activeMeshes":274,"renderMs":2.5},{"file":"exploded","mode":"exploded","camera":[-2.75,0.955,0,1,-1,24],"draws":388,"triangles":306534,"activeMeshes":351,"renderMs":2.0999984741210938}],"errors":[],"scope":"Final03 complete native family using exact game construction loader and private qualified fixture. Armor/bare/exploded are explicit inspection modes. No authenticated gameplay or live authority."}
### Ran Playwright code
```js
await (async page => {
  const source='/root/sidereal_spacetime/.runtime/shipyard-completion/armor-geometry-pass-20260914/final-03-review';
  const out='/root/sidereal_spacetime/assets/art-library/framed-wayfarer/r004/browser/final-03';
  await page.goto('about:blank'); await page.unrouteAll({behavior:'ignoreErrors'});
  const errors=[];page.on('pageerror',e=>errors.push(e.message));
  await page.route('**/assets/**',route=>{
    const rel=route.request().url().split('/assets/')[1].split('?')[0];
    if(!/^[\w/.-]+$/.test(rel)||rel.includes('..'))return route.abort();
    return route.fulfill({path:'/root/wayfarer-framed-r001-candidate/assets/runtime/'+rel});
  });
  await page.route('**/__armor-review/**',route=>{
    const rel=route.request().url().split('/__armor-review/')[1].split('?')[0];
    if(!/^[\w/.-]+$/.test(rel)||rel.includes('..'))return route.abort();
    return route.fulfill({path:source+'/'+rel,contentType:rel.endsWith('.html')?'text/html':rel.endsWith('.js')?'application/javascript':'application/json'});
  });
  await page.route('**/__armor-native/**',route=>{
    const rel=route.request().url().split('/__armor-native/')[1].split('?')[0];
    if(!/^[\w/.-]+$/.test(rel)||rel.includes('..'))return route.abort();
    return route.fulfill({path:'/root/sidereal_spacetime/assets/art-library/framed-wayfarer/r004/library-03/'+rel});
  });
  await page.setViewportSize({width:1400,height:950});
  const captures=[];
  for(const mode of ['whole','armor','bare','exploded']){
    await page.goto('https://sidereal.tail7a58a6.ts.net:8445/__armor-review/index.html?mode='+mode);
    await page.waitForFunction(()=>window.review?.ready,undefined,{timeout:60000});
    for(const name of (mode==='whole'?['concept','starboard','bow','joined','gameplay']:['concept'])){
      const metrics=await page.evaluate(name=>window.review.view(name),name);
      const file=mode==='whole'?name:mode;
      await page.screenshot({path:out+'/'+file+'.png',timeout:60000});captures.push({file,...metrics});
    }
  }
  return {captures,errors,scope:'Final03 complete native family using exact game construction loader and private qualified fixture. Armor/bare/exploded are explicit inspection modes. No authenticated gameplay or live authority.'};
}
)(page);
```
### Page
- Page URL: https://sidereal.tail7a58a6.ts.net:8445/__armor-review/index.html?mode=exploded
- Page Title: Wayfarer armor native review
### Events
- New console entries: .playwright-cli/console-2026-09-14T08-06-46-380Z.log#L1-L8
