Blender 4.3.2
Read blend: "/root/sidereal_spacetime/output/playwright/planet-reference-20260914/volcanic-moon-2-r006/kit.blend"
Fra:1 Mem:20.60M (Peak 20.60M) | Time:00:00.00 | Mem:0.00M, Peak:0.00M | Scene, ViewLayer | Synchronizing object | GEO-battered-region-a-exposed-hot-fracture-2
Fra:1 Mem:20.63M (Peak 20.63M) | Time:00:00.00 | Mem:0.00M, Peak:0.00M | Scene, ViewLayer | Synchronizing object | GEO-battered-region-a-exposed-hot-fracture-1
Fra:1 Mem:20.67M (Peak 20.67M) | Time:00:00.00 | Mem:0.00M, Peak:0.00M | Scene, ViewLayer | Synchronizing object | GEO-battered-region-a-exposed-hot-fracture-0
Fra:1 Mem:20.71M (Peak 20.71M) | Time:00:00.00 | Mem:0.00M, Peak:0.00M | Scene, ViewLayer | Synchronizing object | GEO-battered-region-a-fracture-chip-10
Fra:1 Mem:20.72M (Peak 20.72M) | Time:00:00.00 | Mem:0.00M, Peak:0.00M | Scene, ViewLayer | Synchronizing object | GEO-battered-region-a-fracture-chip-9
Fra:1 Mem:20.73M (Peak 20.73M) | Time:00:00.00 | Mem:0.00M, Peak:0.00M | Scene, ViewLayer | Synchronizing object | GEO-battered-region-a-fracture-chip-8
Fra:1 Mem:20.74M (Peak 20.74M) | Time:00:00.00 | Mem:0.00M, Peak:0.00M | Scene, ViewLayer | Synchronizing object | GEO-battered-region-a-fracture-chip-7
Fra:1 Mem:20.75M (Peak 20.75M) | Time:00:00.00 | Mem:0.00M, Peak:0.00M | Scene, ViewLayer | Synchronizing object | GEO-battered-region-a-fracture-chip-6
Fra:1 Mem:20.76M (Peak 20.76M) | Time:00:00.00 | Mem:0.00M, Peak:0.00M | Scene, ViewLayer | Synchronizing object | GEO-battered-region-a-fracture-chip-5
Fra:1 Mem:20.77M (Peak 20.77M) | Time:00:00.00 | Mem:0.00M, Peak:0.00M | Scene, ViewLayer | Synchronizing object | GEO-battered-region-a-fracture-chip-4
Fra:1 Mem:20.78M (Peak 20.78M) | Time:00:00.00 | Mem:0.00M, Peak:0.00M | Scene, ViewLayer | Synchronizing object | GEO-battered-region-a-fracture-chip-3
Fra:1 Mem:20.79M (Peak 20.79M) | Time:00:00.00 | Mem:0.00M, Peak:0.00M | Scene, ViewLayer | Synchronizing object | GEO-battered-region-a-fracture-chip-2
Fra:1 Mem:20.80M (Peak 20.80M) | Time:00:00.00 | Mem:0.00M, Peak:0.00M | Scene, ViewLayer | Synchronizing object | GEO-battered-region-a-fracture-chip-1
Fra:1 Mem:20.81M (Peak 20.81M) | Time:00:00.00 | Mem:0.00M, Peak:0.00M | Scene, ViewLayer | Synchronizing object | GEO-battered-region-a-fracture-chip-0
Fra:1 Mem:20.81M (Peak 20.81M) | Time:00:00.00 | Mem:0.00M, Peak:0.00M | Scene, ViewLayer | Synchronizing object | GEO-battered-region-a-fault-collapsed-cap-b
Fra:1 Mem:20.82M (Peak 20.82M) | Time:00:00.00 | Mem:0.00M, Peak:0.00M | Scene, ViewLayer | Synchronizing object | GEO-battered-region-a-fault-collapsed-cap-a
Fra:1 Mem:20.83M (Peak 20.83M) | Time:00:00.00 | Mem:0.00M, Peak:0.00M | Scene, ViewLayer | Synchronizing object | GEO-battered-region-a-warm-inset-mineral-rise
Fra:1 Mem:20.86M (Peak 20.86M) | Time:00:00.00 | Mem:0.00M, Peak:0.00M | Scene, ViewLayer | Synchronizing object | GEO-battered-region-a-warm-inset-mineral
Fra:1 Mem:20.91M (Peak 20.91M) | Time:00:00.00 | Mem:0.00M, Peak:0.00M | Scene, ViewLayer | Synchronizing object | GEO-battered-region-a-unequal-broken-ledge-7
Fra:1 Mem:20.92M (Peak 20.92M) | Time:00:00.00 | Mem:0.00M, Peak:0.00M | Scene, ViewLayer | Synchronizing object | GEO-battered-region-a-unequal-broken-ledge-6
Fra:1 Mem:20.93M (Peak 20.93M) | Time:00:00.00 | Mem:0.00M, Peak:0.00M | Scene, ViewLayer | Synchronizing object | GEO-battered-region-a-unequal-broken-ledge-5
Fra:1 Mem:20.95M (Peak 20.95M) | Time:00:00.00 | Mem:0.00M, Peak:0.00M | Scene, ViewLayer | Synchronizing object | GEO-battered-region-a-unequal-broken-ledge-4
Fra:1 Mem:20.96M (Peak 20.96M) | Time:00:00.00 | Mem:0.00M, Peak:0.00M | Scene, ViewLayer | Synchronizing object | GEO-battered-region-a-unequal-broken-ledge-3
Fra:1 Mem:20.98M (Peak 20.98M) | Time:00:00.00 | Mem:0.00M, Peak:0.00M | Scene, ViewLayer | Synchronizing object | GEO-battered-region-a-unequal-broken-ledge-2
Fra:1 Mem:21.00M (Peak 21.00M) | Time:00:00.00 | Mem:0.00M, Peak:0.00M | Scene, ViewLayer | Synchronizing object | GEO-battered-region-a-unequal-broken-ledge-1
Fra:1 Mem:21.01M (Peak 21.01M) | Time:00:00.00 | Mem:0.00M, Peak:0.00M | Scene, ViewLayer | Synchronizing object | GEO-battered-region-a-unequal-broken-ledge-0
Fra:1 Mem:21.04M (Peak 21.04M) | Time:00:00.00 | Mem:0.00M, Peak:0.00M | Scene, ViewLayer | Synchronizing object | GEO-battered-region-a-embedded-medium-pit
Fra:1 Mem:21.14M (Peak 21.14M) | Time:00:00.00 | Mem:0.00M, Peak:0.00M | Scene, ViewLayer | Synchronizing object | GEO-battered-region-a-directional-crust-3
Fra:1 Mem:21.22M (Peak 21.22M) | Time:00:00.00 | Mem:0.00M, Peak:0.00M | Scene, ViewLayer | Synchronizing object | GEO-battered-region-a-directional-crust-2
Fra:1 Mem:21.32M (Peak 21.32M) | Time:00:00.00 | Mem:0.00M, Peak:0.00M | Scene, ViewLayer | Synchronizing object | GEO-battered-region-a-directional-crust-1
Fra:1 Mem:21.42M (Peak 21.42M) | Time:00:00.00 | Mem:0.00M, Peak:0.00M | Scene, ViewLayer | Synchronizing object | GEO-battered-region-a-directional-crust-0
Fra:1 Mem:21.52M (Peak 21.52M) | Time:00:00.00 | Mem:0.00M, Peak:0.00M | Scene, ViewLayer | Synchronizing object | GEO-battered-region-a
Fra:1 Mem:22.21M (Peak 22.21M) | Time:00:00.00 | Mem:0.00M, Peak:0.00M | Scene, ViewLayer | Initializing
Fra:1 Mem:22.08M (Peak 22.21M) | Time:00:00.00 | Mem:0.00M, Peak:0.00M | Scene, ViewLayer | Updating Images | Loading Rocky10-roughness-5
Fra:1 Mem:22.34M (Peak 22.34M) | Time:00:00.00 | Mem:0.25M, Peak:0.25M | Scene, ViewLayer | Updating Images | Loading Rocky10-albedo-5
Fra:1 Mem:22.59M (Peak 22.59M) | Time:00:00.00 | Mem:0.50M, Peak:0.50M | Scene, ViewLayer | Updating Images | Loading Rocky10-roughness-4
Fra:1 Mem:22.84M (Peak 22.84M) | Time:00:00.00 | Mem:0.75M, Peak:0.75M | Scene, ViewLayer | Updating Images | Loading Rocky10-albedo-4
Fra:1 Mem:23.09M (Peak 23.09M) | Time:00:00.01 | Mem:1.00M, Peak:1.00M | Scene, ViewLayer | Updating Images | Loading Rocky10-roughness-3
Fra:1 Mem:23.34M (Peak 23.34M) | Time:00:00.01 | Mem:1.25M, Peak:1.25M | Scene, ViewLayer | Updating Images | Loading Rocky10-albedo-3
Fra:1 Mem:23.59M (Peak 23.59M) | Time:00:00.01 | Mem:1.50M, Peak:1.50M | Scene, ViewLayer | Updating Images | Loading Rocky10-roughness-2
Fra:1 Mem:23.84M (Peak 23.84M) | Time:00:00.01 | Mem:1.75M, Peak:1.75M | Scene, ViewLayer | Updating Images | Loading Rocky10-albedo-2
Fra:1 Mem:24.09M (Peak 24.09M) | Time:00:00.01 | Mem:2.00M, Peak:2.00M | Scene, ViewLayer | Updating Images | Loading Rocky10-roughness-1
Fra:1 Mem:24.34M (Peak 24.34M) | Time:00:00.01 | Mem:2.25M, Peak:2.25M | Scene, ViewLayer | Updating Images | Loading Rocky10-albedo-1
Fra:1 Mem:24.59M (Peak 24.59M) | Time:00:00.01 | Mem:2.50M, Peak:2.50M | Scene, ViewLayer | Updating Images | Loading Rocky10-roughness-0
Fra:1 Mem:24.84M (Peak 24.84M) | Time:00:00.01 | Mem:2.75M, Peak:2.75M | Scene, ViewLayer | Updating Images | Loading Rocky10-albedo-0
Fra:1 Mem:23.66M (Peak 24.84M) | Time:00:00.07 | Mem:3.00M, Peak:3.00M | Scene, ViewLayer | Waiting for render to start
Fra:1 Mem:23.66M (Peak 24.84M) | Time:00:00.07 | Mem:3.00M, Peak:3.00M | Scene, ViewLayer | Loading render kernels (may take a few minutes the first time)
Fra:1 Mem:23.66M (Peak 24.84M) | Time:00:00.07 | Mem:3.00M, Peak:3.00M | Scene, ViewLayer | Updating Scene
Fra:1 Mem:23.66M (Peak 24.84M) | Time:00:00.07 | Mem:3.00M, Peak:3.00M | Scene, ViewLayer | Updating Shaders
Fra:1 Mem:23.75M (Peak 24.84M) | Time:00:00.07 | Mem:3.01M, Peak:3.01M | Scene, ViewLayer | Updating Procedurals
Fra:1 Mem:23.75M (Peak 24.84M) | Time:00:00.07 | Mem:3.01M, Peak:3.01M | Scene, ViewLayer | Updating Background
Fra:1 Mem:23.75M (Peak 24.84M) | Time:00:00.07 | Mem:3.01M, Peak:3.01M | Scene, ViewLayer | Updating Camera
Fra:1 Mem:23.75M (Peak 24.84M) | Time:00:00.07 | Mem:3.01M, Peak:3.01M | Scene, ViewLayer | Updating Meshes Flags
Fra:1 Mem:23.75M (Peak 24.84M) | Time:00:00.07 | Mem:3.01M, Peak:3.01M | Scene, ViewLayer | Updating Objects
Fra:1 Mem:23.75M (Peak 24.84M) | Time:00:00.07 | Mem:3.01M, Peak:3.01M | Scene, ViewLayer | Updating Objects | Copying Transformations to device
Fra:1 Mem:23.76M (Peak 24.84M) | Time:00:00.07 | Mem:3.01M, Peak:3.01M | Scene, ViewLayer | Updating Objects | Applying Static Transformations
Fra:1 Mem:23.76M (Peak 24.84M) | Time:00:00.07 | Mem:3.01M, Peak:3.01M | Scene, ViewLayer | Updating Particle Systems
Fra:1 Mem:23.76M (Peak 24.84M) | Time:00:00.07 | Mem:3.01M, Peak:3.01M | Scene, ViewLayer | Updating Particle Systems | Copying Particles to device
Fra:1 Mem:23.76M (Peak 24.84M) | Time:00:00.07 | Mem:3.01M, Peak:3.01M | Scene, ViewLayer | Updating Meshes
Fra:1 Mem:23.98M (Peak 24.84M) | Time:00:00.07 | Mem:3.01M, Peak:3.01M | Scene, ViewLayer | Updating Mesh | Computing attributes
Fra:1 Mem:24.42M (Peak 24.84M) | Time:00:00.07 | Mem:3.02M, Peak:3.02M | Scene, ViewLayer | Updating Mesh | Copying Attributes to device
Fra:1 Mem:24.41M (Peak 24.84M) | Time:00:00.07 | Mem:3.44M, Peak:3.44M | Scene, ViewLayer | Updating Scene BVH | Building
Fra:1 Mem:24.41M (Peak 24.84M) | Time:00:00.07 | Mem:3.44M, Peak:3.44M | Scene, ViewLayer | Updating Scene BVH | Building BVH
Fra:1 Mem:24.41M (Peak 24.84M) | Time:00:00.07 | Mem:3.90M, Peak:3.90M | Scene, ViewLayer | Updating Scene BVH | Building BVH 0%
Fra:1 Mem:24.41M (Peak 24.84M) | Time:00:00.07 | Mem:4.44M, Peak:4.90M | Scene, ViewLayer | Updating Scene BVH | Copying BVH to device
Fra:1 Mem:24.41M (Peak 24.84M) | Time:00:00.07 | Mem:4.44M, Peak:4.90M | Scene, ViewLayer | Updating Mesh | Computing normals
Fra:1 Mem:24.93M (Peak 24.93M) | Time:00:00.07 | Mem:4.44M, Peak:4.90M | Scene, ViewLayer | Updating Mesh | Copying Mesh to device
Fra:1 Mem:24.93M (Peak 24.93M) | Time:00:00.07 | Mem:4.95M, Peak:4.95M | Scene, ViewLayer | Updating Objects Flags
Fra:1 Mem:24.93M (Peak 24.93M) | Time:00:00.07 | Mem:4.95M, Peak:4.95M | Scene, ViewLayer | Updating Primitive Offsets
Fra:1 Mem:24.93M (Peak 24.93M) | Time:00:00.07 | Mem:4.96M, Peak:4.96M | Scene, ViewLayer | Updating Images
Fra:1 Mem:24.93M (Peak 24.93M) | Time:00:00.07 | Mem:4.96M, Peak:4.96M | Scene, ViewLayer | Updating Camera Volume
Fra:1 Mem:24.93M (Peak 24.93M) | Time:00:00.07 | Mem:4.96M, Peak:4.96M | Scene, ViewLayer | Updating Lookup Tables
Fra:1 Mem:24.93M (Peak 24.93M) | Time:00:00.07 | Mem:5.04M, Peak:5.04M | Scene, ViewLayer | Updating Lights
Fra:1 Mem:24.93M (Peak 24.93M) | Time:00:00.07 | Mem:5.04M, Peak:5.04M | Scene, ViewLayer | Updating Lights | Computing tree
Fra:1 Mem:25.29M (Peak 26.75M) | Time:00:00.07 | Mem:5.40M, Peak:5.40M | Scene, ViewLayer | Updating Integrator
Fra:1 Mem:25.29M (Peak 26.75M) | Time:00:00.07 | Mem:5.40M, Peak:5.40M | Scene, ViewLayer | Updating Film
Fra:1 Mem:25.30M (Peak 26.75M) | Time:00:00.07 | Mem:5.32M, Peak:5.40M | Scene, ViewLayer | Updating Lookup Tables
Fra:1 Mem:25.30M (Peak 26.75M) | Time:00:00.07 | Mem:5.41M, Peak:5.41M | Scene, ViewLayer | Updating Baking
Fra:1 Mem:25.30M (Peak 26.75M) | Time:00:00.07 | Mem:5.41M, Peak:5.41M | Scene, ViewLayer | Updating Device | Writing constant memory
Fra:1 Mem:25.30M (Peak 26.75M) | Time:00:00.07 | Mem:5.41M, Peak:5.41M | Scene, ViewLayer | Sample 0/32
Fra:1 Mem:39.81M (Peak 39.81M) | Time:00:00.37 | Remaining:00:09.19 | Mem:19.93M, Peak:19.93M | Scene, ViewLayer | Sample 1/32
Fra:1 Mem:46.26M (Peak 59.15M) | Time:00:08.43 | Mem:19.93M, Peak:19.93M | Scene, ViewLayer | Sample 32/32
Fra:1 Mem:46.26M (Peak 59.15M) | Time:00:08.43 | Mem:19.93M, Peak:19.93M | Scene, ViewLayer | Finished
Saved: '/root/sidereal_spacetime/output/playwright/planet-reference-20260914/volcanic-moon-2-r006/native-a-shoulders-preview.png'
Time: 00:08.64 (Saving: 00:00.20)


Blender quit
