
 RUN  v4.1.11 /root/sidereal_spacetime/.runtime/worktrees/yellow-star-system

stdout | packages/render/src/scene-coordinate-context.test.ts > preserves main-world matrix uploads after a nested portrait render
BJS - [18:16:11]: Babylon.js v9.25.0 - Null engine

 ❯ packages/render/src/scene-coordinate-context.test.ts (1 test | 1 failed) 16ms
   × preserves main-world matrix uploads after a nested portrait render 16ms

⎯⎯⎯⎯⎯⎯⎯ Failed Tests 1 ⎯⎯⎯⎯⎯⎯⎯

 FAIL  packages/render/src/scene-coordinate-context.test.ts > preserves main-world matrix uploads after a nested portrait render
AssertionError: expected undefined to be Scene{ …(258) } // Object.is equality

- Expected:
Scene {
  "_activeAnimatables": [],
  "_activeBones": PerfCounter {
    "_average": 0,
    "_current": 0,
    "_hasCurrentValue": true,
    "_hasResult": true,
    "_lastSecAccumulated": 0,
    "_lastSecAverage": 0,
    "_lastSecTime": 1789460171152,
    "_lastSecValueCount": 0,
    "_max": 0,
    "_min": 0,
    "_startMonitoringTime": 0,
    "_totalAccumulated": 0,
    "_totalValueCount": 1,
  },
  "_activeCamera": null,
  "_activeCameras": null,
  "_activeIndices": PerfCounter {
    "_average": 0,
    "_current": 0,
    "_hasCurrentValue": true,
    "_hasResult": true,
    "_lastSecAccumulated": 0,
    "_lastSecAverage": 0,
    "_lastSecTime": 1789460171152,
    "_lastSecValueCount": 0,
    "_max": 0,
    "_min": 0,
    "_startMonitoringTime": 0,
    "_totalAccumulated": 0,
    "_totalValueCount": 1,
  },
  "_activeMeshes": SmartArray {
    "_id": 2,
    "data": [],
    "length": 0,
  },
  "_activeMeshesFrozen": false,
  "_activeMeshesFrozenButKeepClipping": false,
  "_activeParticleSystems": SmartArray {
    "_id": 6,
    "data": [],
    "length": 0,
  },
  "_activeParticles": PerfCounter {
    "_average": 0,
    "_current": 0,
    "_hasCurrentValue": true,
    "_hasResult": true,
    "_lastSecAccumulated": 0,
    "_lastSecAverage": 0,
    "_lastSecTime": 1789460171152,
    "_lastSecValueCount": 0,
    "_max": 0,
    "_min": 0,
    "_startMonitoringTime": 0,
    "_totalAccumulated": 0,
    "_totalValueCount": 1,
  },
  "_activeRequests": [],
  "_activeSkeletons": SmartArrayNoDuplicate {
    "_duplicateId": 2,
    "_id": 7,
    "data": [],
    "length": 0,
  },
  "_afterCameraDrawStage": Stage {
    "length": 0,
  },
  "_afterCameraPostProcessStage": Stage {},
  "_afterRenderStage": Stage {
    "length": 0,
  },
  "_afterRenderTargetDrawStage": Stage {
    "length": 0,
  },
  "_afterRenderTargetPostProcessStage": Stage {},
  "_afterRenderingGroupDrawStage": Stage {
    "length": 0,
  },
  "_afterRenderingMeshStage": Stage {
    "length": 0,
  },
  "_allowPostProcessClearColor": true,
  "_animationPropertiesOverride": null,
  "_animationRatio": 0.06,
  "_animationTime": 0,
  "_animationTimeLast": 1789460171150,
  "_beforeCameraDrawStage": Stage {
    "length": 0,
  },
  "_beforeCameraUpdateStage": Stage {
    "length": 0,
  },
  "_beforeClearStage": Stage {
    "length": 0,
  },
  "_beforeEvaluateActiveMeshStage": Stage {
    "length": 0,
  },
  "_beforeRenderTargetClearStage": Stage {},
  "_beforeRenderTargetDrawStage": Stage {
    "length": 0,
  },
  "_beforeRenderingGroupDrawStage": Stage {
    "length": 0,
  },
  "_beforeRenderingMeshStage": Stage {
    "length": 0,
  },
  "_blockEntityCollection": false,
  "_blockMaterialDirtyMechanism": false,
  "_cachedEffect": null,
  "_cachedMaterial": null,
  "_cachedVisibility": null,
  "_cameraDrawRenderTargetStage": Stage {
    "length": 0,
  },
  "_clearColor": Color4 {
    "a": 1,
    "b": 0.3,
    "g": 0.2,
    "r": 0.2,
  },
  "_components": [],
  "_currentInternalStep": 0,
  "_currentStepId": 0,
  "_defaultFrameBufferCleared": true,
  "_defaultMeshCandidates": {
    "data": [],
    "length": 0,
  },
  "_defaultSubMeshCandidates": {
    "data": [],
    "length": 0,
  },
  "_delayedFileRequests": null,
  "_engine": NullEngine {
    "_activeChannel": 0,
    "_activeRenderLoops": [],
    "_activeRequests": [],
    "_alphaEquation": [
      -1,
      -1,
      -1,
      -1,
      -1,
      -1,
      -1,
      -1,
    ],
    "_alphaMode": [
      -1,
      -1,
      -1,
      -1,
      -1,
      -1,
      -1,
      -1,
    ],
    "_alphaState": AlphaState {
      "_alphaBlend": [
        false,
        false,
        false,
        false,
        false,
        false,
        false,
        false,
      ],
      "_blendConstants": [
        null,
        null,
        null,
        null,
      ],
      "_blendEquationParameters": [
        null,
        null,
        null,
        null,
        null,
        null,
        null,
        null,
        null,
        null,
        null,
        null,
        null,
        null,
        null,
        null,
      ],
      "_blendFunctionParameters": [
        null,
        null,
        null,
        null,
        null,
        null,
        null,
        null,
        null,
        null,
        null,
        null,
        null,
        null,
        null,
        null,
        null,
        null,
        null,
        null,
        null,
        null,
        null,
        null,
        null,
        null,
        null,
        null,
        null,
        null,
        null,
        null,
      ],
      "_isAlphaBlendDirty": true,
      "_isBlendConstantsDirty": false,
      "_isBlendEquationParametersDirty": false,
      "_isBlendFunctionParametersDirty": false,
      "_numTargetEnabled": 0,
      "_supportBlendParametersPerTarget": false,
    },
    "_audioContext": null,
    "_audioDestination": null,
    "_badDesktopOS": false,
    "_badOS": false,
    "_boundRenderFunction": null,
    "_boundTexturesCache": {},
    "_boundUniforms": {},
    "_cachedEffectForVertexBuffers": null,
    "_cachedIndexBuffer": null,
    "_cachedVertexBuffers": null,
    "_cachedViewport": Viewport {
      "height": 1,
      "width": 1,
      "x": 0,
      "y": 0,
    },
    "_caps": {
      "astc": null,
      "blendFloat": false,
      "blendMinMax": false,
      "blendParametersPerTarget": false,
      "bptc": null,
      "canUseGLInstanceID": false,
      "canUseGLVertexID": false,
      "canUseTimestampForTimerQuery": false,
      "colorBufferFloat": false,
      "depthTextureExtension": false,
      "disableMorphTargetTexture": false,
      "drawBuffersExtension": false,
      "dualSourceBlending": false,
      "etc1": null,
      "etc2": null,
      "fragmentDepthSupported": false,
      "highPrecisionShaderSupported": true,
      "instancedArrays": false,
      "maxAnisotropy": 0,
      "maxCombinedTexturesImageUnits": 32,
      "maxCubemapTextureSize": 512,
      "maxDrawBuffers": 0,
      "maxFragmentUniformVectors": 16,
      "maxMSAASamples": 1,
      "maxRenderTextureSize": 512,
      "maxTextureSize": 512,
      "maxTexturesImageUnits": 16,
      "maxVaryingVectors": 16,
      "maxVertexAttribs": 16,
      "maxVertexTextureImageUnits": 16,
      "maxVertexUniformVectors": 16,
      "pvrtc": null,
      "rg11b10ufColorRenderable": false,
      "shaderFloatPrecision": 10,
      "standardDerivatives": false,
      "supportComputeShaders": false,
      "supportFloatTexturesResolve": false,
      "supportOcclusionQuery": false,
      "supportReadWriteStorageTextures": false,
      "supportSRGBBuffers": false,
      "supportTransformFeedbacks": false,
      "texelFetch": false,
      "texture2DArrayMaxLayerCount": 128,
      "textureFloat": false,
      "textureFloatLinearFiltering": false,
      "textureFloatRender": false,
      "textureHalfFloat": false,
      "textureHalfFloatLinearFiltering": false,
      "textureHalfFloatRender": false,
      "textureLOD": false,
      "textureMaxLevel": false,
      "textureNorm16": false,
      "uintIndices": false,
      "vertexArrayObject": false,
    },
    "_colorWrite": true,
    "_colorWriteChanged": true,
    "_compatibilityMode": true,
    "_compiledEffects": {},
    "_contextWasLost": false,
    "_creationOptions": {
      "antialias": undefined,
      "deterministicLockstep": false,
      "lockstepMaxSteps": 4,
      "stencil": true,
      "timeStep": 0.016666666666666666,
    },
    "_currentBoundBuffer": [],
    "_currentBufferPointers": [],
    "_currentEffect": null,
    "_currentFramebuffer": null,
    "_currentInstanceBuffers": [],
    "_currentInstanceLocations": [],
    "_currentProgram": null,
    "_currentRenderTarget": null,
    "_currentTextureChannel": -1,
    "_deltaTime": 0,
    "_depthCullingState": DepthCullingState {
      "_cull": null,
      "_cullFace": null,
      "_depthFunc": null,
      "_depthMask": true,
      "_depthTest": true,
      "_frontFace": null,
      "_isCullDirty": false,
      "_isCullFaceDirty": false,
      "_isDepthFuncDirty": false,
      "_isDepthMaskDirty": true,
      "_isDepthTestDirty": true,
      "_isFrontFaceDirty": false,
      "_isZOffsetDirty": true,
      "_zOffset": 0,
      "_zOffsetUnits": 0,
    },
    "_deterministicLockstep": false,
    "_doNotHandleContextLost": false,
    "_drawCalls": PerfCounter {
      "_average": 0,
      "_current": 0,
      "_hasCurrentValue": false,
      "_hasResult": false,
      "_lastSecAccumulated": 0,
      "_lastSecAverage": 0,
      "_lastSecTime": 0,
      "_lastSecValueCount": 0,
      "_max": 0,
      "_min": 0,
      "_startMonitoringTime": 0,
      "_totalAccumulated": 0,
      "_totalValueCount": 0,
    },
    "_dummyFramebuffer": null,
    "_enableGPUDebugMarkers": false,
    "_features": {
      "_checkNonFloatVertexBuffersDontRecreatePipelineContext": false,
      "allowTexturePrefiltering": false,
      "basisNeedsPOT": false,
      "checkUbosContentBeforeUpload": false,
      "forceBitmapOverHTMLImageElement": false,
      "forceVertexBufferStrideAndOffsetMultiple4Bytes": false,
      "needShaderCodeInlining": false,
      "needToAlwaysBindUniformBuffers": false,
      "needTypeSuffixInShaderConstants": false,
      "needsInvertingBitmap": false,
      "support3DTextures": false,
      "supportCSM": false,
      "supportDepthStencilTexture": false,
      "supportExtendedTextureFormats": false,
      "supportIBLShadows": false,
      "supportMSAA": false,
      "supportRenderAndCopyToLodForFloatTextures": false,
      "supportRenderPasses": true,
      "supportSSAO2": false,
      "supportShadowSamplers": false,
      "supportSpriteInstancing": false,
      "supportSwitchCaseInShader": false,
      "supportSyncTextureRead": false,
      "trackUbosInFrame": false,
      "uniformBufferHardCheckMatrix": false,
      "useUBOBindingCache": false,
    },
    "_fps": 60,
    "_frameHandler": 0,
    "_frameId": 0,
    "_hardwareScalingLevel": 1,
    "_highPrecisionShadersAllowed": true,
    "_internalTexturesCache": [],
    "_isDisposed": true,
    "_isStencilEnable": true,
    "_isWebGPU": false,
    "_lastDevicePixelRatio": 1,
    "_lastFrameTime": 0,
    "_lockstepMaxSteps": 4,
    "_maxMSAASamplesOverride": null,
    "_maxSimultaneousTextures": 0,
    "_mustWipeVertexAttributes": false,
    "_name": "WebGL",
    "_nextFreeTextureSlots": [],
    "_options": {
      "deterministicLockstep": false,
      "lockstepMaxSteps": 4,
      "renderHeight": 100,
      "renderWidth": 100,
      "textureSize": 64,
      "useHighPrecisionMatrix": true,
    },
    "_performanceMonitor": PerformanceMonitor {
      "_enabled": true,
      "_rollingFrameTime": RollingAverage {
        "_m2": 0,
        "_pos": 0,
        "_sampleCount": 0,
        "_samples": [
          undefined,
          undefined,
          undefined,
          undefined,
          undefined,
          undefined,
          undefined,
          undefined,
          undefined,
          undefined,
          undefined,
          undefined,
          undefined,
          undefined,
          undefined,
          undefined,
          undefined,
          undefined,
          undefined,
          undefined,
          undefined,
          undefined,
          undefined,
          undefined,
          undefined,
          undefined,
          undefined,
          undefined,
          undefined,
          undefined,
        ],
        "average": 0,
        "variance": 0,
      },
    },
    "_renderAccumulator": 0,
    "_renderPassNames": [
      "main",
      undefined,
      undefined,
    ],
    "_renderTargetWrapperCache": [],
    "_renderingCanvas": null,
    "_stencilState": StencilState {
      "backFunc": 519,
      "backOpDepthFail": 7680,
      "backOpStencilDepthPass": 7681,
      "backOpStencilFail": 7680,
      "enabled": false,
      "func": 519,
      "funcMask": 255,
      "funcRef": 1,
      "mask": 255,
      "opDepthFail": 7680,
      "opStencilDepthPass": 7681,
      "opStencilFail": 7680,
    },
    "_stencilStateComposer": StencilStateComposer {
      "_isStencilFuncDirty": true,
      "_isStencilMaskDirty": true,
      "_isStencilOpDirty": true,
      "_isStencilTestDirty": true,
      "stencilGlobal": StencilState {
        "backFunc": 519,
        "backOpDepthFail": 7680,
        "backOpStencilDepthPass": 7681,
        "backOpStencilFail": 7680,
        "enabled": false,
        "func": 519,
        "funcMask": 255,
        "funcRef": 1,
        "mask": 255,
        "opDepthFail": 7680,
        "opStencilDepthPass": 7681,
        "opStencilFail": 7680,
      },
      "stencilMaterial": undefined,
      "useStencilGlobalOnly": false,
    },
    "_storageBuffers": [],
    "_timeStep": 0.016666666666666666,
    "_transformTextureUrl": null,
    "_uintIndicesCurrentlySet": false,
    "_uniformBuffers": [],
    "_unpackFlipYCached": null,
    "_useReverseDepthBuffer": false,
    "_vaoRecordInProgress": false,
    "_vertexAttribArraysEnabled": [],
    "_viewportCached": {
      "w": 0,
      "x": 0,
      "y": 0,
      "z": 0,
    },
    "_virtualScenes": [],
    "_webGLVersion": 1,
    "_windowIsBackground": false,
    "_workingCanvas": null,
    "_workingContext": null,
    "adaptToDeviceRatio": false,
    "canvasTabIndex": 1,
    "cullBackFaces": null,
    "currentRenderPassId": 1,
    "customAnimationFrameRequester": null,
    "disableContextMenu": true,
    "disableManifestCheck": false,
    "disablePerformanceMonitorInBackground": false,
    "disableUniformBuffers": false,
    "disableVertexArrayObjects": false,
    "enableOfflineSupport": false,
    "enableUnpackFlipYCached": true,
    "forcePOTTextures": false,
    "hasOriginBottomLeft": true,
    "hostInformation": {
      "isMobile": false,
    },
    "isFullscreen": false,
    "isNDCHalfZRange": false,
    "isPointerLock": false,
    "onAfterShaderCompilationObservable": Observable {
      "_eventState": EventState {
        "currentTarget": undefined,
        "mask": 0,
        "skipNextObservers": false,
        "target": undefined,
      },
      "_hasNotified": false,
      "_numObserversMarkedAsDeleted": 0,
      "_observers": [],
      "notifyIfTriggered": false,
    },
    "onBeforeShaderCompilationObservable": Observable {
      "_eventState": EventState {
        "currentTarget": undefined,
        "mask": 0,
        "skipNextObservers": false,
        "target": undefined,
      },
      "_hasNotified": false,
      "_numObserversMarkedAsDeleted": 0,
      "_observers": [],
      "notifyIfTriggered": false,
    },
    "onBeforeTextureInitObservable": Observable {
      "_eventState": EventState {
        "currentTarget": undefined,
        "mask": 0,
        "skipNextObservers": false,
        "target": undefined,
      },
      "_hasNotified": false,
      "_lastNotifiedValue": undefined,
      "_numObserversMarkedAsDeleted": 0,
      "_observers": [],
      "_onObserverAdded": null,
      "notifyIfTriggered": false,
    },
    "onBeginFrameObservable": Observable {
      "_eventState": EventState {
        "currentTarget": undefined,
        "mask": 0,
        "skipNextObservers": false,
        "target": undefined,
      },
      "_hasNotified": false,
      "_lastNotifiedValue": undefined,
      "_numObserversMarkedAsDeleted": 0,
      "_observers": [],
      "_onObserverAdded": null,
      "notifyIfTriggered": false,
    },
    "onCanvasBlurObservable": Observable {
      "_eventState": EventState {
        "currentTarget": undefined,
        "mask": 0,
        "skipNextObservers": false,
        "target": undefined,
      },
      "_hasNotified": false,
      "_lastNotifiedValue": undefined,
      "_numObserversMarkedAsDeleted": 0,
      "_observers": [],
      "_onObserverAdded": null,
      "notifyIfTriggered": false,
    },
    "onCanvasFocusObservable": Observable {
      "_eventState": EventState {
        "currentTarget": undefined,
        "mask": 0,
        "skipNextObservers": false,
        "target": undefined,
      },
      "_hasNotified": false,
      "_lastNotifiedValue": undefined,
      "_numObserversMarkedAsDeleted": 0,
      "_observers": [],
      "_onObserverAdded": null,
      "notifyIfTriggered": false,
    },
    "onCanvasPointerOutObservable": Observable {
      "_eventState": EventState {
        "currentTarget": undefined,
        "mask": 0,
        "skipNextObservers": false,
        "target": undefined,
      },
      "_hasNotified": false,
      "_lastNotifiedValue": undefined,
      "_numObserversMarkedAsDeleted": 0,
      "_observers": [],
      "_onObserverAdded": null,
      "notifyIfTriggered": false,
    },
    "onContextLostObservable": Observable {
      "_eventState": EventState {
        "currentTarget": undefined,
        "mask": 0,
        "skipNextObservers": false,
        "target": undefined,
      },
      "_hasNotified": false,
      "_numObserversMarkedAsDeleted": 0,
      "_observers": [],
      "notifyIfTriggered": false,
    },
    "onContextRestoredObservable": Observable {
      "_eventState": EventState {
        "currentTarget": undefined,
        "mask": 0,
        "skipNextObservers": false,
        "target": undefined,
      },
      "_hasNotified": false,
      "_numObserversMarkedAsDeleted": 0,
      "_observers": [],
      "notifyIfTriggered": false,
    },
    "onDisposeObservable": Observable {
      "_eventState": EventState {
        "currentTarget": undefined,
        "mask": 0,
        "skipNextObservers": false,
        "target": undefined,
      },
      "_hasNotified": false,
      "_lastNotifiedValue": undefined,
      "_numObserversMarkedAsDeleted": 0,
      "_observers": [],
      "_onObserverAdded": null,
      "notifyIfTriggered": false,
    },
    "onEffectErrorObservable": Observable {
      "_eventState": EventState {
        "currentTarget": undefined,
        "mask": 0,
        "skipNextObservers": false,
        "target": undefined,
      },
      "_hasNotified": false,
      "_lastNotifiedValue": undefined,
      "_numObserversMarkedAsDeleted": 0,
      "_observers": [],
      "_onObserverAdded": null,
      "notifyIfTriggered": false,
    },
    "onEndFrameObservable": Observable {
      "_eventState": EventState {
        "currentTarget": undefined,
        "mask": 0,
        "skipNextObservers": false,
        "target": undefined,
      },
      "_hasNotified": false,
      "_lastNotifiedValue": undefined,
      "_numObserversMarkedAsDeleted": 0,
      "_observers": [],
      "_onObserverAdded": null,
      "notifyIfTriggered": false,
    },
    "onNewSceneAddedObservable": Observable {
      "_eventState": EventState {
        "currentTarget": undefined,
        "mask": 0,
        "skipNextObservers": false,
        "target": undefined,
      },
      "_hasNotified": false,
      "_lastNotifiedValue": undefined,
      "_numObserversMarkedAsDeleted": 0,
      "_observers": [],
      "_onObserverAdded": null,
      "notifyIfTriggered": false,
    },
    "onReleaseEffectsObservable": Observable {
      "_eventState": EventState {
        "currentTarget": undefined,
        "mask": 0,
        "skipNextObservers": false,
        "target": undefined,
      },
      "_hasNotified": false,
      "_numObserversMarkedAsDeleted": 0,
      "_observers": [],
      "notifyIfTriggered": false,
    },
    "onResizeObservable": Observable {
      "_eventState": EventState {
        "currentTarget": undefined,
        "mask": 0,
        "skipNextObservers": false,
        "target": undefined,
      },
      "_hasNotified": false,
      "_lastNotifiedValue": undefined,
      "_numObserversMarkedAsDeleted": 0,
      "_observers": [],
      "_onObserverAdded": null,
      "notifyIfTriggered": false,
    },
    "postProcesses": [],
    "premultipliedAlpha": true,
    "preventCacheWipeBetweenFrames": false,
    "renderEvenInBackground": true,
    "scenes": [],
    "skipFrameRender": false,
    "startTime": 1789460171147,
    "useExactSrgbConversions": false,
    "validateShaderPrograms": false,
  },
  "_environmentTexture": null,
  "_evaluateSubMeshStage": Stage {
    "length": 0,
  },
  "_executeWhenReadyTimeoutId": null,
  "_floatingOriginScene": undefined,
  "_fogEnabled": true,
  "_fogMode": 0,
  "_forcePointsCloud": false,
  "_forceWireframe": false,
  "_frameGraph": null,
  "_frameId": 1,
  "_freezeActiveMeshesCancel": null,
  "_frustumPlanes": [
    Plane {
      "d": 202.71403530714943,
      "normal": Vector3 {
        "_isDirty": true,
        "_x": 0,
        "_y": -0.9356017112731934,
        "_z": 0.3530572727797461,
      },
    },
    Plane {
      "d": 9796.28596469046,
      "normal": Vector3 {
        "_isDirty": true,
        "_x": 0,
        "_y": 0.9356017112731967,
        "_z": -0.3530572727797374,
      },
    },
    Plane {
      "d": -22751748.28923877,
      "normal": Vector3 {
        "_isDirty": true,
        "_x": 0.921060994002885,
        "_y": -0.3643404674651437,
        "_z": 0.13748697790590178,
      },
    },
    Plane {
      "d": 22751906.94920264,
      "normal": Vector3 {
        "_isDirty": true,
        "_x": -0.921060994002885,
        "_y": -0.3643404674651437,
        "_z": 0.13748697790590178,
      },
    },
    Plane {
      "d": 51.68906858587016,
      "normal": Vector3 {
        "_isDirty": true,
        "_x": 0,
        "_y": -0.6895277500716043,
        "_z": -0.7242592642701862,
      },
    },
    Plane {
      "d": 106.97089528276192,
      "normal": Vector3 {
        "_isDirty": true,
        "_x": 0,
        "_y": -0.03915318485868301,
        "_z": 0.9992332200819896,
      },
    },
  ],
  "_gatherActiveCameraRenderTargetsStage": Stage {
    "length": 0,
  },
  "_gatherRenderTargetsStage": Stage {
    "length": 0,
  },
  "_geometriesByUniqueId": {},
  "_getFloatingOriginScene": [Function anonymous],
  "_imageProcessingConfiguration": ImageProcessingConfiguration {
    "_applyByPostProcess": false,
    "_colorCurvesEnabled": false,
    "_colorGradingBGR": true,
    "_colorGradingEnabled": false,
    "_colorGradingTexture": undefined,
    "_colorGradingWithGreenDepth": true,
    "_contrast": 1,
    "_ditheringEnabled": false,
    "_ditheringIntensity": 0.00392156862745098,
    "_exposure": 1,
    "_isEnabled": true,
    "_skipFinalColorClamp": false,
    "_temperature": 6500,
    "_tint": 0,
    "_toneMappingEnabled": false,
    "_toneMappingType": 0,
    "_vignetteBlendMode": 0,
    "_vignetteEnabled": false,
    "_whiteBalanceEnabled": false,
    "_whiteBalanceMatrix": null,
    "_whiteBalanceMatrixTemperature": null,
    "_whiteBalanceMatrixTint": null,
    "colorCurves": ColorCurves {
      "_dirty": true,
      "_globalCurve": Color4 {
        "a": 0,
        "b": 0,
        "g": 0,
        "r": 0,
      },
      "_globalDensity": 0,
      "_globalExposure": 0,
      "_globalHue": 30,
      "_globalSaturation": 0,
      "_highlightsCurve": Color4 {
        "a": 0,
        "b": 0,
        "g": 0,
        "r": 0,
      },
      "_highlightsDensity": 0,
      "_highlightsExposure": 0,
      "_highlightsHue": 30,
      "_highlightsSaturation": 0,
      "_midtonesCurve": Color4 {
        "a": 0,
        "b": 0,
        "g": 0,
        "r": 0,
      },
      "_midtonesDensity": 0,
      "_midtonesExposure": 0,
      "_midtonesHue": 30,
      "_midtonesSaturation": 0,
      "_negativeCurve": Color4 {
        "a": 0,
        "b": 0,
        "g": 0,
        "r": 0,
      },
      "_positiveCurve": Color4 {
        "a": 0,
        "b": 0,
        "g": 0,
        "r": 0,
      },
      "_shadowsCurve": Color4 {
        "a": 0,
        "b": 0,
        "g": 0,
        "r": 0,
      },
      "_shadowsDensity": 0,
      "_shadowsExposure": 0,
      "_shadowsHue": 30,
      "_shadowsSaturation": 0,
      "_tempColor": Color4 {
        "a": 0,
        "b": 0,
        "g": 0,
        "r": 0,
      },
    },
    "onUpdateParameters": Observable {
      "_eventState": EventState {
        "currentTarget": undefined,
        "mask": 0,
        "skipNextObservers": false,
        "target": undefined,
      },
      "_hasNotified": false,
      "_numObserversMarkedAsDeleted": 0,
      "_observers": [],
      "notifyIfTriggered": false,
    },
    "outputTextureHeight": 0,
    "outputTextureWidth": 0,
    "vignetteCameraFov": 0.5,
    "vignetteCenterX": 0,
    "vignetteCenterY": 0,
    "vignetteColor": Color4 {
      "a": 0,
      "b": 0,
      "g": 0,
      "r": 0,
    },
    "vignetteStretch": 0,
    "vignetteWeight": 1.5,
  },
  "_inputManager": InputManager {
    "_activePointerIds": [],
    "_activePointerIdsCount": 0,
    "_alreadyAttached": false,
    "_cameraObserverCount": 0,
    "_currentPickResult": null,
    "_delayedClicks": [
      null,
      null,
      null,
      null,
      null,
    ],
    "_deviceSourceManager": null,
    "_doubleClickOccured": false,
    "_isMultiTouchGesture": false,
    "_isSwiping": false,
    "_meshPickProceed": false,
    "_meshUnderPointerId": {},
    "_movePointerInfo": null,
    "_pointerCaptures": {},
    "_pointerX": 0,
    "_pointerY": 0,
    "_previousPickResult": null,
    "_previousStartingPointerPosition": Vector2 {
      "x": 0,
      "y": 0,
    },
    "_previousStartingPointerTime": 0,
    "_scene": [Circular],
    "_skipPointerTap": false,
    "_startingPointerPosition": Vector2 {
      "x": 0,
      "y": 0,
    },
    "_startingPointerTime": 0,
    "_swipeButtonPressed": -1,
  },
  "_intermediateRendering": false,
  "_inverseProjectionMatrix": Matrix {
    "_isIdentity": false,
    "_isIdentity3x2": false,
    "_isIdentity3x2Dirty": true,
    "_isIdentityDirty": true,
    "_m": [
      0.4227932187381618,
      -0,
      0,
      -0,
      -0,
      0.4227932187381618,
      -0,
      0,
      0,
      -0,
      0,
      -0.49995,
      -0,
      0,
      1,
      0.50005,
    ],
    "updateFlag": 151,
  },
  "_isDisposed": true,
  "_isDisposing": true,
  "_isReadyChecks": [],
  "_isReadyForMeshStage": Stage {
    "length": 0,
  },
  "_isScene": true,
  "_lightsEnabled": true,
  "_materialsRenderTargets": SmartArrayNoDuplicate {
    "_duplicateId": 2,
    "_id": 5,
    "data": [],
    "length": 0,
  },
  "_meshesForIntersections": SmartArrayNoDuplicate {
    "_duplicateId": 2,
    "_id": 1,
    "data": [],
    "length": 0,
  },
  "_multiviewSceneUboIsActive": false,
  "_onAfterCameraRenderObserver": null,
  "_onAfterRenderObserver": null,
  "_onBeforeCameraRenderObserver": null,
  "_onBeforeRenderObserver": null,
  "_onDisposeObserver": null,
  "_pendingData": [],
  "_perfCollector": null,
  "_performancePriority": 0,
  "_pointerDownStage": Stage {
    "length": 0,
  },
  "_pointerMoveStage": Stage {
    "length": 0,
  },
  "_pointerPickingConfiguration": PointerPickingConfiguration {
    "pointerDownFastCheck": false,
    "pointerMoveFastCheck": false,
    "pointerUpFastCheck": false,
    "skipPointerDownPicking": false,
    "skipPointerMovePicking": false,
    "skipPointerUpPicking": false,
  },
  "_pointerUpStage": Stage {
    "length": 0,
  },
  "_preActiveMeshStage": Stage {
    "length": 0,
  },
  "_preventFreeActiveMeshesAndRenderingGroups": false,
  "_processedMaterials": SmartArray {
    "_id": 3,
    "data": [],
    "length": 0,
  },
  "_projectionMatrix": Matrix {
    "_isIdentity": false,
    "_isIdentity3x2": false,
    "_isIdentity3x2Dirty": true,
    "_isIdentityDirty": false,
    "_m": [
      2.3652224200391103,
      0,
      0,
      0,
      0,
      2.3652224200391103,
      0,
      0,
      0,
      0,
      1.0002000200020003,
      1,
      0,
      0,
      -2.000200020002,
      0,
    ],
    "updateFlag": 142,
  },
  "_projectionUpdateFlag": 142,
  "_registeredActions": 0,
  "_registeredForLateAnimationBindings": SmartArrayNoDuplicate {
    "_duplicateId": 1,
    "_id": 0,
    "data": [],
    "length": 0,
  },
  "_renderId": 2,
  "_renderTargets": SmartArrayNoDuplicate {
    "_duplicateId": 2,
    "_id": 4,
    "data": [],
    "length": 0,
  },
  "_renderingManager": RenderingManager {
    "_autoClearDepthStencil": {
      "0": {
        "autoClear": true,
        "depth": true,
        "stencil": true,
      },
      "1": {
        "autoClear": true,
        "depth": true,
        "stencil": true,
      },
      "2": {
        "autoClear": true,
        "depth": true,
        "stencil": true,
      },
      "3": {
        "autoClear": true,
        "depth": true,
        "stencil": true,
      },
    },
    "_customAlphaTestSortCompareFn": {},
    "_customOpaqueSortCompareFn": {},
    "_customTransparentSortCompareFn": {},
    "_depthStencilBufferAlreadyCleaned": false,
    "_disableDepthPrePass": false,
    "_maintainStateBetweenFrames": false,
    "_renderingGroupInfo": null,
    "_renderingGroups": [],
    "_scene": [Circular],
    "_useSceneAutoClearSetup": false,
  },
  "_renderingMeshEvaluationDepth": 0,
  "_sceneUbo": UniformBuffer {
    "_data": [],
    "_dynamic": false,
    "_engine": NullEngine {
      "_activeChannel": 0,
      "_activeRenderLoops": [],
      "_activeRequests": [],
      "_alphaEquation": [
        -1,
        -1,
        -1,
        -1,
        -1,
        -1,
        -1,
        -1,
      ],
      "_alphaMode": [
        -1,
        -1,
        -1,
        -1,
        -1,
        -1,
        -1,
        -1,
      ],
      "_alphaState": AlphaState {
        "_alphaBlend": [
          false,
          false,
          false,
          false,
          false,
          false,
          false,
          false,
        ],
        "_blendConstants": [
          null,
          null,
          null,
          null,
        ],
        "_blendEquationParameters": [
          null,
          null,
          null,
          null,
          null,
          null,
          null,
          null,
          null,
          null,
          null,
          null,
          null,
          null,
          null,
          null,
        ],
        "_blendFunctionParameters": [
          null,
          null,
          null,
          null,
          null,
          null,
          null,
          null,
          null,
          null,
          null,
          null,
          null,
          null,
          null,
          null,
          null,
          null,
          null,
          null,
          null,
          null,
          null,
          null,
          null,
          null,
          null,
          null,
          null,
          null,
          null,
          null,
        ],
        "_isAlphaBlendDirty": true,
        "_isBlendConstantsDirty": false,
        "_isBlendEquationParametersDirty": false,
        "_isBlendFunctionParametersDirty": false,
        "_numTargetEnabled": 0,
        "_supportBlendParametersPerTarget": false,
      },
      "_audioContext": null,
      "_audioDestination": null,
      "_badDesktopOS": false,
      "_badOS": false,
      "_boundRenderFunction": null,
      "_boundTexturesCache": {},
      "_boundUniforms": {},
      "_cachedEffectForVertexBuffers": null,
      "_cachedIndexBuffer": null,
      "_cachedVertexBuffers": null,
      "_cachedViewport": Viewport {
        "height": 1,
        "width": 1,
        "x": 0,
        "y": 0,
      },
      "_caps": {
        "astc": null,
        "blendFloat": false,
        "blendMinMax": false,
        "blendParametersPerTarget": false,
        "bptc": null,
        "canUseGLInstanceID": false,
        "canUseGLVertexID": false,
        "canUseTimestampForTimerQuery": false,
        "colorBufferFloat": false,
        "depthTextureExtension": false,
        "disableMorphTargetTexture": false,
        "drawBuffersExtension": false,
        "dualSourceBlending": false,
        "etc1": null,
        "etc2": null,
        "fragmentDepthSupported": false,
        "highPrecisionShaderSupported": true,
        "instancedArrays": false,
        "maxAnisotropy": 0,
        "maxCombinedTexturesImageUnits": 32,
        "maxCubemapTextureSize": 512,
        "maxDrawBuffers": 0,
        "maxFragmentUniformVectors": 16,
        "maxMSAASamples": 1,
        "maxRenderTextureSize": 512,
        "maxTextureSize": 512,
        "maxTexturesImageUnits": 16,
        "maxVaryingVectors": 16,
        "maxVertexAttribs": 16,
        "maxVertexTextureImageUnits": 16,
        "maxVertexUniformVectors": 16,
        "pvrtc": null,
        "rg11b10ufColorRenderable": false,
        "shaderFloatPrecision": 10,
        "standardDerivatives": false,
        "supportComputeShaders": false,
        "supportFloatTexturesResolve": false,
        "supportOcclusionQuery": false,
        "supportReadWriteStorageTextures": false,
        "supportSRGBBuffers": false,
        "supportTransformFeedbacks": false,
        "texelFetch": false,
        "texture2DArrayMaxLayerCount": 128,
        "textureFloat": false,
        "textureFloatLinearFiltering": false,
        "textureFloatRender": false,
        "textureHalfFloat": false,
        "textureHalfFloatLinearFiltering": false,
        "textureHalfFloatRender": false,
        "textureLOD": false,
        "textureMaxLevel": false,
        "textureNorm16": false,
        "uintIndices": false,
        "vertexArrayObject": false,
      },
      "_colorWrite": true,
      "_colorWriteChanged": true,
      "_compatibilityMode": true,
      "_compiledEffects": {},
      "_contextWasLost": false,
      "_creationOptions": {
        "antialias": undefined,
        "deterministicLockstep": false,
        "lockstepMaxSteps": 4,
        "stencil": true,
        "timeStep": 0.016666666666666666,
      },
      "_currentBoundBuffer": [],
      "_currentBufferPointers": [],
      "_currentEffect": null,
      "_currentFramebuffer": null,
      "_currentInstanceBuffers": [],
      "_currentInstanceLocations": [],
      "_currentProgram": null,
      "_currentRenderTarget": null,
      "_currentTextureChannel": -1,
      "_deltaTime": 0,
      "_depthCullingState": DepthCullingState {
        "_cull": null,
        "_cullFace": null,
        "_depthFunc": null,
        "_depthMask": true,
        "_depthTest": true,
        "_frontFace": null,
        "_isCullDirty": false,
        "_isCullFaceDirty": false,
        "_isDepthFuncDirty": false,
        "_isDepthMaskDirty": true,
        "_isDepthTestDirty": true,
        "_isFrontFaceDirty": false,
        "_isZOffsetDirty": true,
        "_zOffset": 0,
        "_zOffsetUnits": 0,
      },
      "_deterministicLockstep": false,
      "_doNotHandleContextLost": false,
      "_drawCalls": PerfCounter {
        "_average": 0,
        "_current": 0,
        "_hasCurrentValue": false,
        "_hasResult": false,
        "_lastSecAccumulated": 0,
        "_lastSecAverage": 0,
        "_lastSecTime": 0,
        "_lastSecValueCount": 0,
        "_max": 0,
        "_min": 0,
        "_startMonitoringTime": 0,
        "_totalAccumulated": 0,
        "_totalValueCount": 0,
      },
      "_dummyFramebuffer": null,
      "_enableGPUDebugMarkers": false,
      "_features": {
        "_checkNonFloatVertexBuffersDontRecreatePipelineContext": false,
        "allowTexturePrefiltering": false,
        "basisNeedsPOT": false,
        "checkUbosContentBeforeUpload": false,
        "forceBitmapOverHTMLImageElement": false,
        "forceVertexBufferStrideAndOffsetMultiple4Bytes": false,
        "needShaderCodeInlining": false,
        "needToAlwaysBindUniformBuffers": false,
        "needTypeSuffixInShaderConstants": false,
        "needsInvertingBitmap": false,
        "support3DTextures": false,
        "supportCSM": false,
        "supportDepthStencilTexture": false,
        "supportExtendedTextureFormats": false,
        "supportIBLShadows": false,
        "supportMSAA": false,
        "supportRenderAndCopyToLodForFloatTextures": false,
        "supportRenderPasses": true,
        "supportSSAO2": false,
        "supportShadowSamplers": false,
        "supportSpriteInstancing": false,
        "supportSwitchCaseInShader": false,
        "supportSyncTextureRead": false,
        "trackUbosInFrame": false,
        "uniformBufferHardCheckMatrix": false,
        "useUBOBindingCache": false,
      },
      "_fps": 60,
      "_frameHandler": 0,
      "_frameId": 0,
      "_hardwareScalingLevel": 1,
      "_highPrecisionShadersAllowed": true,
      "_internalTexturesCache": [],
      "_isDisposed": true,
      "_isStencilEnable": true,
      "_isWebGPU": false,
      "_lastDevicePixelRatio": 1,
      "_lastFrameTime": 0,
      "_lockstepMaxSteps": 4,
      "_maxMSAASamplesOverride": null,
      "_maxSimultaneousTextures": 0,
      "_mustWipeVertexAttributes": false,
      "_name": "WebGL",
      "_nextFreeTextureSlots": [],
      "_options": {
        "deterministicLockstep": false,
        "lockstepMaxSteps": 4,
        "renderHeight": 100,
        "renderWidth": 100,
        "textureSize": 64,
        "useHighPrecisionMatrix": true,
      },
      "_performanceMonitor": PerformanceMonitor {
        "_enabled": true,
        "_rollingFrameTime": RollingAverage {
          "_m2": 0,
          "_pos": 0,
          "_sampleCount": 0,
          "_samples": [
            undefined,
            undefined,
            undefined,
            undefined,
            undefined,
            undefined,
            undefined,
            undefined,
            undefined,
            undefined,
            undefined,
            undefined,
            undefined,
            undefined,
            undefined,
            undefined,
            undefined,
            undefined,
            undefined,
            undefined,
            undefined,
            undefined,
            undefined,
            undefined,
            undefined,
            undefined,
            undefined,
            undefined,
            undefined,
            undefined,
          ],
          "average": 0,
          "variance": 0,
        },
      },
      "_renderAccumulator": 0,
      "_renderPassNames": [
        "main",
        undefined,
        undefined,
      ],
      "_renderTargetWrapperCache": [],
      "_renderingCanvas": null,
      "_stencilState": StencilState {
        "backFunc": 519,
        "backOpDepthFail": 7680,
        "backOpStencilDepthPass": 7681,
        "backOpStencilFail": 7680,
        "enabled": false,
        "func": 519,
        "funcMask": 255,
        "funcRef": 1,
        "mask": 255,
        "opDepthFail": 7680,
        "opStencilDepthPass": 7681,
        "opStencilFail": 7680,
      },
      "_stencilStateComposer": StencilStateComposer {
        "_isStencilFuncDirty": true,
        "_isStencilMaskDirty": true,
        "_isStencilOpDirty": true,
        "_isStencilTestDirty": true,
        "stencilGlobal": StencilState {
          "backFunc": 519,
          "backOpDepthFail": 7680,
          "backOpStencilDepthPass": 7681,
          "backOpStencilFail": 7680,
          "enabled": false,
          "func": 519,
          "funcMask": 255,
          "funcRef": 1,
          "mask": 255,
          "opDepthFail": 7680,
          "opStencilDepthPass": 7681,
          "opStencilFail": 7680,
        },
        "stencilMaterial": undefined,
        "useStencilGlobalOnly": false,
      },
      "_storageBuffers": [],
      "_timeStep": 0.016666666666666666,
      "_transformTextureUrl": null,
      "_uintIndicesCurrentlySet": false,
      "_uniformBuffers": [],
      "_unpackFlipYCached": null,
      "_useReverseDepthBuffer": false,
      "_vaoRecordInProgress": false,
      "_vertexAttribArraysEnabled": [],
      "_viewportCached": {
        "w": 0,
        "x": 0,
        "y": 0,
        "z": 0,
      },
      "_virtualScenes": [],
      "_webGLVersion": 1,
      "_windowIsBackground": false,
      "_workingCanvas": null,
      "_workingContext": null,
      "adaptToDeviceRatio": false,
      "canvasTabIndex": 1,
      "cullBackFaces": null,
      "currentRenderPassId": 1,
      "customAnimationFrameRequester": null,
      "disableContextMenu": true,
      "disableManifestCheck": false,
      "disablePerformanceMonitorInBackground": false,
      "disableUniformBuffers": false,
      "disableVertexArrayObjects": false,
      "enableOfflineSupport": false,
      "enableUnpackFlipYCached": true,
      "forcePOTTextures": false,
      "hasOriginBottomLeft": true,
      "hostInformation": {
        "isMobile": false,
      },
      "isFullscreen": false,
      "isNDCHalfZRange": false,
      "isPointerLock": false,
      "onAfterShaderCompilationObservable": Observable {
        "_eventState": EventState {
          "currentTarget": undefined,
          "mask": 0,
          "skipNextObservers": false,
          "target": undefined,
        },
        "_hasNotified": false,
        "_numObserversMarkedAsDeleted": 0,
        "_observers": [],
        "notifyIfTriggered": false,
      },
      "onBeforeShaderCompilationObservable": Observable {
        "_eventState": EventState {
          "currentTarget": undefined,
          "mask": 0,
          "skipNextObservers": false,
          "target": undefined,
        },
        "_hasNotified": false,
        "_numObserversMarkedAsDeleted": 0,
        "_observers": [],
        "notifyIfTriggered": false,
      },
      "onBeforeTextureInitObservable": Observable {
        "_eventState": EventState {
          "currentTarget": undefined,
          "mask": 0,
          "skipNextObservers": false,
          "target": undefined,
        },
        "_hasNotified": false,
        "_lastNotifiedValue": undefined,
        "_numObserversMarkedAsDeleted": 0,
        "_observers": [],
        "_onObserverAdded": null,
        "notifyIfTriggered": false,
      },
      "onBeginFrameObservable": Observable {
        "_eventState": EventState {
          "currentTarget": undefined,
          "mask": 0,
          "skipNextObservers": false,
          "target": undefined,
        },
        "_hasNotified": false,
        "_lastNotifiedValue": undefined,
        "_numObserversMarkedAsDeleted": 0,
        "_observers": [],
        "_onObserverAdded": null,
        "notifyIfTriggered": false,
      },
      "onCanvasBlurObservable": Observable {
        "_eventState": EventState {
          "currentTarget": undefined,
          "mask": 0,
          "skipNextObservers": false,
          "target": undefined,
        },
        "_hasNotified": false,
        "_lastNotifiedValue": undefined,
        "_numObserversMarkedAsDeleted": 0,
        "_observers": [],
        "_onObserverAdded": null,
        "notifyIfTriggered": false,
      },
      "onCanvasFocusObservable": Observable {
        "_eventState": EventState {
          "currentTarget": undefined,
          "mask": 0,
          "skipNextObservers": false,
          "target": undefined,
        },
        "_hasNotified": false,
        "_lastNotifiedValue": undefined,
        "_numObserversMarkedAsDeleted": 0,
        "_observers": [],
        "_onObserverAdded": null,
        "notifyIfTriggered": false,
      },
      "onCanvasPointerOutObservable": Observable {
        "_eventState": EventState {
          "currentTarget": undefined,
          "mask": 0,
          "skipNextObservers": false,
          "target": undefined,
        },
        "_hasNotified": false,
        "_lastNotifiedValue": undefined,
        "_numObserversMarkedAsDeleted": 0,
        "_observers": [],
        "_onObserverAdded": null,
        "notifyIfTriggered": false,
      },
      "onContextLostObservable": Observable {
        "_eventState": EventState {
          "currentTarget": undefined,
          "mask": 0,
          "skipNextObservers": false,
          "target": undefined,
        },
        "_hasNotified": false,
        "_numObserversMarkedAsDeleted": 0,
        "_observers": [],
        "notifyIfTriggered": false,
      },
      "onContextRestoredObservable": Observable {
        "_eventState": EventState {
          "currentTarget": undefined,
          "mask": 0,
          "skipNextObservers": false,
          "target": undefined,
        },
        "_hasNotified": false,
        "_numObserversMarkedAsDeleted": 0,
        "_observers": [],
        "notifyIfTriggered": false,
      },
      "onDisposeObservable": Observable {
        "_eventState": EventState {
          "currentTarget": undefined,
          "mask": 0,
          "skipNextObservers": false,
          "target": undefined,
        },
        "_hasNotified": false,
        "_lastNotifiedValue": undefined,
        "_numObserversMarkedAsDeleted": 0,
        "_observers": [],
        "_onObserverAdded": null,
        "notifyIfTriggered": false,
      },
      "onEffectErrorObservable": Observable {
        "_eventState": EventState {
          "currentTarget": undefined,
          "mask": 0,
          "skipNextObservers": false,
          "target": undefined,
        },
        "_hasNotified": false,
        "_lastNotifiedValue": undefined,
        "_numObserversMarkedAsDeleted": 0,
        "_observers": [],
        "_onObserverAdded": null,
        "notifyIfTriggered": false,
      },
      "onEndFrameObservable": Observable {
        "_eventState": EventState {
          "currentTarget": undefined,
          "mask": 0,
          "skipNextObservers": false,
          "target": undefined,
        },
        "_hasNotified": false,
        "_lastNotifiedValue": undefined,
        "_numObserversMarkedAsDeleted": 0,
        "_observers": [],
        "_onObserverAdded": null,
        "notifyIfTriggered": false,
      },
      "onNewSceneAddedObservable": Observable {
        "_eventState": EventState {
          "currentTarget": undefined,
          "mask": 0,
          "skipNextObservers": false,
          "target": undefined,
        },
        "_hasNotified": false,
        "_lastNotifiedValue": undefined,
        "_numObserversMarkedAsDeleted": 0,
        "_observers": [],
        "_onObserverAdded": null,
        "notifyIfTriggered": false,
      },
      "onReleaseEffectsObservable": Observable {
        "_eventState": EventState {
          "currentTarget": undefined,
          "mask": 0,
          "skipNextObservers": false,
          "target": undefined,
        },
        "_hasNotified": false,
        "_numObserversMarkedAsDeleted": 0,
        "_observers": [],
        "notifyIfTriggered": false,
      },
      "onResizeObservable": Observable {
        "_eventState": EventState {
          "currentTarget": undefined,
          "mask": 0,
          "skipNextObservers": false,
          "target": undefined,
        },
        "_hasNotified": false,
        "_lastNotifiedValue": undefined,
        "_numObserversMarkedAsDeleted": 0,
        "_observers": [],
        "_onObserverAdded": null,
        "notifyIfTriggered": false,
      },
      "postProcesses": [],
      "premultipliedAlpha": true,
      "preventCacheWipeBetweenFrames": false,
      "renderEvenInBackground": true,
      "scenes": [],
      "skipFrameRender": false,
      "startTime": 1789460171147,
      "useExactSrgbConversions": false,
      "validateShaderPrograms": false,
    },
    "_name": "scene",
    "_needSync": false,
    "_noUBO": true,
    "_trackUBOsInFrame": false,
    "_uniformArraySizes": {},
    "_uniformLocationPointer": 0,
    "_uniformLocations": {},
    "_uniformNames": [
      "viewProjection",
      "view",
      "projection",
      "vEyePosition",
      "inverseProjection",
    ],
    "_uniformSizes": {},
    "_valueCache": {},
    "updateArray": [Function _updateArrayForEffect],
    "updateColor3": [Function _updateColor3ForEffect],
    "updateColor4": [Function _updateColor4ForEffect],
    "updateDirectColor4": [Function _updateDirectColor4ForEffect],
    "updateFloat": [Function _updateFloatForEffect],
    "updateFloat2": [Function _updateFloat2ForEffect],
    "updateFloat3": [Function _updateFloat3ForEffect],
    "updateFloat4": [Function _updateFloat4ForEffect],
    "updateFloatArray": [Function _updateFloatArrayForEffect],
    "updateInt": [Function _updateIntForEffect],
    "updateInt2": [Function _updateInt2ForEffect],
    "updateInt3": [Function _updateInt3ForEffect],
    "updateInt4": [Function _updateInt4ForEffect],
    "updateIntArray": [Function _updateIntArrayForEffect],
    "updateMatrices": [Function _updateMatricesForEffect],
    "updateMatrix": [Function _updateMatrixForEffect],
    "updateMatrix2x2": [Function _updateMatrix2x2ForEffect],
    "updateMatrix3x3": [Function _updateMatrix3x3ForEffect],
    "updateUInt": [Function _updateUIntForEffect],
    "updateUInt2": [Function _updateUInt2ForEffect],
    "updateUInt3": [Function _updateUInt3ForEffect],
    "updateUInt4": [Function _updateUInt4ForEffect],
    "updateUIntArray": [Function _updateUIntArrayForEffect],
    "updateVector3": [Function _updateVector3ForEffect],
    "updateVector4": [Function _updateVector4ForEffect],
  },
  "_serializableComponents": [],
  "_shadowsEnabled": true,
  "_skeletonsEnabled": true,
  "_skipEvaluateActiveMeshesCompletely": false,
  "_skipFrustumClipping": false,
  "_softwareSkinnedMeshes": SmartArrayNoDuplicate {
    "_duplicateId": 2,
    "_id": 8,
    "data": [],
    "length": 0,
  },
  "_texturesEnabled": true,
  "_timeAccumulator": 0,
  "_timeoutChecksStartTime": 0,
  "_toBeDisposed": [],
  "_totalVertices": PerfCounter {
    "_average": 0,
    "_current": 0,
    "_hasCurrentValue": true,
    "_hasResult": false,
    "_lastSecAccumulated": 0,
    "_lastSecAverage": 0,
    "_lastSecTime": 0,
    "_lastSecValueCount": 1,
    "_max": 0,
    "_min": 0,
    "_startMonitoringTime": 0,
    "_totalAccumulated": 0,
    "_totalValueCount": 1,
  },
  "_transformMatrix": Matrix {
    "_isIdentity": false,
    "_isIdentity3x2": false,
    "_isIdentity3x2Dirty": true,
    "_isIdentityDirty": true,
    "_m": [
      2.36522242003911,
      0,
      0,
      0,
      0,
      0.8350589771365193,
      -0.9357888503293538,
      -0.9356017112731935,
      0,
      2.212906143730316,
      0.3531278912961537,
      0.3530572727797461,
      -58425156.566425286,
      70.97999848845812,
      201.75458216889706,
      203.71403530714946,
    ],
    "updateFlag": 152,
  },
  "_transientComponents": [],
  "_uid": null,
  "_unObserveActiveCameras": null,
  "_uniqueId": 1,
  "_useCurrentFrameBuffer": false,
  "_useRightHandedSystem": false,
  "_viewMatrix": Matrix {
    "_isIdentity": false,
    "_isIdentity3x2": false,
    "_isIdentity3x2Dirty": true,
    "_isIdentityDirty": true,
    "_m": [
      0.9999999999999999,
      0,
      0,
      0,
      0,
      0.3530572727797461,
      -0.9356017112731935,
      0,
      -0,
      0.9356017112731936,
      0.3530572727797461,
      0,
      -24701759.999999996,
      30.009862026965067,
      203.71403530714946,
      1,
    ],
    "updateFlag": 140,
  },
  "_viewUpdateFlag": 140,
  "actionManagers": [],
  "ambientColor": Color3 {
    "b": 0,
    "g": 0,
    "r": 0,
  },
  "animationGroups": [],
  "animationTimeScale": 1,
  "animations": [],
  "animationsEnabled": true,
  "autoClear": true,
  "autoClearDepthAndStencil": true,
  "cameraToUseForPointers": null,
  "cameras": [],
  "collisionsEnabled": true,
  "constantlyUpdateMeshUnderPointer": false,
  "customRenderTargets": [],
  "defaultCameraLayerMask": 268435455,
  "defaultCursor": "",
  "defaultRenderableLayerMask": 268435455,
  "deltaTime": 0,
  "disableOfflineSupportExceptionRules": [],
  "dispatchAllSubMeshesOfActiveMeshes": false,
  "doNotHandleCursors": false,
  "dumpNextRenderTargets": false,
  "effectLayers": [],
  "environmentIntensity": 1,
  "fogColor": Color3 {
    "b": 0.3,
    "g": 0.2,
    "r": 0.2,
  },
  "fogDensity": 0.1,
  "fogEnd": 1000,
  "fogStart": 0,
  "frameGraphs": [],
  "geometries": [],
  "getActiveMeshCandidates": [Function anonymous],
  "getActiveSubMeshCandidates": [Function anonymous],
  "getCollidingSubMeshCandidates": [Function anonymous],
  "getDeterministicFrameTime": [Function anonymous],
  "getIntersectingSubMeshCandidates": [Function anonymous],
  "gravity": Vector3 {
    "_isDirty": true,
    "_x": 0,
    "_y": -9.807,
    "_z": 0,
  },
  "hoverCursor": "pointer",
  "iblIntensity": 1,
  "importedMeshesFiles": [],
  "layers": [],
  "lensFlareSystems": [],
  "lensFlaresEnabled": true,
  "lights": [],
  "materials": [],
  "meshes": [],
  "metadata": null,
  "morphTargetManagers": [],
  "multiMaterials": [],
  "needsPreviousWorldMatrices": false,
  "objectRenderers": [],
  "onActiveCameraChanged": Observable {
    "_eventState": EventState {
      "currentTarget": undefined,
      "mask": 0,
      "skipNextObservers": false,
      "target": undefined,
    },
    "_hasNotified": false,
    "_lastNotifiedValue": undefined,
    "_numObserversMarkedAsDeleted": 0,
    "_observers": [],
    "_onObserverAdded": null,
    "notifyIfTriggered": false,
  },
  "onActiveCamerasChanged": Observable {
    "_eventState": EventState {
      "currentTarget": undefined,
      "mask": 0,
      "skipNextObservers": false,
      "target": undefined,
    },
    "_hasNotified": false,
    "_numObserversMarkedAsDeleted": 0,
    "_observers": [],
    "notifyIfTriggered": false,
  },
  "onAfterActiveMeshesEvaluationObservable": Observable {
    "_eventState": EventState {
      "currentTarget": undefined,
      "mask": 0,
      "skipNextObservers": false,
      "target": undefined,
    },
    "_hasNotified": false,
    "_lastNotifiedValue": undefined,
    "_numObserversMarkedAsDeleted": 0,
    "_observers": [],
    "_onObserverAdded": null,
    "notifyIfTriggered": false,
  },
  "onAfterAnimationsObservable": Observable {
    "_eventState": EventState {
      "currentTarget": undefined,
      "mask": 0,
      "skipNextObservers": false,
      "target": undefined,
    },
    "_hasNotified": false,
    "_lastNotifiedValue": undefined,
    "_numObserversMarkedAsDeleted": 0,
    "_observers": [],
    "_onObserverAdded": null,
    "notifyIfTriggered": false,
  },
  "onAfterCameraRenderObservable": Observable {
    "_eventState": EventState {
      "currentTarget": undefined,
      "mask": 0,
      "skipNextObservers": false,
      "target": undefined,
    },
    "_hasNotified": false,
    "_lastNotifiedValue": undefined,
    "_numObserversMarkedAsDeleted": 0,
    "_observers": [],
    "_onObserverAdded": null,
    "notifyIfTriggered": false,
  },
  "onAfterDrawPhaseObservable": Observable {
    "_eventState": EventState {
      "currentTarget": undefined,
      "mask": 0,
      "skipNextObservers": false,
      "target": undefined,
    },
    "_hasNotified": false,
    "_lastNotifiedValue": undefined,
    "_numObserversMarkedAsDeleted": 0,
    "_observers": [],
    "_onObserverAdded": null,
    "notifyIfTriggered": false,
  },
  "onAfterParticlesRenderingObservable": Observable {
    "_eventState": EventState {
      "currentTarget": undefined,
      "mask": 0,
      "skipNextObservers": false,
      "target": undefined,
    },
    "_hasNotified": false,
    "_lastNotifiedValue": undefined,
    "_numObserversMarkedAsDeleted": 0,
    "_observers": [],
    "_onObserverAdded": null,
    "notifyIfTriggered": false,
  },
  "onAfterRenderCameraObservable": Observable {
    "_eventState": EventState {
      "currentTarget": undefined,
      "mask": 0,
      "skipNextObservers": false,
      "target": undefined,
    },
    "_hasNotified": false,
    "_lastNotifiedValue": undefined,
    "_numObserversMarkedAsDeleted": 0,
    "_observers": [],
    "_onObserverAdded": null,
    "notifyIfTriggered": false,
  },
  "onAfterRenderObservable": Observable {
    "_eventState": EventState {
      "currentTarget": undefined,
      "mask": 0,
      "skipNextObservers": false,
      "target": undefined,
    },
    "_hasNotified": false,
    "_lastNotifiedValue": undefined,
    "_numObserversMarkedAsDeleted": 0,
    "_observers": [],
    "_onObserverAdded": null,
    "notifyIfTriggered": false,
  },
  "onAfterRenderTargetsRenderObservable": Observable {
    "_eventState": EventState {
      "currentTarget": undefined,
      "mask": 0,
      "skipNextObservers": false,
      "target": undefined,
    },
    "_hasNotified": false,
    "_lastNotifiedValue": undefined,
    "_numObserversMarkedAsDeleted": 0,
    "_observers": [],
    "_onObserverAdded": null,
    "notifyIfTriggered": false,
  },
  "onAfterRenderingGroupObservable": Observable {
    "_eventState": EventState {
      "currentTarget": undefined,
      "mask": 0,
      "skipNextObservers": false,
      "target": undefined,
    },
    "_hasNotified": false,
    "_lastNotifiedValue": undefined,
    "_numObserversMarkedAsDeleted": 0,
    "_observers": [],
    "_onObserverAdded": null,
    "notifyIfTriggered": false,
  },
  "onAfterStepObservable": Observable {
    "_eventState": EventState {
      "currentTarget": undefined,
      "mask": 0,
      "skipNextObservers": false,
      "target": undefined,
    },
    "_hasNotified": false,
    "_lastNotifiedValue": undefined,
    "_numObserversMarkedAsDeleted": 0,
    "_observers": [],
    "_onObserverAdded": null,
    "notifyIfTriggered": false,
  },
  "onAnimationFileImportedObservable": Observable {
    "_eventState": EventState {
      "currentTarget": undefined,
      "mask": 0,
      "skipNextObservers": false,
      "target": undefined,
    },
    "_hasNotified": false,
    "_numObserversMarkedAsDeleted": 0,
    "_observers": [],
    "notifyIfTriggered": false,
  },
  "onAnimationGroupRemovedObservable": Observable {
    "_eventState": EventState {
      "currentTarget": undefined,
      "mask": 0,
      "skipNextObservers": false,
      "target": undefined,
    },
    "_hasNotified": false,
    "_numObserversMarkedAsDeleted": 0,
    "_observers": [],
    "notifyIfTriggered": false,
  },
  "onBeforeActiveMeshesEvaluationObservable": Observable {
    "_eventState": EventState {
      "currentTarget": undefined,
      "mask": 0,
      "skipNextObservers": false,
      "target": undefined,
    },
    "_hasNotified": false,
    "_lastNotifiedValue": undefined,
    "_numObserversMarkedAsDeleted": 0,
    "_observers": [],
    "_onObserverAdded": null,
    "notifyIfTriggered": false,
  },
  "onBeforeAnimationsObservable": Observable {
    "_eventState": EventState {
      "currentTarget": undefined,
      "mask": 0,
      "skipNextObservers": false,
      "target": undefined,
    },
    "_hasNotified": false,
    "_lastNotifiedValue": undefined,
    "_numObserversMarkedAsDeleted": 0,
    "_observers": [],
    "_onObserverAdded": null,
    "notifyIfTriggered": false,
  },
  "onBeforeCameraRenderObservable": Observable {
    "_eventState": EventState {
      "currentTarget": undefined,
      "mask": 0,
      "skipNextObservers": false,
      "target": undefined,
    },
    "_hasNotified": false,
    "_lastNotifiedValue": undefined,
    "_numObserversMarkedAsDeleted": 0,
    "_observers": [],
    "_onObserverAdded": null,
    "notifyIfTriggered": false,
  },
  "onBeforeDrawPhaseObservable": Observable {
    "_eventState": EventState {
      "currentTarget": undefined,
      "mask": 0,
      "skipNextObservers": false,
      "target": undefined,
    },
    "_hasNotified": false,
    "_lastNotifiedValue": undefined,
    "_numObserversMarkedAsDeleted": 0,
    "_observers": [],
    "_onObserverAdded": null,
    "notifyIfTriggered": false,
  },
  "onBeforeParticlesRenderingObservable": Observable {
    "_eventState": EventState {
      "currentTarget": undefined,
      "mask": 0,
      "skipNextObservers": false,
      "target": undefined,
    },
    "_hasNotified": false,
    "_lastNotifiedValue": undefined,
    "_numObserversMarkedAsDeleted": 0,
    "_observers": [],
    "_onObserverAdded": null,
    "notifyIfTriggered": false,
  },
  "onBeforeRenderObservable": Observable {
    "_eventState": EventState {
      "currentTarget": undefined,
      "lastReturnValue": undefined,
      "mask": -1,
      "skipNextObservers": false,
      "target": undefined,
      "userInfo": undefined,
    },
    "_hasNotified": false,
    "_lastNotifiedValue": undefined,
    "_numObserversMarkedAsDeleted": 0,
    "_observers": [],
    "_onObserverAdded": null,
    "notifyIfTriggered": false,
  },
  "onBeforeRenderTargetsRenderObservable": Observable {
    "_eventState": EventState {
      "currentTarget": undefined,
      "mask": 0,
      "skipNextObservers": false,
      "target": undefined,
    },
    "_hasNotified": false,
    "_lastNotifiedValue": undefined,
    "_numObserversMarkedAsDeleted": 0,
    "_observers": [],
    "_onObserverAdded": null,
    "notifyIfTriggered": false,
  },
  "onBeforeRenderingGroupObservable": Observable {
    "_eventState": EventState {
      "currentTarget": undefined,
      "mask": 0,
      "skipNextObservers": false,
      "target": undefined,
    },
    "_hasNotified": false,
    "_lastNotifiedValue": undefined,
    "_numObserversMarkedAsDeleted": 0,
    "_observers": [],
    "_onObserverAdded": null,
    "notifyIfTriggered": false,
  },
  "onBeforeStepObservable": Observable {
    "_eventState": EventState {
      "currentTarget": undefined,
      "mask": 0,
      "skipNextObservers": false,
      "target": undefined,
    },
    "_hasNotified": false,
    "_lastNotifiedValue": undefined,
    "_numObserversMarkedAsDeleted": 0,
    "_observers": [],
    "_onObserverAdded": null,
    "notifyIfTriggered": false,
  },
  "onCameraRemovedObservable": Observable {
    "_eventState": EventState {
      "currentTarget": undefined,
      "mask": 0,
      "skipNextObservers": false,
      "target": undefined,
    },
    "_hasNotified": false,
    "_lastNotifiedValue": undefined,
    "_numObserversMarkedAsDeleted": 0,
    "_observers": [],
    "_onObserverAdded": null,
    "notifyIfTriggered": false,
  },
  "onClearColorChangedObservable": Observable {
    "_eventState": EventState {
      "currentTarget": undefined,
      "mask": 0,
      "skipNextObservers": false,
      "target": undefined,
    },
    "_hasNotified": false,
    "_lastNotifiedValue": undefined,
    "_numObserversMarkedAsDeleted": 0,
    "_observers": [],
    "_onObserverAdded": null,
    "notifyIfTriggered": false,
  },
  "onDataLoadedObservable": Observable {
    "_eventState": EventState {
      "currentTarget": undefined,
      "mask": 0,
      "skipNextObservers": false,
      "target": undefined,
    },
    "_hasNotified": false,
    "_lastNotifiedValue": undefined,
    "_numObserversMarkedAsDeleted": 0,
    "_observers": [],
    "_onObserverAdded": null,
    "notifyIfTriggered": false,
  },
  "onDisposeObservable": Observable {
    "_eventState": EventState {
      "currentTarget": undefined,
      "mask": 0,
      "skipNextObservers": false,
      "target": undefined,
    },
    "_hasNotified": false,
    "_lastNotifiedValue": undefined,
    "_numObserversMarkedAsDeleted": 0,
    "_observers": [],
    "_onObserverAdded": null,
    "notifyIfTriggered": false,
  },
  "onEffectLayerRemovedObservable": Observable {
    "_eventState": EventState {
      "currentTarget": undefined,
      "mask": 0,
      "skipNextObservers": false,
      "target": undefined,
    },
    "_hasNotified": false,
    "_numObserversMarkedAsDeleted": 0,
    "_observers": [],
    "notifyIfTriggered": false,
  },
  "onEnvironmentTextureChangedObservable": Observable {
    "_eventState": EventState {
      "currentTarget": undefined,
      "mask": 0,
      "skipNextObservers": false,
      "target": undefined,
    },
    "_hasNotified": false,
    "_lastNotifiedValue": undefined,
    "_numObserversMarkedAsDeleted": 0,
    "_observers": [],
    "_onObserverAdded": null,
    "notifyIfTriggered": false,
  },
  "onFrameGraphRemovedObservable": Observable {
    "_eventState": EventState {
      "currentTarget": undefined,
      "mask": 0,
      "skipNextObservers": false,
      "target": undefined,
    },
    "_hasNotified": false,
    "_lastNotifiedValue": undefined,
    "_numObserversMarkedAsDeleted": 0,
    "_observers": [],
    "_onObserverAdded": null,
    "notifyIfTriggered": false,
  },
  "onGeometryRemovedObservable": Observable {
    "_eventState": EventState {
      "currentTarget": undefined,
      "mask": 0,
      "skipNextObservers": false,
      "target": undefined,
    },
    "_hasNotified": false,
    "_lastNotifiedValue": undefined,
    "_numObserversMarkedAsDeleted": 0,
    "_observers": [],
    "_onObserverAdded": null,
    "notifyIfTriggered": false,
  },
  "onKeyboardObservable": Observable {
    "_eventState": EventState {
      "currentTarget": undefined,
      "mask": 0,
      "skipNextObservers": false,
      "target": undefined,
    },
    "_hasNotified": false,
    "_lastNotifiedValue": undefined,
    "_numObserversMarkedAsDeleted": 0,
    "_observers": [],
    "_onObserverAdded": null,
    "notifyIfTriggered": false,
  },
  "onLightRemovedObservable": Observable {
    "_eventState": EventState {
      "currentTarget": undefined,
      "mask": 0,
      "skipNextObservers": false,
      "target": undefined,
    },
    "_hasNotified": false,
    "_lastNotifiedValue": undefined,
    "_numObserversMarkedAsDeleted": 0,
    "_observers": [],
    "_onObserverAdded": null,
    "notifyIfTriggered": false,
  },
  "onMaterialRemovedObservable": Observable {
    "_eventState": EventState {
      "currentTarget": undefined,
      "mask": 0,
      "skipNextObservers": false,
      "target": undefined,
    },
    "_hasNotified": false,
    "_lastNotifiedValue": undefined,
    "_numObserversMarkedAsDeleted": 0,
    "_observers": [],
    "_onObserverAdded": null,
    "notifyIfTriggered": false,
  },
  "onMeshImportedObservable": Observable {
    "_eventState": EventState {
      "currentTarget": undefined,
      "mask": 0,
      "skipNextObservers": false,
      "target": undefined,
    },
    "_hasNotified": false,
    "_lastNotifiedValue": undefined,
    "_numObserversMarkedAsDeleted": 0,
    "_observers": [],
    "_onObserverAdded": null,
    "notifyIfTriggered": false,
  },
  "onMeshRemovedObservable": Observable {
    "_eventState": EventState {
      "currentTarget": undefined,
      "mask": 0,
      "skipNextObservers": false,
      "target": undefined,
    },
    "_hasNotified": false,
    "_lastNotifiedValue": undefined,
    "_numObserversMarkedAsDeleted": 0,
    "_observers": [],
    "_onObserverAdded": null,
    "notifyIfTriggered": false,
  },
  "onMeshUnderPointerUpdatedObservable": Observable {
    "_eventState": EventState {
      "currentTarget": undefined,
      "mask": 0,
      "skipNextObservers": false,
      "target": undefined,
    },
    "_hasNotified": false,
    "_lastNotifiedValue": undefined,
    "_numObserversMarkedAsDeleted": 0,
    "_observers": [],
    "_onObserverAdded": null,
    "notifyIfTriggered": false,
  },
  "onMultiMaterialRemovedObservable": Observable {
    "_eventState": EventState {
      "currentTarget": undefined,
      "mask": 0,
      "skipNextObservers": false,
      "target": undefined,
    },
    "_hasNotified": false,
    "_lastNotifiedValue": undefined,
    "_numObserversMarkedAsDeleted": 0,
    "_observers": [],
    "_onObserverAdded": null,
    "notifyIfTriggered": false,
  },
  "onNewAnimationGroupAddedObservable": Observable {
    "_eventState": EventState {
      "currentTarget": undefined,
      "mask": 0,
      "skipNextObservers": false,
      "target": undefined,
    },
    "_hasNotified": false,
    "_numObserversMarkedAsDeleted": 0,
    "_observers": [],
    "notifyIfTriggered": false,
  },
  "onNewCameraAddedObservable": Observable {
    "_eventState": EventState {
      "currentTarget": undefined,
      "mask": 0,
      "skipNextObservers": false,
      "target": undefined,
    },
    "_hasNotified": false,
    "_lastNotifiedValue": undefined,
    "_numObserversMarkedAsDeleted": 0,
    "_observers": [],
    "_onObserverAdded": null,
    "notifyIfTriggered": false,
  },
  "onNewEffectLayerAddedObservable": Observable {
    "_eventState": EventState {
      "currentTarget": undefined,
      "mask": 0,
      "skipNextObservers": false,
      "target": undefined,
    },
    "_hasNotified": false,
    "_numObserversMarkedAsDeleted": 0,
    "_observers": [],
    "notifyIfTriggered": false,
  },
  "onNewFrameGraphAddedObservable": Observable {
    "_eventState": EventState {
      "currentTarget": undefined,
      "mask": 0,
      "skipNextObservers": false,
      "target": undefined,
    },
    "_hasNotified": false,
    "_lastNotifiedValue": undefined,
    "_numObserversMarkedAsDeleted": 0,
    "_observers": [],
    "_onObserverAdded": null,
    "notifyIfTriggered": false,
  },
  "onNewGeometryAddedObservable": Observable {
    "_eventState": EventState {
      "currentTarget": undefined,
      "mask": 0,
      "skipNextObservers": false,
      "target": undefined,
    },
    "_hasNotified": false,
    "_lastNotifiedValue": undefined,
    "_numObserversMarkedAsDeleted": 0,
    "_observers": [],
    "_onObserverAdded": null,
    "notifyIfTriggered": false,
  },
  "onNewLightAddedObservable": Observable {
    "_eventState": EventState {
      "currentTarget": undefined,
      "mask": 0,
      "skipNextObservers": false,
      "target": undefined,
    },
    "_hasNotified": false,
    "_lastNotifiedValue": undefined,
    "_numObserversMarkedAsDeleted": 0,
    "_observers": [],
    "_onObserverAdded": null,
    "notifyIfTriggered": false,
  },
  "onNewMaterialAddedObservable": Observable {
    "_eventState": EventState {
      "currentTarget": undefined,
      "mask": 0,
      "skipNextObservers": false,
      "target": undefined,
    },
    "_hasNotified": false,
    "_lastNotifiedValue": undefined,
    "_numObserversMarkedAsDeleted": 0,
    "_observers": [],
    "_onObserverAdded": null,
    "notifyIfTriggered": false,
  },
  "onNewMeshAddedObservable": Observable {
    "_eventState": EventState {
      "currentTarget": undefined,
      "mask": 0,
      "skipNextObservers": false,
      "target": undefined,
    },
    "_hasNotified": false,
    "_lastNotifiedValue": undefined,
    "_numObserversMarkedAsDeleted": 0,
    "_observers": [],
    "_onObserverAdded": null,
    "notifyIfTriggered": false,
  },
  "onNewMultiMaterialAddedObservable": Observable {
    "_eventState": EventState {
      "currentTarget": undefined,
      "mask": 0,
      "skipNextObservers": false,
      "target": undefined,
    },
    "_hasNotified": false,
    "_lastNotifiedValue": undefined,
    "_numObserversMarkedAsDeleted": 0,
    "_observers": [],
    "_onObserverAdded": null,
    "notifyIfTriggered": false,
  },
  "onNewObjectRendererAddedObservable": Observable {
    "_eventState": EventState {
      "currentTarget": undefined,
      "mask": 0,
      "skipNextObservers": false,
      "target": undefined,
    },
    "_hasNotified": false,
    "_lastNotifiedValue": undefined,
    "_numObserversMarkedAsDeleted": 0,
    "_observers": [],
    "_onObserverAdded": null,
    "notifyIfTriggered": false,
  },
  "onNewParticleSystemAddedObservable": Observable {
    "_eventState": EventState {
      "currentTarget": undefined,
      "mask": 0,
      "skipNextObservers": false,
      "target": undefined,
    },
    "_hasNotified": false,
    "_numObserversMarkedAsDeleted": 0,
    "_observers": [],
    "notifyIfTriggered": false,
  },
  "onNewPostProcessAddedObservable": Observable {
    "_eventState": EventState {
      "currentTarget": undefined,
      "mask": 0,
      "skipNextObservers": false,
      "target": undefined,
    },
    "_hasNotified": false,
    "_numObserversMarkedAsDeleted": 0,
    "_observers": [],
    "notifyIfTriggered": false,
  },
  "onNewSkeletonAddedObservable": Observable {
    "_eventState": EventState {
      "currentTarget": undefined,
      "mask": 0,
      "skipNextObservers": false,
      "target": undefined,
    },
    "_hasNotified": false,
    "_lastNotifiedValue": undefined,
    "_numObserversMarkedAsDeleted": 0,
    "_observers": [],
    "_onObserverAdded": null,
    "notifyIfTriggered": false,
  },
  "onNewTextureAddedObservable": Observable {
    "_eventState": EventState {
      "currentTarget": undefined,
      "mask": 0,
      "skipNextObservers": false,
      "target": undefined,
    },
    "_hasNotified": false,
    "_lastNotifiedValue": undefined,
    "_numObserversMarkedAsDeleted": 0,
    "_observers": [],
    "_onObserverAdded": null,
    "notifyIfTriggered": false,
  },
  "onNewTransformNodeAddedObservable": Observable {
    "_eventState": EventState {
      "currentTarget": undefined,
      "mask": 0,
      "skipNextObservers": false,
      "target": undefined,
    },
    "_hasNotified": false,
    "_lastNotifiedValue": undefined,
    "_numObserversMarkedAsDeleted": 0,
    "_observers": [],
    "_onObserverAdded": null,
    "notifyIfTriggered": false,
  },
  "onObjectRendererRemovedObservable": Observable {
    "_eventState": EventState {
      "currentTarget": undefined,
      "mask": 0,
      "skipNextObservers": false,
      "target": undefined,
    },
    "_hasNotified": false,
    "_lastNotifiedValue": undefined,
    "_numObserversMarkedAsDeleted": 0,
    "_observers": [],
    "_onObserverAdded": null,
    "notifyIfTriggered": false,
  },
  "onParticleSystemRemovedObservable": Observable {
    "_eventState": EventState {
      "currentTarget": undefined,
      "mask": 0,
      "skipNextObservers": false,
      "target": undefined,
    },
    "_hasNotified": false,
    "_numObserversMarkedAsDeleted": 0,
    "_observers": [],
    "notifyIfTriggered": false,
  },
  "onPointerObservable": Observable {
    "_eventState": EventState {
      "currentTarget": undefined,
      "mask": 0,
      "skipNextObservers": false,
      "target": undefined,
    },
    "_hasNotified": false,
    "_lastNotifiedValue": undefined,
    "_numObserversMarkedAsDeleted": 0,
    "_observers": [],
    "_onObserverAdded": null,
    "notifyIfTriggered": false,
  },
  "onPostProcessRemovedObservable": Observable {
    "_eventState": EventState {
      "currentTarget": undefined,
      "mask": 0,
      "skipNextObservers": false,
      "target": undefined,
    },
    "_hasNotified": false,
    "_numObserversMarkedAsDeleted": 0,
    "_observers": [],
    "notifyIfTriggered": false,
  },
  "onPreKeyboardObservable": Observable {
    "_eventState": EventState {
      "currentTarget": undefined,
      "mask": 0,
      "skipNextObservers": false,
      "target": undefined,
    },
    "_hasNotified": false,
    "_lastNotifiedValue": undefined,
    "_numObserversMarkedAsDeleted": 0,
    "_observers": [],
    "_onObserverAdded": null,
    "notifyIfTriggered": false,
  },
  "onPrePointerObservable": Observable {
    "_eventState": EventState {
      "currentTarget": undefined,
      "mask": 0,
      "skipNextObservers": false,
      "target": undefined,
    },
    "_hasNotified": false,
    "_lastNotifiedValue": undefined,
    "_numObserversMarkedAsDeleted": 0,
    "_observers": [],
    "_onObserverAdded": null,
    "notifyIfTriggered": false,
  },
  "onReadyObservable": Observable {
    "_eventState": EventState {
      "currentTarget": undefined,
      "mask": 0,
      "skipNextObservers": false,
      "target": undefined,
    },
    "_hasNotified": false,
    "_lastNotifiedValue": undefined,
    "_numObserversMarkedAsDeleted": 0,
    "_observers": [],
    "_onObserverAdded": null,
    "notifyIfTriggered": false,
  },
  "onReadyTimeoutDuration": 120000,
  "onReadyTimeoutObservable": Observable {
    "_eventState": EventState {
      "currentTarget": undefined,
      "mask": 0,
      "skipNextObservers": false,
      "target": undefined,
    },
    "_hasNotified": false,
    "_numObserversMarkedAsDeleted": 0,
    "_observers": [],
    "notifyIfTriggered": false,
  },
  "onScenePerformancePriorityChangedObservable": Observable {
    "_eventState": EventState {
      "currentTarget": undefined,
      "mask": 0,
      "skipNextObservers": false,
      "target": undefined,
    },
    "_hasNotified": false,
    "_lastNotifiedValue": undefined,
    "_numObserversMarkedAsDeleted": 0,
    "_observers": [],
    "_onObserverAdded": null,
    "notifyIfTriggered": false,
  },
  "onSkeletonRemovedObservable": Observable {
    "_eventState": EventState {
      "currentTarget": undefined,
      "mask": 0,
      "skipNextObservers": false,
      "target": undefined,
    },
    "_hasNotified": false,
    "_lastNotifiedValue": undefined,
    "_numObserversMarkedAsDeleted": 0,
    "_observers": [],
    "_onObserverAdded": null,
    "notifyIfTriggered": false,
  },
  "onTextureRemovedObservable": Observable {
    "_eventState": EventState {
      "currentTarget": undefined,
      "mask": 0,
      "skipNextObservers": false,
      "target": undefined,
    },
    "_hasNotified": false,
    "_lastNotifiedValue": undefined,
    "_numObserversMarkedAsDeleted": 0,
    "_observers": [],
    "_onObserverAdded": null,
    "notifyIfTriggered": false,
  },
  "onTransformNodeRemovedObservable": Observable {
    "_eventState": EventState {
      "currentTarget": undefined,
      "mask": 0,
      "skipNextObservers": false,
      "target": undefined,
    },
    "_hasNotified": false,
    "_lastNotifiedValue": undefined,
    "_numObserversMarkedAsDeleted": 0,
    "_observers": [],
    "_onObserverAdded": null,
    "notifyIfTriggered": false,
  },
  "particleSystems": [],
  "particlesEnabled": true,
  "physicsEnabled": true,
  "postProcessManager": PostProcessManager {
    "_activePostProcesses": [],
    "_scene": [Circular],
    "_vertexBuffers": {},
    "onBeforeRenderObservable": Observable {
      "_eventState": EventState {
        "currentTarget": undefined,
        "mask": 0,
        "skipNextObservers": false,
        "target": undefined,
      },
      "_hasNotified": false,
      "_numObserversMarkedAsDeleted": 0,
      "_observers": [],
      "notifyIfTriggered": false,
    },
  },
  "postProcesses": [],
  "postProcessesEnabled": true,
  "preventDefaultOnPointerDown": true,
  "preventDefaultOnPointerUp": true,
  "probesEnabled": true,
  "proceduralTextures": [],
  "proceduralTexturesEnabled": true,
  "renderTargetsEnabled": true,
  "requireLightSorting": false,
  "reservedDataStore": null,
  "rootNodes": [],
  "skeletons": [],
  "sounds": null,
  "spritesEnabled": true,
  "textures": [],
  "transformNodes": [],
  "useClonedMeshMap": true,
  "useConstantAnimationDeltaTime": false,
  "useMaterialMeshMap": true,
}

+ Received:
undefined

 ❯ packages/render/src/scene-coordinate-context.test.ts:22:51
     20|   try {
     21|     world.render();
     22|     expect(FloatingOriginCurrentScene.getScene()).toBe(world);
       |                                                   ^
     23|     expect(uploaded[0][12]).toBeCloseTo(0, 6);
     24|     expect(uploaded[0][13]).toBeCloseTo(-265, 6);

⎯⎯⎯⎯⎯⎯⎯⎯⎯⎯⎯⎯⎯⎯⎯⎯⎯⎯⎯⎯⎯⎯⎯⎯[1/1]⎯


 Test Files  1 failed (1)
      Tests  1 failed (1)
   Start at  18:16:09
   Duration  1.28s (transform 17ms, setup 0ms, import 1.17s, tests 16ms, environment 0ms)

