
 RUN  v4.1.11 /root/sidereal_spacetime/.runtime/worktrees/yellow-star-system

stdout | packages/render/src/environment/planet-atmosphere.test.ts > keeps the atmosphere centered while orbiting a distant parented planet
BJS - [18:19:46]: Babylon.js v9.25.0 - Null engine

 ❯ packages/render/src/environment/planet-atmosphere.test.ts (1 test | 1 failed) 18ms
   × keeps the atmosphere centered while orbiting a distant parented planet 18ms

⎯⎯⎯⎯⎯⎯⎯ Failed Tests 1 ⎯⎯⎯⎯⎯⎯⎯

 FAIL  packages/render/src/environment/planet-atmosphere.test.ts > keeps the atmosphere centered while orbiting a distant parented planet
AssertionError: expected 0.0032574779808149557 to be less than 0.0001
 ❯ packages/render/src/environment/planet-atmosphere.test.ts:31:46
     29|       const projection = uploaded.get("worldViewProjection") ?? upload…
     30|       const actual = Vector3.TransformCoordinates(Vector3.Zero(), proj…
     31|       expect(Math.hypot(actual.x, actual.y)).toBeLessThan(.0001);
       |                                              ^
     32|     }
     33|   } finally {

⎯⎯⎯⎯⎯⎯⎯⎯⎯⎯⎯⎯⎯⎯⎯⎯⎯⎯⎯⎯⎯⎯⎯⎯[1/1]⎯


 Test Files  1 failed (1)
      Tests  1 failed (1)
   Start at  18:19:45
   Duration  1.38s (transform 38ms, setup 0ms, import 1.27s, tests 18ms, environment 0ms)

