
 RUN  v4.1.11 /root/sidereal_spacetime/.runtime/worktrees/yellow-star-system

stdout | packages/render/src/environment/planet-atmosphere.test.ts > keeps the atmosphere centered while orbiting a distant parented planet
BJS - [18:17:43]: Babylon.js v9.25.0 - Null engine

 ❯ packages/render/src/environment/planet-atmosphere.test.ts (1 test | 1 failed) 18ms
   × keeps the atmosphere centered while orbiting a distant parented planet 17ms

⎯⎯⎯⎯⎯⎯⎯ Failed Tests 1 ⎯⎯⎯⎯⎯⎯⎯

 FAIL  packages/render/src/environment/planet-atmosphere.test.ts > keeps the atmosphere centered while orbiting a distant parented planet
AssertionError: expected 2.32561330858531 to be less than 0.0001
 ❯ packages/render/src/environment/planet-atmosphere.test.ts:25:46
     23|       const projection = uploaded.get("worldViewProjection") ?? upload…
     24|       const actual = Vector3.TransformCoordinates(Vector3.Zero(), proj…
     25|       expect(Math.hypot(actual.x, actual.y)).toBeLessThan(.0001);
       |                                              ^
     26|     }
     27|   } finally {

⎯⎯⎯⎯⎯⎯⎯⎯⎯⎯⎯⎯⎯⎯⎯⎯⎯⎯⎯⎯⎯⎯⎯⎯[1/1]⎯


 Test Files  1 failed (1)
      Tests  1 failed (1)
   Start at  18:17:41
   Duration  1.29s (transform 30ms, setup 0ms, import 1.20s, tests 18ms, environment 0ms)

