
> sidereal-spacetime@0.4.0 build:client
> npm run build --workspace @sidereal/client


> @sidereal/client@0.4.1 build
> python3 ../../scripts/prepare_app.py client && vite build && node ../../scripts/precompress_assets.mjs dist

Prepared published runtime assets and allowlisted public help only.
(!) Your Vite config uses features that are unsupported by `configLoader: 'native'`, which is planned to become the default in a future major version of Vite:
  - import "./pose-review-assets" without a file extension (vite.config.ts:5:34). Add the file extension
Set `VITE_CONFIG_NATIVE_IGNORE_WARNING=true` to suppress this warning.
vite v8.2.2 building client environment for production...
transforming...
✓ 1756 modules transformed.
rendering chunks...
computing gzip size...
dist/index.html                                                            2.34 kB │ gzip:   0.73 kB
dist/assets/barlow-condensed-vietnamese-600-normal-CNlPk46_.woff           6.07 kB
dist/assets/barlow-vietnamese-400-normal-BFeobeCK.woff                     6.09 kB
dist/assets/barlow-vietnamese-500-normal-GNfB7rCE.woff                     6.14 kB
dist/assets/barlow-vietnamese-600-normal-CA_GiK2e.woff                     6.22 kB
dist/assets/barlow-vietnamese-400-normal-Dpl4UHAZ.woff2                    7.58 kB
dist/assets/barlow-vietnamese-500-normal-zTViEIzf.woff2                    7.66 kB
dist/assets/barlow-condensed-vietnamese-600-normal-A5AYRdjN.woff2          7.69 kB
dist/assets/barlow-vietnamese-600-normal-DcjprdFV.woff2                    7.89 kB
dist/assets/barlow-condensed-latin-ext-600-normal-Clv9cIcR.woff           11.97 kB
dist/assets/barlow-latin-ext-400-normal-CvBsJvxq.woff                     12.31 kB
dist/assets/barlow-latin-ext-500-normal-CJPcKP2Q.woff                     12.41 kB
dist/assets/barlow-latin-ext-600-normal-DMVRjfRT.woff                     12.60 kB
dist/assets/barlow-latin-ext-400-normal-HxX4XjxC.woff2                    14.26 kB
dist/assets/barlow-latin-ext-500-normal-DOaysfXq.woff2                    14.41 kB
dist/assets/barlow-condensed-latin-ext-600-normal-18ESti3H.woff2          14.51 kB
dist/assets/barlow-latin-ext-600-normal-B8NK_A3D.woff2                    14.96 kB
dist/assets/glslang-DqqdIFnr.js                                           16.03 kB
dist/assets/barlow-condensed-latin-600-normal-BFJEwTuo.woff               18.89 kB
dist/assets/barlow-latin-500-normal-C1h8hMer.woff                         19.51 kB
dist/assets/barlow-latin-400-normal-fsAxiSwU.woff                         19.58 kB
dist/assets/barlow-latin-600-normal-CNwfPWQD.woff                         19.88 kB
dist/assets/barlow-latin-500-normal-BPAOfeC8.woff2                        22.00 kB
dist/assets/barlow-latin-400-normal-qiz4-Cze.woff2                        22.19 kB
dist/assets/barlow-condensed-latin-600-normal-DepVgxBB.woff2              22.30 kB
dist/assets/barlow-latin-600-normal-DILqtrty.woff2                        22.77 kB
dist/assets/twgsl-DqdFeK3J.js                                             74.55 kB
dist/assets/planet-worker-D3oTwKC-.js                                    131.48 kB
dist/assets/glslang-G7Yt_-32.wasm                                        943.68 kB │ gzip: 304.90 kB
dist/assets/twgsl-CB--yrSG.wasm                                        1,702.91 kB │ gzip: 600.20 kB
dist/assets/index-DAm04YGp.css                                            11.81 kB │ gzip:   3.01 kB
dist/assets/typeStore-Cu_sj2zM.js                                          0.08 kB │ gzip:   0.08 kB
dist/assets/clearQuad.fragment-CE2Q1OCi.js                                 0.08 kB │ gzip:   0.10 kB
dist/assets/clearQuad.vertex-Iz_dgoJl.js                                   0.08 kB │ gzip:   0.10 kB
dist/assets/abstractAudioBus--7eTNef0.js                                   0.11 kB │ gzip:   0.13 kB
dist/assets/guid-BXdVC_j_.js                                               0.15 kB │ gzip:   0.14 kB
dist/assets/flowGraphExecutionBlockWithOutSignal-COx74pH2.js               0.15 kB │ gzip:   0.15 kB
dist/assets/precisionDate-Uyb-ubD0.js                                      0.18 kB │ gzip:   0.14 kB
dist/assets/kernelBlurVaryingDeclaration-DP2Wr9Oc.js                       0.21 kB │ gzip:   0.17 kB
dist/assets/kernelBlurVaryingDeclaration-g2Ge9lzd.js                       0.22 kB │ gzip:   0.18 kB
dist/assets/mainUVVaryingDeclaration-BBamQlxR.js                           0.22 kB │ gzip:   0.19 kB
dist/assets/mainUVVaryingDeclaration-B_7d0nc3.js                           0.23 kB │ gzip:   0.19 kB
dist/assets/domManagement-BqltO0ki.js                                      0.25 kB │ gzip:   0.17 kB
dist/assets/logDepthFragment-C5lxT4l1.js                                   0.27 kB │ gzip:   0.22 kB
dist/assets/logDepthDeclaration-3gXGtHbI.js                                0.27 kB │ gzip:   0.22 kB
dist/assets/meshUboDeclaration-BATNZvmb.js                                 0.27 kB │ gzip:   0.23 kB
dist/assets/abstractEngine.texture.pure-Cy0kIQNK.js                        0.28 kB │ gzip:   0.20 kB
dist/assets/logDepthDeclaration-DYYUVTrx.js                                0.28 kB │ gzip:   0.22 kB
dist/assets/math.axis-D9cW-dXd.js                                          0.28 kB │ gzip:   0.21 kB
dist/assets/flowGraphUnaryOperationBlock-CR4z0OAt.js                       0.30 kB │ gzip:   0.22 kB
dist/assets/logDepthVertex-D5IUM6qd.js                                     0.30 kB │ gzip:   0.24 kB
dist/assets/logDepthFragment-CxtJswLx.js                                   0.31 kB │ gzip:   0.24 kB
dist/assets/pass.fragment-Cvd2TCWC.js                                      0.31 kB │ gzip:   0.25 kB
dist/assets/sceneVertexDeclaration-CluTp-RC.js                             0.33 kB │ gzip:   0.22 kB
dist/assets/bumpVertexDeclaration-Cb04kLz9.js                              0.34 kB │ gzip:   0.25 kB
dist/assets/meshUboDeclaration-BmNu2KU_.js                                 0.34 kB │ gzip:   0.25 kB
dist/assets/oitBackBlend.fragment-DnRDn_Uc.js                              0.34 kB │ gzip:   0.25 kB
dist/assets/flowGraphKeyUpEventBlock.pure-GIi1NNpk.js                      0.35 kB │ gzip:   0.23 kB
dist/assets/keyboardEvents-CGYiptFb.js                                     0.35 kB │ gzip:   0.20 kB
dist/assets/engineStore-e38OvQA7.js                                        0.36 kB │ gzip:   0.22 kB
dist/assets/sceneUboDeclaration-B5VhSG0v.js                                0.36 kB │ gzip:   0.26 kB
dist/assets/shadowMapFragmentSoftTransparentShadow-R_iOKnyx.js             0.37 kB │ gzip:   0.26 kB
dist/assets/flowGraphBinaryOperationBlock-DSlk1Jwj.js                      0.37 kB │ gzip:   0.24 kB
dist/assets/logDepthVertex-DSD5XdGw.js                                     0.37 kB │ gzip:   0.26 kB
dist/assets/fogVertex-NHlgMcT2.js                                          0.38 kB │ gzip:   0.24 kB
dist/assets/oitFinalSimpleBlend.fragment-Q5Yng1yZ.js                       0.38 kB │ gzip:   0.25 kB
dist/assets/bumpVertexDeclaration-I4Guxw_q.js                              0.39 kB │ gzip:   0.26 kB
dist/assets/fresnelFunction-BmNPQIdN.js                                    0.39 kB │ gzip:   0.28 kB
dist/assets/shadowMapFragmentSoftTransparentShadow-B6k0i9Au.js             0.40 kB │ gzip:   0.28 kB
dist/assets/oitBackBlend.fragment-CGzcLb9C.js                              0.41 kB │ gzip:   0.27 kB
dist/assets/flowGraphTernaryOperationBlock-BlmpYV7_.js                     0.41 kB │ gzip:   0.24 kB
dist/assets/vertexColorMixing-DPW6Is9y.js                                  0.43 kB │ gzip:   0.27 kB
dist/assets/glowMapMerge.vertex-XcoH38fZ.js                                0.43 kB │ gzip:   0.29 kB
dist/assets/sceneUboDeclaration-B96Tfx7b.js                                0.43 kB │ gzip:   0.27 kB
dist/assets/oitFinalSimpleBlend.fragment-nGYFumis.js                       0.45 kB │ gzip:   0.29 kB
dist/assets/pass.fragment-C9fRTBUH.js                                      0.45 kB │ gzip:   0.29 kB
dist/assets/postprocess.vertex-DJCmMhI8.js                                 0.46 kB │ gzip:   0.30 kB
dist/assets/flowGraphGLTFDataProvider-HGDeosbc.js                          0.46 kB │ gzip:   0.29 kB
dist/assets/shaderStore-D-XQlhUT.js                                        0.46 kB │ gzip:   0.17 kB
dist/assets/procedural.vertex-C47TVAon.js                                  0.47 kB │ gzip:   0.29 kB
dist/assets/flowGraphCodeExecutionBlock-DZaOUno-.js                        0.47 kB │ gzip:   0.27 kB
dist/assets/decalFragment-CvBK6CMD.js                                      0.48 kB │ gzip:   0.28 kB
dist/assets/iblCdfx.fragment-DwJ2-o2J.js                                   0.49 kB │ gzip:   0.34 kB
dist/assets/performanceConfigurator-UtxC_Odd.js                            0.50 kB │ gzip:   0.25 kB
dist/assets/fogVertex-DNAMrhb0.js                                          0.50 kB │ gzip:   0.29 kB
dist/assets/hdrFiltering.vertex-D0M3wH6A.js                                0.50 kB │ gzip:   0.31 kB
dist/assets/rgbdEncode.fragment-CVg4Fcse.js                                0.51 kB │ gzip:   0.33 kB
dist/assets/rgbdDecode.fragment-Cdz2Tveq.js                                0.52 kB │ gzip:   0.34 kB
dist/assets/bumpVertex-CWhdIpqj.js                                         0.52 kB │ gzip:   0.32 kB
dist/assets/flowGraphGetSoundVolumeBlock.pure-XAJLoFPZ.js                  0.52 kB │ gzip:   0.31 kB
dist/assets/hdrIrradianceFiltering.vertex-DOQV8qQx.js                      0.52 kB │ gzip:   0.32 kB
dist/assets/packingFunctions-DpGwbupU.js                                   0.52 kB │ gzip:   0.29 kB
dist/assets/depthBoxBlur.fragment-CLEAG5DG.js                              0.53 kB │ gzip:   0.35 kB
dist/assets/flowGraphConstantBlock.pure-CrVj5SYi.js                        0.53 kB │ gzip:   0.31 kB
dist/assets/flowGraphIsSoundPlayingBlock.pure-BySQTaod.js                  0.54 kB │ gzip:   0.32 kB
dist/assets/glowMapMerge.vertex-CBAYzq55.js                                0.54 kB │ gzip:   0.33 kB
dist/assets/hdrTextureLoader-D8wc9aOX.js                                   0.54 kB │ gzip:   0.39 kB
dist/assets/flowGraphInteger.pure-CZmJgkLp.js                              0.55 kB │ gzip:   0.29 kB
dist/assets/flowGraphPauseAnimationBlock.pure-BdirIPlq.js                  0.56 kB │ gzip:   0.32 kB
dist/assets/vertexColorMixing-UCrnwszu.js                                  0.56 kB │ gzip:   0.30 kB
dist/assets/packingFunctions-CINwVZs6.js                                   0.56 kB │ gzip:   0.31 kB
dist/assets/iblCdfx.fragment-DcN-2ogt.js                                   0.56 kB │ gzip:   0.37 kB
dist/assets/layer.vertex-VRdlUggn.js                                       0.57 kB │ gzip:   0.35 kB
dist/assets/postprocess.vertex-CmVXXq2T.js                                 0.58 kB │ gzip:   0.35 kB
dist/assets/flowGraphGetVariableBlock.pure-BFfEIXkp.js                     0.58 kB │ gzip:   0.32 kB
dist/assets/flowGraphContextBlock.pure-DiNqg7_V.js                         0.58 kB │ gzip:   0.31 kB
dist/assets/flowGraphStopSoundBlock.pure-DdAWl0G8.js                       0.60 kB │ gzip:   0.35 kB
dist/assets/flowGraphKeyDownEventBlock.pure-CgF-s7NX.js                    0.60 kB │ gzip:   0.35 kB
dist/assets/procedural.vertex-D3o6xkF2.js                                  0.61 kB │ gzip:   0.34 kB
dist/assets/flowGraphBranchBlock.pure-C5BCzozX.js                          0.62 kB │ gzip:   0.33 kB
dist/assets/envTextureLoader-CVbkd06v.js                                   0.63 kB │ gzip:   0.41 kB
dist/assets/flowGraphEventBlock-C4FQyH0Y.js                                0.63 kB │ gzip:   0.37 kB
dist/assets/rgbdEncode.fragment-CxPSfrvR.js                                0.65 kB │ gzip:   0.37 kB
dist/assets/flowGraphPauseSoundBlock.pure-Bt2M7yxG.js                      0.65 kB │ gzip:   0.38 kB
dist/assets/hdrFiltering.vertex-COSbMAY6.js                                0.66 kB │ gzip:   0.36 kB
dist/assets/rgbdDecode.fragment-DXl2fYur.js                                0.66 kB │ gzip:   0.38 kB
dist/assets/drawWrapper-BTn-LiJG.js                                        0.66 kB │ gzip:   0.38 kB
dist/assets/flowGraphAsyncExecutionBlock-IDroWqlC.js                       0.66 kB │ gzip:   0.35 kB
dist/assets/flowGraphConditionalDataBlock.pure-Ch3dpS0D.js                 0.67 kB │ gzip:   0.33 kB
dist/assets/hdrIrradianceFiltering.vertex-CFN7uIG9.js                      0.68 kB │ gzip:   0.37 kB
dist/assets/utils-CLq_UU0_.js                                              0.68 kB │ gzip:   0.36 kB
dist/assets/flowGraphIndexOfBlock.pure-CCT16NDs.js                         0.69 kB │ gzip:   0.37 kB
dist/assets/bumpVertex-DRq4BZvD.js                                         0.69 kB │ gzip:   0.38 kB
dist/assets/flowGraphSetSoundVolumeBlock.pure-EbkDoBr4.js                  0.70 kB │ gzip:   0.37 kB
dist/assets/flowGraphStopEventPropagationBlock.pure-C5K5vvhR.js            0.70 kB │ gzip:   0.37 kB
dist/assets/depthBoxBlur.fragment-D2KJPEQv.js                              0.71 kB │ gzip:   0.41 kB
dist/assets/flowGraphSceneReadyEventBlock.pure-CgHwSx39.js                 0.71 kB │ gzip:   0.38 kB
dist/assets/layer.vertex-DtTr2bD5.js                                       0.71 kB │ gzip:   0.40 kB
dist/assets/flowGraphSetLinearVelocityBlock.pure-DHvfJkd-.js               0.73 kB │ gzip:   0.39 kB
dist/assets/flowGraphCounterBlock.pure-4eX-lWWu.js                         0.73 kB │ gzip:   0.38 kB
dist/assets/flowGraphAssetsContext-WtUyuDAI.js                             0.73 kB │ gzip:   0.27 kB
dist/assets/flowGraphGetLinearVelocityBlock.pure-ClEC8yho.js               0.73 kB │ gzip:   0.40 kB
dist/assets/flowGraphSetAngularVelocityBlock.pure-DbEHI4Wg.js              0.73 kB │ gzip:   0.38 kB
dist/assets/flowGraphGetAngularVelocityBlock.pure-5IKramUB.js              0.74 kB │ gzip:   0.40 kB
dist/assets/flowGraphSetPhysicsMotionTypeBlock.pure-CwiurA-F.js            0.74 kB │ gzip:   0.39 kB
dist/assets/flowGraphFunctionReferenceBlock.pure-BLRv-9Je.js               0.75 kB │ gzip:   0.37 kB
dist/assets/pointerEvents-TGc55W6F.js                                      0.76 kB │ gzip:   0.40 kB
dist/assets/flowGraphFlipFlopBlock.pure-Do_Tx3l8.js                        0.76 kB │ gzip:   0.39 kB
dist/assets/flowGraphApplyForceBlock.pure-r0Z_yy72.js                      0.77 kB │ gzip:   0.40 kB
dist/assets/flowGraphApplyImpulseBlock.pure-BPZrj7yV.js                    0.79 kB │ gzip:   0.41 kB
dist/assets/glowMapMerge.fragment-E4YwFGds.js                              0.80 kB │ gzip:   0.42 kB
dist/assets/flowGraphGetAssetBlock.pure-DugS8DH8.js                        0.80 kB │ gzip:   0.42 kB
dist/assets/hdrFiltering.fragment-cHOWPEWI.js                              0.80 kB │ gzip:   0.42 kB
dist/assets/flowGraphSequenceBlock.pure-Bvl7YwMc.js                        0.82 kB │ gzip:   0.39 kB
dist/assets/layer.fragment-C9-N3foB.js                                     0.82 kB │ gzip:   0.45 kB
dist/assets/passCube.fragment-B9dBqbCg.js                                  0.82 kB │ gzip:   0.35 kB
dist/assets/flowGraphGetPhysicsMassPropertiesBlock.pure-BwuPfrAf.js        0.83 kB │ gzip:   0.39 kB
dist/assets/flowGraphCancelDelayBlock.pure-BxKbJ3WB.js                     0.85 kB │ gzip:   0.49 kB
dist/assets/taa.fragment-CP05W5o0.js                                       0.86 kB │ gzip:   0.45 kB
dist/assets/flowGraphDebounceBlock.pure-CpQqKZxx.js                        0.87 kB │ gzip:   0.41 kB
dist/assets/flowGraphPlaySoundBlock.pure-BK77CfU6.js                       0.88 kB │ gzip:   0.44 kB
dist/assets/kernelBlur.vertex-C2dESVl-.js                                  0.88 kB │ gzip:   0.46 kB
dist/assets/flowGraphSceneTickEventBlock.pure-BQWB6_b5.js                  0.91 kB │ gzip:   0.42 kB
dist/assets/math.size-BHZaDYSv.js                                          0.91 kB │ gzip:   0.37 kB
dist/assets/imageProcessing.fragment-Bb9mf-7k.js                           0.91 kB │ gzip:   0.48 kB
dist/assets/flowGraphCachedOperationBlock-BvZ7shST.js                      0.91 kB │ gzip:   0.41 kB
dist/assets/webAudioMainBus-DS1jp06x.js                                    0.91 kB │ gzip:   0.41 kB
dist/assets/flowGraphDoNBlock.pure-wTq92lP-.js                             0.91 kB │ gzip:   0.45 kB
dist/assets/color.fragment-CxH-oW8C.js                                     0.92 kB │ gzip:   0.43 kB
dist/assets/mesh.vertexData.functions-CD4JOR2q.js                          0.93 kB │ gzip:   0.48 kB
dist/assets/instancesDeclaration-CJBvtBV5.js                               0.93 kB │ gzip:   0.34 kB
dist/assets/flowGraphArrayIndexBlock.pure-DOGPRvBS.js                      0.93 kB │ gzip:   0.47 kB
dist/assets/hdrIrradianceFiltering.fragment-Plypi5hS.js                    0.93 kB │ gzip:   0.47 kB
dist/assets/flowGraphPointerOutEventBlock.pure-ChrW0ckT.js                 0.95 kB │ gzip:   0.46 kB
dist/assets/flowGraphGetPropertyBlock.pure-BTf7Skhg.js                     0.95 kB │ gzip:   0.45 kB
dist/assets/flowGraphPointerOverEventBlock.pure-B3Stm4gV.js                0.96 kB │ gzip:   0.47 kB
dist/assets/flowGraphDataSwitchBlock.pure-PgTdVuFC.js                      0.96 kB │ gzip:   0.48 kB
dist/assets/layer.fragment-CyjU4kk6.js                                     0.97 kB │ gzip:   0.50 kB
dist/assets/hdrFiltering.fragment-CFsnQbXs.js                              0.98 kB │ gzip:   0.47 kB
dist/assets/iblScaledLuminance.fragment-BiR4vIhv.js                        0.98 kB │ gzip:   0.52 kB
dist/assets/fxaa.vertex-CEYszSUi.js                                        0.99 kB │ gzip:   0.39 kB
dist/assets/flowGraphWhileLoopBlock.pure-CMUTCF9l.js                       1.00 kB │ gzip:   0.49 kB
dist/assets/flowGraphSendCustomEventBlock.pure-B0hn36Rg.js                 1.01 kB │ gzip:   0.50 kB
dist/assets/iblDominantDirection.fragment-fkMISSk7.js                      1.02 kB │ gzip:   0.54 kB
dist/assets/taa.fragment-Byipp7mo.js                                       1.02 kB │ gzip:   0.50 kB
dist/assets/color.fragment-CbJP31yK.js                                     1.03 kB │ gzip:   0.47 kB
dist/assets/instancesDeclaration-DsiFqYXH.js                               1.04 kB │ gzip:   0.36 kB
dist/assets/flowGraphTransformCoordinatesSystemBlock.pure-C7l2Uw8N.js      1.04 kB │ gzip:   0.45 kB
dist/assets/flowGraphPointerUpEventBlock.pure-CmlhzUl-.js                  1.05 kB │ gzip:   0.49 kB
dist/assets/flowGraphSoundEndedEventBlock.pure-C3ytmYQU.js                 1.05 kB │ gzip:   0.47 kB
dist/assets/flowGraphKeyboardEventBlock-Dn9I-MYf.js                        1.05 kB │ gzip:   0.43 kB
dist/assets/kernelBlur.vertex-Cr8ljakh.js                                  1.05 kB │ gzip:   0.50 kB
dist/assets/flowGraphPointerDownEventBlock.pure-B1UCzou3.js                1.06 kB │ gzip:   0.49 kB
dist/assets/glowMapMerge.fragment-kUzN8f-0.js                              1.06 kB │ gzip:   0.49 kB
dist/assets/flowGraphPointerMoveEventBlock.pure-CXJvPqw_.js                1.07 kB │ gzip:   0.49 kB
dist/assets/fogFragment-CISE_m3s.js                                        1.08 kB │ gzip:   0.49 kB
dist/assets/imageProcessing.fragment-C2rBLkba.js                           1.08 kB │ gzip:   0.53 kB
dist/assets/glowBlurPostProcess.fragment-DDN2NxnB.js                       1.11 kB │ gzip:   0.57 kB
dist/assets/harmonicsFunctions-QSz_WdsQ.js                                 1.12 kB │ gzip:   0.49 kB
dist/assets/baseTexture.polynomial.pure-DqQ1XLuO.js                        1.13 kB │ gzip:   0.39 kB
dist/assets/passCube.fragment-C8Bxt-YC.js                                  1.13 kB │ gzip:   0.39 kB
dist/assets/iblScaledLuminance.fragment-evIQ2NXg.js                        1.13 kB │ gzip:   0.54 kB
dist/assets/iblDominantDirection.fragment-BLkqlqmV.js                      1.15 kB │ gzip:   0.57 kB
dist/assets/hdrIrradianceFiltering.fragment-DVxhclrJ.js                    1.16 kB │ gzip:   0.53 kB
dist/assets/clipPlaneVertex-C59BO8JS.js                                    1.17 kB │ gzip:   0.34 kB
dist/assets/clipPlaneFragment-DVK0wgyZ.js                                  1.17 kB │ gzip:   0.35 kB
dist/assets/preload-helper-Czpn1I53.js                                     1.19 kB │ gzip:   0.67 kB
dist/assets/fogFragment-EikOP4pH.js                                        1.21 kB │ gzip:   0.54 kB
dist/assets/flowGraphSwitchBlock.pure-Bbb-SzLG.js                          1.24 kB │ gzip:   0.55 kB
dist/assets/iblCdfy.fragment-HwUiLPS_.js                                   1.25 kB │ gzip:   0.64 kB
dist/assets/defaultUboDeclaration-C53xcSdv.js                              1.26 kB │ gzip:   0.55 kB
dist/assets/iblCdfy.fragment-DxSYWO2X.js                                   1.26 kB │ gzip:   0.64 kB
dist/assets/flowGraphIsKeyPressedBlock.pure-BQugUSDz.js                    1.27 kB │ gzip:   0.50 kB
dist/assets/clipPlaneFragment-Ct2VqHzk.js                                  1.27 kB │ gzip:   0.37 kB
dist/assets/ddsTextureLoader-BnqRy_4G.js                                   1.27 kB │ gzip:   0.62 kB
dist/assets/halfFloat-Ce77JD5z.js                                          1.29 kB │ gzip:   0.60 kB
dist/assets/flowGraphSetVariableBlock.pure-CzcE9X1O.js                     1.31 kB │ gzip:   0.63 kB
dist/assets/flowGraphTypeToTypeBlocks.pure-DEYyCHNG.js                     1.32 kB │ gzip:   0.48 kB
dist/assets/clipPlaneVertex-DKhVm1NW.js                                    1.35 kB │ gzip:   0.37 kB
dist/assets/glowBlurPostProcess.fragment-CWHntGEt.js                       1.41 kB │ gzip:   0.65 kB
dist/assets/harmonicsFunctions-CMr56qfT.js                                 1.42 kB │ gzip:   0.52 kB
dist/assets/flowGraphBezierCurveEasingBlock.pure-CA_jbn-i.js               1.43 kB │ gzip:   0.71 kB
dist/assets/fxaa.vertex-BxlD2OIs.js                                        1.43 kB │ gzip:   0.45 kB
dist/assets/flowGraphThrottleBlock.pure-BUj7iWdX.js                        1.46 kB │ gzip:   0.55 kB
dist/assets/flowGraphDebugBlock.pure-DPkT4nSA.js                           1.48 kB │ gzip:   0.64 kB
dist/assets/abstractSoundSource-C-e4WmeD.js                                1.48 kB │ gzip:   0.48 kB
dist/assets/flowGraphSetPropertyBlock.pure-Dm9uLsTN.js                     1.49 kB │ gzip:   0.70 kB
dist/assets/flowGraphForLoopBlock.pure-CMCdj4x9.js                         1.51 kB │ gzip:   0.67 kB
dist/assets/flowGraphConsoleLogBlock.pure-CTbtS0oh.js                      1.52 kB │ gzip:   0.74 kB
dist/assets/flowGraphMeshPickEventBlock.pure-724UQQYN.js                   1.53 kB │ gzip:   0.64 kB
dist/assets/color.vertex-Dsq_8Wxr.js                                       1.57 kB │ gzip:   0.67 kB
dist/assets/color.vertex-CYNjCrqH.js                                       1.59 kB │ gzip:   0.67 kB
dist/assets/defaultUboDeclaration-bEX7kynB.js                              1.62 kB │ gzip:   0.53 kB
dist/assets/perfCounter-CRcs6GOv.js                                        1.63 kB │ gzip:   0.50 kB
dist/assets/flowGraphWaitAllBlock.pure-CzbCyAR_.js                         1.67 kB │ gzip:   0.67 kB
dist/assets/flowGraphEasingBlock.pure-BBlGP5eu.js                          1.70 kB │ gzip:   0.75 kB
dist/assets/gaussianSplatting.fragment-DNGQIzqk.js                         1.70 kB │ gzip:   0.73 kB
dist/assets/flowGraphPhysicsCollisionEventBlock.pure-B7R4eO0S.js           1.75 kB │ gzip:   0.67 kB
dist/assets/gaussianSplattingVoxel.fragment-B_Om6CDx.js                    1.75 kB │ gzip:   0.59 kB
dist/assets/flowGraphMultiGateBlock.pure-BZdOpT3h.js                       1.78 kB │ gzip:   0.75 kB
dist/assets/pbrUboDeclaration--xFZEw0i.js                                  1.80 kB │ gzip:   0.67 kB
dist/assets/gaussianSplatting.fragment-DO2aPL6S.js                         1.86 kB │ gzip:   0.75 kB
dist/assets/logger-CuBYPcDK.js                                             1.88 kB │ gzip:   0.82 kB
dist/assets/gaussianSplattingVoxel.vertex-BWXUcFdc.js                      1.88 kB │ gzip:   0.76 kB
dist/assets/glowMapGeneration.fragment-CeyBGCV2.js                         1.89 kB │ gzip:   0.73 kB
dist/assets/spatialWebAudioUpdaterComponent-cwNvmKsp.js                    1.89 kB │ gzip:   0.67 kB
dist/assets/gaussianSplattingVoxel.fragment-C65sY-Bh.js                    1.97 kB │ gzip:   0.87 kB
dist/assets/flowGraphStopAnimationBlock.pure-C6fvwdVJ.js                   2.01 kB │ gzip:   0.73 kB
dist/assets/flowGraphInterpolationBlock.pure-40S4ujOs.js                   2.14 kB │ gzip:   0.87 kB
dist/assets/webAudioBus-CBPdmGAP.js                                        2.27 kB │ gzip:   0.74 kB
dist/assets/kernelBlur.fragment-DHQjf6lq.js                                2.29 kB │ gzip:   0.77 kB
dist/assets/flowGraphReceiveCustomEventBlock.pure-Cc_XfiGH.js              2.33 kB │ gzip:   0.93 kB
dist/assets/pbrUboDeclaration-oed3_f2e.js                                  2.39 kB │ gzip:   0.66 kB
dist/assets/glowMapGeneration.vertex-B8p9FVmW.js                           2.46 kB │ gzip:   0.82 kB
dist/assets/iesTextureLoader-CRHVZ2rC.js                                   2.47 kB │ gzip:   1.08 kB
dist/assets/pbrIBLFunctions-CSlJv7qb.js                                    2.52 kB │ gzip:   0.88 kB
dist/assets/flowGraphExecutionBlock-BqmGbXzQ.js                            2.52 kB │ gzip:   0.86 kB
dist/assets/glowMapGeneration.fragment-Cp9qHE6X.js                         2.52 kB │ gzip:   0.83 kB
dist/assets/iblIcdf.fragment-Bo2ls1-U.js                                   2.56 kB │ gzip:   0.98 kB
dist/assets/gaussianSplattingVoxel.vertex-BraJXBHO.js                      2.60 kB │ gzip:   0.91 kB
dist/assets/iblCdfDebug.fragment-CWM_JAoW.js                               2.67 kB │ gzip:   0.96 kB
dist/assets/pbrIBLFunctions-b8fwQKtH.js                                    2.71 kB │ gzip:   0.88 kB
dist/assets/math.scalar.functions-TvhBAW3K.js                              2.73 kB │ gzip:   1.30 kB
dist/assets/kernelBlur.fragment-BcdTKoPW.js                                2.83 kB │ gzip:   0.84 kB
dist/assets/glowMapGeneration.vertex-D_U_TEFi.js                           2.93 kB │ gzip:   0.91 kB
dist/assets/webRequest-dqz0dHXK.js                                         2.94 kB │ gzip:   1.06 kB
dist/assets/iblIcdf.fragment-C6GWdBpb.js                                   2.95 kB │ gzip:   1.04 kB
dist/assets/iblCdfDebug.fragment-DIrn_BEK.js                               3.05 kB │ gzip:   1.00 kB
dist/assets/abstractSoundInstance-DG7m_0er.js                              3.09 kB │ gzip:   0.91 kB
dist/assets/observable.pure-B5E8yEYx.js                                    3.20 kB │ gzip:   1.10 kB
dist/assets/shadowMap.fragment-DX4Yo1bp.js                                 3.30 kB │ gzip:   1.16 kB
dist/assets/tgaTextureLoader-CqhhocF6.js                                   3.40 kB │ gzip:   1.35 kB
dist/assets/textureProcessor.fragment-D-awtrDP.js                          3.49 kB │ gzip:   1.00 kB
dist/assets/bonesVertex-D9u7574l.js                                        3.82 kB │ gzip:   0.83 kB
dist/assets/shadowMap.fragment-DUFTmQJ_.js                                 3.86 kB │ gzip:   1.25 kB
dist/assets/openpbrUboDeclaration-CbPGRvOI.js                              3.87 kB │ gzip:   1.03 kB
dist/assets/decorators-C_ra_8EP.js                                         3.87 kB │ gzip:   1.58 kB
dist/assets/webAudioParameterComponent-DHJkG40R.js                         3.99 kB │ gzip:   1.67 kB
dist/assets/gaussianSplatting.vertex-B-Lh4wAN.js                           4.05 kB │ gzip:   1.41 kB
dist/assets/dumpTools.pure-CGrWasXr.js                                     4.10 kB │ gzip:   1.94 kB
dist/assets/flowGraphJsonPointerParserBlock.pure-BtysDN1m.js               4.27 kB │ gzip:   1.66 kB
dist/assets/textureProcessor.fragment-B-hqHgey.js                          4.37 kB │ gzip:   1.18 kB
dist/assets/morphTargetsVertex-6N5r7oF1.js                                 4.37 kB │ gzip:   0.98 kB
dist/assets/reflectionFunction-CivoLMz9.js                                 4.66 kB │ gzip:   1.12 kB
dist/assets/flowGraphSetDelayBlock.pure-CrQE1IZe.js                        4.72 kB │ gzip:   1.65 kB
dist/assets/bakedVertexAnimation-C-a6t_tB.js                               4.73 kB │ gzip:   1.09 kB
dist/assets/flowGraphMatrixMathBlocks.pure-DWJlnOlR.js                     4.74 kB │ gzip:   1.48 kB
dist/assets/shadowMap.vertex-TZnupHeR.js                                   4.77 kB │ gzip:   1.60 kB
dist/assets/flowGraphPlayAnimationBlock.pure-BQC7JFh9.js                   4.84 kB │ gzip:   1.55 kB
dist/assets/shadowMap.vertex-DK_D7gdV.js                                   4.84 kB │ gzip:   1.55 kB
dist/assets/imageProcessingFunctions-B1IXC_gq.js                           4.93 kB │ gzip:   1.77 kB
dist/assets/gaussianSplatting.vertex-COkI_LCc.js                           4.94 kB │ gzip:   1.54 kB
dist/assets/openpbrUboDeclaration-Dnhi8mvk.js                              5.22 kB │ gzip:   1.05 kB
dist/assets/reflectionFunction-Cd8WyD5Q.js                                 5.23 kB │ gzip:   1.18 kB
dist/assets/fxaa.fragment-BJI4ON-J.js                                      5.55 kB │ gzip:   1.65 kB
dist/assets/imageProcessingFunctions-G8WWRV14.js                           5.66 kB │ gzip:   1.99 kB
dist/assets/sphericalPolynomial.pure-DHaErNQp.js                           5.73 kB │ gzip:   1.35 kB
dist/assets/morphTargetsVertex-OlIh-Lzh.js                                 6.40 kB │ gzip:   1.15 kB
dist/assets/fxaa.fragment-Uh7tsKmu.js                                      6.43 kB │ gzip:   1.71 kB
dist/assets/helperFunctions-BH8P-eyq.js                                    6.48 kB │ gzip:   2.18 kB
dist/assets/helperFunctions-gEnZbjN3.js                                    6.81 kB │ gzip:   2.31 kB
dist/assets/shadowsVertex--0nVb1Fg.js                                      6.84 kB │ gzip:   1.67 kB
dist/assets/bumpFragment-BtJd9tYZ.js                                       6.86 kB │ gzip:   2.41 kB
dist/assets/dds.pure-B9RVUiVT.js                                           6.92 kB │ gzip:   2.54 kB
dist/assets/buffer.pure-D7x3EEe3.js                                        7.40 kB │ gzip:   2.42 kB
dist/assets/internalTexture-s3_Okj90.js                                    7.69 kB │ gzip:   1.99 kB
dist/assets/bakedVertexAnimation-C6l_KSSy.js                               7.71 kB │ gzip:   1.59 kB
dist/assets/geometry.vertex-CRPaaWiZ.js                                    7.89 kB │ gzip:   1.95 kB
dist/assets/flowGraphVectorMathBlocks.pure-Co_X8pLM.js                     7.97 kB │ gzip:   2.53 kB
dist/assets/bumpFragment-CZy0KIWh.js                                       8.06 kB │ gzip:   2.52 kB
dist/assets/flowGraphMathCombineExtractBlocks.pure-CMRB5spi.js             8.07 kB │ gzip:   1.18 kB
dist/assets/basisTextureLoader-2qFtHhfM.js                                 8.15 kB │ gzip:   3.17 kB
dist/assets/default.vertex-BYS4Xaw0.js                                     8.29 kB │ gzip:   2.31 kB
dist/assets/geometry.fragment-M2-Uu2pW.js                                  8.46 kB │ gzip:   2.62 kB
dist/assets/webAudioBaseSubGraph-v39coL7T.js                               8.51 kB │ gzip:   2.12 kB
dist/assets/abstractEngine.dom.pure-BVgwqLRN.js                            8.56 kB │ gzip:   2.73 kB
dist/assets/hdrFilteringFunctions-Dw0rQ8Bu.js                              8.63 kB │ gzip:   2.56 kB
dist/assets/hdrFilteringFunctions-Da1yugu7.js                              8.68 kB │ gzip:   2.51 kB
dist/assets/geometry.vertex-1i2ulg__.js                                    9.14 kB │ gzip:   2.02 kB
dist/assets/default.vertex-DXLLfL9i.js                                     9.66 kB │ gzip:   2.48 kB
dist/assets/geometry.fragment-Bh76HPFM.js                                 10.40 kB │ gzip:   2.82 kB
dist/assets/node-DopO8Uux.js                                              11.55 kB │ gzip:   3.15 kB
dist/assets/constants-DNxlZnxc.js                                         11.69 kB │ gzip:   3.17 kB
dist/assets/pbrBRDFFunctions-BCNINF-p.js                                  11.93 kB │ gzip:   4.14 kB
dist/assets/pbrBRDFFunctions-DxfbxN23.js                                  12.76 kB │ gzip:   4.32 kB
dist/assets/renderingManager-CmD_ZhyP.js                                  12.95 kB │ gzip:   3.32 kB
dist/assets/exrTextureLoader-CfuHfxjm.js                                  13.14 kB │ gzip:   4.83 kB
dist/assets/shaderProcessor-BdxprmJx.js                                   13.32 kB │ gzip:   4.71 kB
dist/assets/flowGraphBlock-Dcitl-fU.js                                    13.38 kB │ gzip:   3.96 kB
dist/assets/spatialWebAudio-C_XZA8T8.js                                   14.21 kB │ gzip:   3.25 kB
dist/assets/gaussianSplatting-Dq1CpTgZ.js                                 14.39 kB │ gzip:   4.34 kB
dist/assets/pbr.vertex-DbbifnDa.js                                        14.66 kB │ gzip:   3.12 kB
dist/assets/character-preview-DbCx-oTI.js                                 14.67 kB │ gzip:   6.01 kB
dist/assets/gaussianSplatting-vJ6yzDcm.js                                 14.70 kB │ gzip:   4.54 kB
dist/assets/ktxTextureLoader-CZf3SoGe.js                                  15.18 kB │ gzip:   4.41 kB
dist/assets/animation.pure-CBruopS_.js                                    15.33 kB │ gzip:   4.01 kB
dist/assets/pbr.vertex-CMQHQtJZ.js                                        17.16 kB │ gzip:   3.62 kB
dist/assets/openpbrTransmissionLayerData-BRi1vGnu.js                      17.35 kB │ gzip:   4.01 kB
dist/assets/openpbr.vertex-u9IeGEH7.js                                    17.54 kB │ gzip:   3.40 kB
dist/assets/openpbrTransmissionLayerData-CbssVoWF.js                      18.46 kB │ gzip:   4.15 kB
dist/assets/lightFragment-x7Xpl9uU.js                                     20.56 kB │ gzip:   3.35 kB
dist/assets/openpbr.vertex-TEPiWOP7.js                                    20.64 kB │ gzip:   4.01 kB
dist/assets/flowGraphMathBlocks.pure-xvHpo4T-.js                          20.87 kB │ gzip:   4.67 kB
dist/assets/shadowsVertex-CpxL4lAs.js                                     21.61 kB │ gzip:   3.42 kB
dist/assets/lightFragment-CHI52C6q.js                                     22.14 kB │ gzip:   3.23 kB
dist/assets/default.fragment-CXn8pVJ-.js                                  24.01 kB │ gzip:   5.77 kB
dist/assets/default.fragment-D1LQQR_3.js                                  25.51 kB │ gzip:   5.70 kB
dist/assets/pbrDebug-91h5CJ85.js                                          29.30 kB │ gzip:   6.28 kB
dist/assets/geometryBufferRenderer.pure-DDr4EYA0.js                       30.41 kB │ gzip:   7.57 kB
dist/assets/tools.pure-o-84auyM.js                                        31.15 kB │ gzip:  10.24 kB
dist/assets/renderTargetTexture.pure-CfLgTlMr.js                          31.77 kB │ gzip:   7.86 kB
dist/assets/animationGroup.pure-B6tvP3N9.js                               35.29 kB │ gzip:   8.93 kB
dist/assets/pbrDebug-DILEZNFS.js                                          36.36 kB │ gzip:   7.85 kB
dist/assets/oitFragment-CbS3GbFz.js                                       44.96 kB │ gzip:   8.73 kB
dist/assets/oitFragment-CKv-hLSp.js                                       47.72 kB │ gzip:   9.21 kB
dist/assets/abstractEngine.pure-DFKSB3FU.js                               59.36 kB │ gzip:  14.55 kB
dist/assets/math.vector.pure-DhOOkVBk.js                                  64.62 kB │ gzip:  16.08 kB
dist/assets/thinEngine.pure-vZWYa-Ki.js                                   67.06 kB │ gzip:  16.85 kB
dist/assets/pushMaterial-Cqnm9oUj.js                                      76.69 kB │ gzip:  49.35 kB
dist/assets/openpbr.fragment-De_sRAAj.js                                  88.25 kB │ gzip:  17.62 kB
dist/assets/openpbr.fragment-C1TQYi1B.js                                  90.75 kB │ gzip:  17.68 kB
dist/assets/openpbrMaterial.pure-RIkFJ-WJ.js                              91.51 kB │ gzip:  19.78 kB
dist/assets/pbr.fragment-CSUegzDf.js                                      93.93 kB │ gzip:  16.69 kB
dist/assets/pbr.fragment-BcPjSjLI.js                                      96.90 kB │ gzip:  18.07 kB
dist/assets/scene.pure-Cuo_YJvJ.js                                       156.77 kB │ gzip:  33.73 kB
dist/assets/webgpu-backend-DT4-5Qu6.js                                   252.47 kB │ gzip:  63.39 kB
dist/assets/src-B2X2kn9C.js                                            1,238.53 kB │ gzip: 261.47 kB
dist/assets/pose-review-config-C0tCw4XC.js                             1,435.29 kB │ gzip: 330.28 kB
dist/assets/index-BFmX6_ed.js                                          1,737.75 kB │ gzip: 395.99 kB

✓ built in 3.32s
[plugin builtin:vite-reporter] 
(!) Some chunks are larger than 500 kB after minification. Consider:
- Using dynamic import() to code-split the application
- Use build.rolldownOptions.output.codeSplitting to improve chunking: https://rolldown.rs/reference/OutputOptions.codeSplitting
- Adjust chunk size limit for this warning via build.chunkSizeWarningLimit.
[33m[PLUGIN_TIMINGS] [0mPlugin hooks ran for 2.7s of this 3.3s build (81%).
The slowest hooks, timed inside each callback (the wait before a callback starts is excluded, the time it awaits is included):
  - vite:prepare-out-dir renderStart (62%, 2.1s, 1 call)
Additional hook time came from the hooks below and from hooks under 1s.
2 hooks are listed without a time. Their calls overlapped, so the time inside one call includes work from other calls. To find their cost, profile the build with `node --cpu-prof`:
  - vite:css transform (9 calls)
  - vite:asset load (4 calls)
See https://rolldown.rs/reference/InputOptions.checks#plugintimings for more details.

Precompressed 2616 sidecars for 2686 compressible files: brotli 915.1 MB -> 204.5 MB in 5.5s
