
> sidereal-spacetime@0.5.0 format:check
> node scripts/quality-check.mjs format

format: 381 existing debt entries; 280 new/changed violations.
apps/client/src/inventory.test.ts
packages/canvas-ui/src/diagnostics-planets.test.ts
packages/canvas-ui/src/diagnostics-roles.test.ts
packages/canvas-ui/src/diagnostics.ts
packages/canvas-ui/src/graphics-menu.ts
packages/canvas-ui/src/index.ts
packages/canvas-ui/src/render-backend-menu.test.ts
packages/canvas-ui/src/render-backend-menu.ts
packages/content/src/character-components.json
packages/content/src/character-components.ts
packages/content/src/solar-system.test.ts
packages/content/src/wayfarer-cockpit-partition-proof.json
packages/content/src/wayfarer-threshold-proof.json
packages/content/src/wayfarer-walking-proof.json
packages/render/src/active-set-revision.ts
packages/render/src/antialiasing-pipeline.ts
packages/render/src/assembly-editor.ts
packages/render/src/authored-material-pool.test.ts
packages/render/src/authored-material-pool.ts
packages/render/src/cabin-visibility.test.ts
packages/render/src/cabin-visibility.ts
packages/render/src/capture-diagnostics.test.ts
packages/render/src/capture-diagnostics.ts
packages/render/src/combat-aim.ts
packages/render/src/construction-authored-assembly.test.ts
packages/render/src/construction-authored-assembly.ts
packages/render/src/construction-boundaries.ts
packages/render/src/construction-door-seals.ts
packages/render/src/construction-instance.test.ts
packages/render/src/construction-instance.ts
packages/render/src/construction-pressure-room.ts
packages/render/src/construction-roofs.ts
packages/render/src/construction-traversal.ts
packages/render/src/crew/equipment-pose.ts
packages/render/src/crew/index.ts
packages/render/src/crew/pose-review-config.ts
packages/render/src/crew/pose-review.ts
packages/render/src/crew/pose-state.ts
packages/render/src/crew/pose-system.test.ts
packages/render/src/cutaway.test.ts
packages/render/src/cutaway.ts
packages/render/src/diagnostics.ts
packages/render/src/environment/body-visibility.test.ts
packages/render/src/environment/body-visibility.ts
packages/render/src/environment/body-visual-revision.test.ts
packages/render/src/environment/body-visual-revision.ts
packages/render/src/environment/dust-field.test.ts
packages/render/src/environment/dust-field.ts
packages/render/src/environment/fixtures/modern-native-planet-headers.json
packages/render/src/environment/index.ts
packages/render/src/environment/layered-planet.ts
packages/render/src/environment/modern-native-planet-schema.test.ts
packages/render/src/environment/modern-native-planet-schema.ts
packages/render/src/environment/native-planet.ts
packages/render/src/environment/native-volcanic-runtime.ts
packages/render/src/environment/planet-atmosphere.ts
packages/render/src/environment/planet-build-scheduler.test.ts
packages/render/src/environment/planet-build-scheduler.ts
packages/render/src/environment/planet-lava-spill.ts
packages/render/src/environment/planet-lod-runtime.ts
packages/render/src/environment/planet-mesh.ts
packages/render/src/environment/planet-shadow-coverage.test.ts
packages/render/src/environment/planet-shadow-coverage.ts
packages/render/src/environment/planet-shadow-depth-offset.test.ts
packages/render/src/environment/planet-shadows.test.ts
packages/render/src/environment/planet-shadows.ts
packages/render/src/environment/planet-smoke.ts
packages/render/src/environment/planet-sparkles.ts
packages/render/src/environment/planet-terrain.ts
packages/render/src/environment/reviewed-native/crystal_moon_reference_composition_r002.ts
packages/render/src/environment/reviewed-native/crystal_moon_reference_composition_r003.ts
packages/render/src/environment/reviewed-native/crystal_moon_reference_composition_r008.ts
packages/render/src/environment/reviewed-native/crystal_reference_composition_r013.ts
packages/render/src/environment/reviewed-native/gas_reference_composition.ts
packages/render/src/environment/reviewed-native/hybrid_moon_reference_composition_r001.ts
packages/render/src/environment/reviewed-native/ice_moon_reference_composition_r004.ts
packages/render/src/environment/reviewed-native/ice_reference_composition_r025.ts
packages/render/src/environment/reviewed-native/material-set.test.ts
packages/render/src/environment/reviewed-native/material-set.ts
packages/render/src/environment/reviewed-native/native_cloud_composition_r002.ts
packages/render/src/environment/reviewed-native/native_deformation_normals.ts
packages/render/src/environment/reviewed-native/native_radial_surface.ts
packages/render/src/environment/reviewed-native/native_reference_assembly.ts
packages/render/src/environment/reviewed-native/native_surface_clearance.ts
packages/render/src/environment/reviewed-native/ocean_reference_composition_r007.ts
packages/render/src/environment/reviewed-native/planet_reference_composition.ts
packages/render/src/environment/reviewed-native/planet_reference_local_lights.ts
packages/render/src/environment/reviewed-native/planet_reference_materials.ts
packages/render/src/environment/reviewed-native/planet_reference_transmission.ts
packages/render/src/environment/reviewed-native/reference_shadow_radius.ts
packages/render/src/environment/reviewed-native/reference_volcanic_smoke_build.ts
packages/render/src/environment/reviewed-native/reviewed-worker-registry.test.ts
packages/render/src/environment/reviewed-native/reviewed-worker-registry.ts
packages/render/src/environment/reviewed-native/rocky_moon_reference_composition_r001.ts
packages/render/src/environment/reviewed-native/rocky_reference_composition_r010.ts
packages/render/src/environment/reviewed-native/runtime.test.ts
packages/render/src/environment/reviewed-native/runtime.ts
packages/render/src/environment/reviewed-native/solid_moon_reference_composition_r001.ts
packages/render/src/environment/reviewed-native/temperate_reference_composition_r003.ts
packages/render/src/environment/reviewed-native/toxic_fog_composition_r005.ts
packages/render/src/environment/reviewed-native/toxic_fog_reference_clearance.ts
packages/render/src/environment/reviewed-native/toxic_fog_reference_integration.ts
packages/render/src/environment/reviewed-native/toxic_moon_reference_composition_r001.ts
packages/render/src/environment/reviewed-native/toxic_reference_composition_r007.ts
packages/render/src/environment/reviewed-native/upload-lifetime.ts
packages/render/src/environment/reviewed-native/volcanic-smoke-runtime.ts
packages/render/src/environment/reviewed-native/volcanic_moon_reference_composition_r004.ts
packages/render/src/environment/reviewed-native/volcanic_reference_composition_r023.ts
packages/render/src/environment/reviewed-native-planet-catalog.ts
packages/render/src/environment/reviewed-native-planet-encoding.test.ts
packages/render/src/environment/reviewed-native-planet-encoding.ts
packages/render/src/equipment/index.ts
packages/render/src/fast-snapshot.test.ts
packages/render/src/fast-snapshot.ts
packages/render/src/flight-active-set.test.ts
packages/render/src/flight-active-set.ts
packages/render/src/flight-effects.ts
packages/render/src/ground-items.ts
packages/render/src/holographic-disc.ts
packages/render/src/hull-decals.ts
packages/render/src/index.ts
packages/render/src/installed-equipment.ts
packages/render/src/installed-hull.ts
packages/render/src/layout-preview.ts
packages/render/src/layout-selection.ts
packages/render/src/legacy-mesh-role.ts
packages/render/src/material-setup.test.ts
packages/render/src/material-setup.ts
packages/render/src/native-airlock-scene.test.ts
packages/render/src/native-airlock-scene.ts
packages/render/src/native-stair-scene.ts
packages/render/src/object-presentation.test.ts
packages/render/src/object-presentation.ts
packages/render/src/remote-aft-boundary.ts
packages/render/src/remote-exterior-batches.ts
packages/render/src/remote-ships.ts
packages/render/src/render-backend.ts
packages/render/src/render-budget.test.ts
packages/render/src/render-engine.test.ts
packages/render/src/render-engine.ts
packages/render/src/selection-silhouette.ts
packages/render/src/shadow-batches.test.ts
packages/render/src/shadow-batches.ts
packages/render/src/shadow-policy.ts
packages/render/src/ship-lighting.test.ts
packages/render/src/ship-lighting.ts
packages/render/src/ship-shadow-cache.test.ts
packages/render/src/snapshot-revision.ts
packages/render/src/static-material-batches.test.ts
packages/render/src/static-material-freeze.test.ts
packages/render/src/static-material-freeze.ts
packages/render/src/static-transform-cache.test.ts
packages/render/src/static-transform-cache.ts
packages/render/src/temporal-bone-palette.ts
packages/render/src/temporal-instance-attributes.test.ts
packages/render/src/temporal-instance-attributes.ts
packages/render/src/webgpu-backend.ts
packages/sim/src/construction-airlock-controller.test.ts
packages/sim/src/construction-airlock-controller.ts
packages/sim/src/construction-airlock-document.test.ts
packages/sim/src/construction-airlock-document.ts
packages/sim/src/construction-airlock-plan.test.ts
packages/sim/src/construction-airlock-plan.ts
packages/sim/src/construction-instance.ts
packages/sim/src/inventory.ts
packages/sim/src/wayfarer-airlock-candidate.test.ts
packages/sim/src/wayfarer-refit-fuel-proof.json
packages/world/src/appearance.ts
packages/world/src/construction-native-pressure.ts
packages/world/src/construction-review-origin.test.ts
packages/world/src/construction-traversal.test.ts
packages/world/src/construction.test.ts
packages/world/src/inventory-operations.test.ts
packages/world/src/shared-world-physics.ts
packages/world/src/shared-world-views.test.ts
packages/world/src/shared-world-views.ts
packages/world/src/shared-world.ts
packages/world/src/solar-system-migration.test.ts
packages/world/src/storage.test.ts
packages/world/src/uniforms.test.ts
packages/world/src/view-keys.test.ts
scripts/art_library/armor_block_browser.mjs
scripts/art_library/armor_cassette_browser.mjs
scripts/art_library/armor_cassette_interfaces.json
scripts/art_library/build_armor_block_review.mjs
scripts/art_library/build_armor_cassette_review.mjs
scripts/art_library/check_carrier_stack.ts
scripts/art_library/crystal_moon_reference_composition_r001.test.ts
scripts/art_library/crystal_moon_reference_composition_r001.ts
scripts/art_library/crystal_moon_reference_composition_r002.test.ts
scripts/art_library/crystal_moon_reference_composition_r004.test.ts
scripts/art_library/crystal_moon_reference_composition_r005.test.ts
scripts/art_library/crystal_moon_reference_composition_r006.test.ts
scripts/art_library/crystal_moon_reference_composition_r006.ts
scripts/art_library/crystal_moon_reference_composition_r007.test.ts
scripts/art_library/crystal_moon_reference_composition_r007.ts
scripts/art_library/crystal_moon_reference_composition_r008.test.ts
scripts/art_library/crystal_moon_reference_composition_r009.test.ts
scripts/art_library/crystal_moon_reference_composition_r010.test.ts
scripts/art_library/crystal_moon_reference_r004.tsconfig.json
scripts/art_library/crystal_moon_reference_r004.vitest.config.ts
scripts/art_library/crystal_moon_reference_r005.tsconfig.json
scripts/art_library/crystal_moon_reference_r005.vitest.config.ts
scripts/art_library/crystal_moon_reference_r006.tsconfig.json
scripts/art_library/crystal_moon_reference_r006.vitest.config.ts
scripts/art_library/crystal_moon_reference_r007.tsconfig.json
scripts/art_library/crystal_moon_reference_r007.vitest.config.ts
scripts/art_library/crystal_moon_reference_r008.tsconfig.json
scripts/art_library/crystal_moon_reference_r008.vitest.config.ts
scripts/art_library/crystal_moon_reference_r009.tsconfig.json
scripts/art_library/crystal_moon_reference_r009.vitest.config.ts
scripts/art_library/crystal_moon_reference_r010.tsconfig.json
scripts/art_library/crystal_moon_reference_r010.vitest.config.ts
scripts/art_library/crystal_reference_composition_r012.ts
scripts/art_library/crystal_reference_composition_r013.test.ts
scripts/art_library/gas_moon_luminous_trial_r005.test.ts
scripts/art_library/gas_moon_luminous_trial_r005.tsconfig.json
scripts/art_library/gas_moon_luminous_trial_r005.vitest.config.ts
scripts/art_library/gas_reference_composition.test.ts
scripts/art_library/hybrid_moon_reference_composition_r001.test.ts
scripts/art_library/ice_moon_blue_cut_r003.test.ts
scripts/art_library/ice_moon_blue_cut_r003.vitest.config.ts
scripts/art_library/ice_moon_reference_composition_r002.test.ts
scripts/art_library/ice_moon_reference_composition_r002.ts
scripts/art_library/ice_moon_reference_composition_r003.test.ts
scripts/art_library/ice_moon_reference_composition_r003.ts
scripts/art_library/ice_reference_composition_r025.test.ts
scripts/art_library/ice_reference_optics_r026.test.ts
scripts/art_library/native_cloud_composition_r002.test.ts
scripts/art_library/native_deformation_normals.test.ts
scripts/art_library/ocean_reference_composition_r006.ts
scripts/art_library/ocean_reference_composition_r007.test.ts
scripts/art_library/planet_reference_camera_config.test.ts
scripts/art_library/planet_reference_candidate.ts
scripts/art_library/planet_reference_composition.test.ts
scripts/art_library/planet_reference_direct_paths.ts
scripts/art_library/planet_reference_hardware_review.test.ts
scripts/art_library/planet_reference_local_lights.test.ts
scripts/art_library/planet_reference_lod_recorder.ts
scripts/art_library/planet_reference_materials.test.ts
scripts/art_library/planet_reference_pbr_channels.test.ts
scripts/art_library/planet_reference_review.ts
scripts/art_library/planet_reference_transmission.test.ts
scripts/art_library/planet_reference_worker.ts
scripts/art_library/planet_reference_worker_lifetime.test.ts
scripts/art_library/planet_reference_worker_lifetime.ts
scripts/art_library/reference_full_output_fixed_detail.test.ts
scripts/art_library/reference_full_output_fixed_detail.vitest.config.ts
scripts/art_library/reference_review.vitest.config.ts
scripts/art_library/reference_volcanic_smoke_runtime.ts
scripts/art_library/rocky_moon_reference_composition_r001.test.ts
scripts/art_library/rocky_reference_composition_r010.test.ts
scripts/art_library/solid_moon_reference_composition_r001.test.ts
scripts/art_library/temperate_reference_composition_r003.test.ts
scripts/art_library/toxic_fog_composition_r005.test.ts
scripts/art_library/toxic_fog_reference_clearance.test.ts
scripts/art_library/toxic_fog_reference_integration.test.ts
scripts/art_library/toxic_fog_reference_material.ts
scripts/art_library/toxic_moon_reference_composition_r001.test.ts
scripts/art_library/toxic_reference_composition_r004.ts
scripts/art_library/toxic_reference_composition_r007.test.ts
scripts/art_library/volcanic_moon2_shoulders_r005.test.ts
scripts/art_library/volcanic_moon2_shoulders_r005.vitest.config.ts
scripts/art_library/volcanic_moon2_shoulders_r006.test.ts
scripts/art_library/volcanic_moon2_shoulders_r006.vitest.config.ts
scripts/art_library/volcanic_moon_reference_composition_r002.test.ts
scripts/art_library/volcanic_moon_reference_composition_r002.ts
scripts/art_library/volcanic_moon_reference_composition_r003.test.ts
scripts/art_library/volcanic_moon_reference_composition_r003.ts
scripts/art_library/volcanic_moon_reference_composition_r004.test.ts
scripts/art_library/volcanic_moon_reference_r003.tsconfig.json
scripts/art_library/volcanic_moon_reference_r003.vitest.config.ts
scripts/art_library/volcanic_moon_reference_r004.tsconfig.json
scripts/art_library/volcanic_moon_reference_r004.vitest.config.ts
scripts/art_library/volcanic_reference_composition_r023.test.ts
scripts/cargo-smoke.ts
scripts/persistence-smoke.ts
scripts/reviewed-native-smoke.ts
scripts/shared-world-provider-smoke.ts
scripts/star-review/vite.config.ts
