ERROR Draco mesh compression is not available because library could not be found at /usr/bin/4.3/python/lib/python3.13/site-packages/libextern_draco.so
14:43:39 | INFO: Starting glTF 2.0 export
14:43:39 | INFO: Extracting primitive: crater-large
14:43:39 | WARNING: More than one shader node tex image used for a texture. The resulting glTF sampler will behave like the first shader node tex image.
14:43:39 | WARNING: More than one shader node tex image used for a texture. The resulting glTF sampler will behave like the first shader node tex image.
14:43:39 | WARNING: More than one shader node tex image used for a texture. The resulting glTF sampler will behave like the first shader node tex image.
14:43:39 | WARNING: More than one shader node tex image used for a texture. The resulting glTF sampler will behave like the first shader node tex image.
14:43:39 | WARNING: More than one shader node tex image used for a texture. The resulting glTF sampler will behave like the first shader node tex image.
14:43:39 | INFO: Primitives created: 5
14:43:39 | INFO: Finished glTF 2.0 export in 0.01378631591796875 s

14:43:39 | INFO: Starting glTF 2.0 export
14:43:39 | INFO: Extracting primitive: crater-broken
14:43:39 | WARNING: More than one shader node tex image used for a texture. The resulting glTF sampler will behave like the first shader node tex image.
14:43:39 | WARNING: More than one shader node tex image used for a texture. The resulting glTF sampler will behave like the first shader node tex image.
14:43:39 | WARNING: More than one shader node tex image used for a texture. The resulting glTF sampler will behave like the first shader node tex image.
14:43:39 | WARNING: More than one shader node tex image used for a texture. The resulting glTF sampler will behave like the first shader node tex image.
14:43:39 | WARNING: More than one shader node tex image used for a texture. The resulting glTF sampler will behave like the first shader node tex image.
14:43:39 | WARNING: More than one shader node tex image used for a texture. The resulting glTF sampler will behave like the first shader node tex image.
14:43:39 | WARNING: More than one shader node tex image used for a texture. The resulting glTF sampler will behave like the first shader node tex image.
14:43:39 | INFO: Primitives created: 7
14:43:39 | INFO: Finished glTF 2.0 export in 0.014077186584472656 s

14:43:39 | INFO: Starting glTF 2.0 export
14:43:39 | INFO: Extracting primitive: crater-small
14:43:39 | WARNING: More than one shader node tex image used for a texture. The resulting glTF sampler will behave like the first shader node tex image.
14:43:39 | WARNING: More than one shader node tex image used for a texture. The resulting glTF sampler will behave like the first shader node tex image.
14:43:39 | WARNING: More than one shader node tex image used for a texture. The resulting glTF sampler will behave like the first shader node tex image.
14:43:39 | WARNING: More than one shader node tex image used for a texture. The resulting glTF sampler will behave like the first shader node tex image.
14:43:39 | WARNING: More than one shader node tex image used for a texture. The resulting glTF sampler will behave like the first shader node tex image.
14:43:39 | INFO: Primitives created: 5
14:43:39 | INFO: Finished glTF 2.0 export in 0.011352777481079102 s

14:43:39 | INFO: Starting glTF 2.0 export
14:43:39 | INFO: Extracting primitive: shelf-a
14:43:39 | WARNING: More than one shader node tex image used for a texture. The resulting glTF sampler will behave like the first shader node tex image.
14:43:39 | WARNING: More than one shader node tex image used for a texture. The resulting glTF sampler will behave like the first shader node tex image.
14:43:39 | WARNING: More than one shader node tex image used for a texture. The resulting glTF sampler will behave like the first shader node tex image.
14:43:39 | INFO: Primitives created: 3
14:43:39 | INFO: Extracting primitive: shelf-b
14:43:39 | INFO: Primitives created: 3
14:43:39 | INFO: Extracting primitive: shelf-c
14:43:39 | INFO: Primitives created: 3
14:43:39 | INFO: Finished glTF 2.0 export in 0.010303020477294922 s

14:43:39 | INFO: Starting glTF 2.0 export
14:43:39 | INFO: Extracting primitive: outcrop-a
14:43:39 | WARNING: More than one shader node tex image used for a texture. The resulting glTF sampler will behave like the first shader node tex image.
14:43:39 | WARNING: More than one shader node tex image used for a texture. The resulting glTF sampler will behave like the first shader node tex image.
14:43:39 | WARNING: More than one shader node tex image used for a texture. The resulting glTF sampler will behave like the first shader node tex image.
14:43:39 | INFO: Primitives created: 3
14:43:39 | INFO: Extracting primitive: outcrop-b
14:43:39 | INFO: Primitives created: 3
14:43:39 | INFO: Extracting primitive: outcrop-c
14:43:39 | INFO: Primitives created: 3
14:43:39 | INFO: Finished glTF 2.0 export in 0.00938272476196289 s

14:43:39 | INFO: Starting glTF 2.0 export
14:43:39 | INFO: Extracting primitive: mineral-a
14:43:39 | WARNING: More than one shader node tex image used for a texture. The resulting glTF sampler will behave like the first shader node tex image.
14:43:39 | WARNING: More than one shader node tex image used for a texture. The resulting glTF sampler will behave like the first shader node tex image.
14:43:39 | INFO: Primitives created: 2
14:43:39 | INFO: Extracting primitive: mineral-b
14:43:39 | INFO: Primitives created: 2
14:43:39 | INFO: Extracting primitive: mineral-c
14:43:39 | INFO: Primitives created: 2
14:43:39 | INFO: Finished glTF 2.0 export in 0.0068721771240234375 s

14:43:40 | INFO: Starting glTF 2.0 export
14:43:40 | INFO: Extracting primitive: battered-region-a
14:43:40 | WARNING: More than one shader node tex image used for a texture. The resulting glTF sampler will behave like the first shader node tex image.
14:43:40 | WARNING: More than one shader node tex image used for a texture. The resulting glTF sampler will behave like the first shader node tex image.
14:43:40 | WARNING: More than one shader node tex image used for a texture. The resulting glTF sampler will behave like the first shader node tex image.
14:43:40 | WARNING: More than one shader node tex image used for a texture. The resulting glTF sampler will behave like the first shader node tex image.
14:43:40 | WARNING: More than one shader node tex image used for a texture. The resulting glTF sampler will behave like the first shader node tex image.
14:43:40 | WARNING: More than one shader node tex image used for a texture. The resulting glTF sampler will behave like the first shader node tex image.
14:43:40 | INFO: Primitives created: 6
14:43:40 | INFO: Extracting primitive: battered-region-a-directional-crust-0
14:43:40 | INFO: Primitives created: 4
14:43:40 | INFO: Extracting primitive: battered-region-a-directional-crust-1
14:43:40 | INFO: Primitives created: 4
14:43:40 | INFO: Extracting primitive: battered-region-a-directional-crust-2
14:43:40 | INFO: Primitives created: 4
14:43:40 | INFO: Extracting primitive: battered-region-a-directional-crust-3
14:43:40 | INFO: Primitives created: 4
14:43:40 | INFO: Extracting primitive: battered-region-a-embedded-medium-pit
14:43:40 | INFO: Primitives created: 5
14:43:40 | INFO: Extracting primitive: battered-region-a-unequal-broken-ledge-0
14:43:40 | INFO: Primitives created: 4
14:43:40 | INFO: Extracting primitive: battered-region-a-unequal-broken-ledge-1
14:43:40 | INFO: Primitives created: 4
14:43:40 | INFO: Extracting primitive: battered-region-a-unequal-broken-ledge-2
14:43:40 | INFO: Primitives created: 4
14:43:40 | INFO: Extracting primitive: battered-region-a-unequal-broken-ledge-3
14:43:40 | INFO: Primitives created: 4
14:43:40 | INFO: Extracting primitive: battered-region-a-unequal-broken-ledge-4
14:43:40 | INFO: Primitives created: 4
14:43:40 | INFO: Extracting primitive: battered-region-a-unequal-broken-ledge-5
14:43:40 | INFO: Primitives created: 4
14:43:40 | INFO: Extracting primitive: battered-region-a-unequal-broken-ledge-6
14:43:40 | INFO: Primitives created: 4
14:43:40 | INFO: Extracting primitive: battered-region-a-unequal-broken-ledge-7
14:43:40 | INFO: Primitives created: 4
14:43:40 | INFO: Extracting primitive: battered-region-a-warm-inset-mineral
14:43:40 | WARNING: More than one shader node tex image used for a texture. The resulting glTF sampler will behave like the first shader node tex image.
14:43:40 | INFO: Primitives created: 2
14:43:40 | INFO: Extracting primitive: battered-region-a-warm-inset-mineral-rise
14:43:40 | INFO: Primitives created: 2
14:43:40 | INFO: Extracting primitive: battered-region-a-fault-collapsed-cap-a
14:43:40 | INFO: Primitives created: 3
14:43:40 | INFO: Extracting primitive: battered-region-a-fault-collapsed-cap-b
14:43:40 | INFO: Primitives created: 3
14:43:40 | INFO: Extracting primitive: battered-region-a-fracture-chip-0
14:43:40 | INFO: Primitives created: 3
14:43:40 | INFO: Extracting primitive: battered-region-a-fracture-chip-1
14:43:40 | INFO: Primitives created: 3
14:43:40 | INFO: Extracting primitive: battered-region-a-fracture-chip-2
14:43:40 | INFO: Primitives created: 3
14:43:40 | INFO: Extracting primitive: battered-region-a-fracture-chip-3
14:43:40 | INFO: Primitives created: 3
14:43:40 | INFO: Extracting primitive: battered-region-a-fracture-chip-4
14:43:40 | INFO: Primitives created: 3
14:43:40 | INFO: Extracting primitive: battered-region-a-fracture-chip-5
14:43:40 | INFO: Primitives created: 3
14:43:40 | INFO: Extracting primitive: battered-region-a-fracture-chip-6
14:43:40 | INFO: Primitives created: 3
14:43:40 | INFO: Extracting primitive: battered-region-a-fracture-chip-7
14:43:40 | INFO: Primitives created: 3
14:43:40 | INFO: Extracting primitive: battered-region-a-fracture-chip-8
14:43:40 | INFO: Primitives created: 3
14:43:40 | INFO: Extracting primitive: battered-region-a-fracture-chip-9
14:43:40 | INFO: Primitives created: 3
14:43:40 | INFO: Extracting primitive: battered-region-a-fracture-chip-10
14:43:40 | INFO: Primitives created: 3
14:43:40 | INFO: Finished glTF 2.0 export in 0.06294631958007812 s

14:43:40 | INFO: Starting glTF 2.0 export
14:43:40 | INFO: Extracting primitive: battered-region-b
14:43:40 | WARNING: More than one shader node tex image used for a texture. The resulting glTF sampler will behave like the first shader node tex image.
14:43:40 | WARNING: More than one shader node tex image used for a texture. The resulting glTF sampler will behave like the first shader node tex image.
14:43:40 | WARNING: More than one shader node tex image used for a texture. The resulting glTF sampler will behave like the first shader node tex image.
14:43:40 | WARNING: More than one shader node tex image used for a texture. The resulting glTF sampler will behave like the first shader node tex image.
14:43:40 | INFO: Primitives created: 4
14:43:40 | INFO: Extracting primitive: battered-region-b-directional-crust-0
14:43:40 | INFO: Primitives created: 4
14:43:40 | INFO: Extracting primitive: battered-region-b-directional-crust-1
14:43:40 | INFO: Primitives created: 4
14:43:40 | INFO: Extracting primitive: battered-region-b-directional-crust-2
14:43:40 | INFO: Primitives created: 4
14:43:40 | INFO: Extracting primitive: battered-region-b-directional-crust-3
14:43:40 | INFO: Primitives created: 4
14:43:40 | INFO: Extracting primitive: battered-region-b-embedded-medium-pit
14:43:40 | INFO: Primitives created: 4
14:43:40 | INFO: Extracting primitive: battered-region-b-unequal-broken-ledge-0
14:43:40 | INFO: Primitives created: 4
14:43:40 | INFO: Extracting primitive: battered-region-b-unequal-broken-ledge-1
14:43:40 | INFO: Primitives created: 4
14:43:40 | INFO: Extracting primitive: battered-region-b-unequal-broken-ledge-2
14:43:40 | INFO: Primitives created: 4
14:43:40 | INFO: Extracting primitive: battered-region-b-unequal-broken-ledge-3
14:43:40 | INFO: Primitives created: 4
14:43:40 | INFO: Extracting primitive: battered-region-b-unequal-broken-ledge-4
14:43:40 | INFO: Primitives created: 4
14:43:40 | INFO: Extracting primitive: battered-region-b-unequal-broken-ledge-5
14:43:40 | INFO: Primitives created: 4
14:43:40 | INFO: Extracting primitive: battered-region-b-unequal-broken-ledge-6
14:43:40 | INFO: Primitives created: 4
14:43:40 | INFO: Extracting primitive: battered-region-b-unequal-broken-ledge-7
14:43:40 | INFO: Primitives created: 4
14:43:40 | INFO: Extracting primitive: battered-region-b-warm-inset-mineral
14:43:40 | WARNING: More than one shader node tex image used for a texture. The resulting glTF sampler will behave like the first shader node tex image.
14:43:40 | INFO: Primitives created: 2
14:43:40 | INFO: Extracting primitive: battered-region-b-warm-inset-mineral-rise
14:43:40 | INFO: Primitives created: 2
14:43:40 | INFO: Extracting primitive: battered-region-b-fault-collapsed-cap-a
14:43:40 | INFO: Primitives created: 3
14:43:40 | INFO: Extracting primitive: battered-region-b-fault-collapsed-cap-b
14:43:40 | INFO: Primitives created: 3
14:43:40 | INFO: Extracting primitive: battered-region-b-fracture-chip-0
14:43:40 | INFO: Primitives created: 3
14:43:40 | INFO: Extracting primitive: battered-region-b-fracture-chip-1
14:43:40 | INFO: Primitives created: 3
14:43:40 | INFO: Extracting primitive: battered-region-b-fracture-chip-2
14:43:40 | INFO: Primitives created: 3
14:43:40 | INFO: Extracting primitive: battered-region-b-fracture-chip-3
14:43:40 | INFO: Primitives created: 3
14:43:40 | INFO: Extracting primitive: battered-region-b-fracture-chip-4
14:43:40 | INFO: Primitives created: 3
14:43:40 | INFO: Extracting primitive: battered-region-b-fracture-chip-5
14:43:40 | INFO: Primitives created: 3
14:43:40 | INFO: Extracting primitive: battered-region-b-fracture-chip-6
14:43:40 | INFO: Primitives created: 3
14:43:40 | INFO: Extracting primitive: battered-region-b-fracture-chip-7
14:43:40 | INFO: Primitives created: 3
14:43:40 | INFO: Extracting primitive: battered-region-b-fracture-chip-8
14:43:40 | INFO: Primitives created: 3
14:43:40 | INFO: Extracting primitive: battered-region-b-fracture-chip-9
14:43:40 | INFO: Primitives created: 3
14:43:40 | INFO: Extracting primitive: battered-region-b-fracture-chip-10
14:43:40 | INFO: Primitives created: 3
14:43:40 | INFO: Finished glTF 2.0 export in 0.09249997138977051 s

14:43:40 | INFO: Starting glTF 2.0 export
14:43:40 | INFO: Extracting primitive: Icosphere
14:43:40 | WARNING: More than one shader node tex image used for a texture. The resulting glTF sampler will behave like the first shader node tex image.
14:43:40 | INFO: Primitives created: 1
14:43:40 | INFO: Finished glTF 2.0 export in 0.007956981658935547 s

14:43:40 | INFO: Starting glTF 2.0 export
14:43:40 | INFO: Extracting primitive: Icosphere.001
14:43:40 | WARNING: More than one shader node tex image used for a texture. The resulting glTF sampler will behave like the first shader node tex image.
14:43:40 | INFO: Primitives created: 1
14:43:40 | INFO: Finished glTF 2.0 export in 0.006258249282836914 s

14:43:40 | INFO: Starting glTF 2.0 export
14:43:40 | INFO: Extracting primitive: Icosphere.002
14:43:40 | WARNING: More than one shader node tex image used for a texture. The resulting glTF sampler will behave like the first shader node tex image.
14:43:40 | INFO: Primitives created: 1
14:43:40 | INFO: Finished glTF 2.0 export in 0.003482341766357422 s
Blender 4.3.2
Fra:1 Mem:28.89M (Peak 28.89M) | Time:00:00.00 | Mem:0.00M, Peak:0.00M | Scene, ViewLayer | Synchronizing object | GEO-ground-sphere
Fra:1 Mem:28.89M (Peak 28.89M) | Time:00:00.00 | Mem:0.00M, Peak:0.00M | Scene, ViewLayer | Synchronizing object | GEO-ground-sphere-medium
Fra:1 Mem:29.02M (Peak 29.02M) | Time:00:00.00 | Mem:0.00M, Peak:0.00M | Scene, ViewLayer | Synchronizing object | GEO-ground-sphere-low
Fra:1 Mem:29.10M (Peak 29.10M) | Time:00:00.00 | Mem:0.00M, Peak:0.00M | Scene, ViewLayer | Synchronizing object | GEO-crater-broken
Fra:1 Mem:29.39M (Peak 29.39M) | Time:00:00.00 | Mem:0.00M, Peak:0.00M | Scene, ViewLayer | Synchronizing object | GEO-crater-small
Fra:1 Mem:29.43M (Peak 29.43M) | Time:00:00.00 | Mem:0.00M, Peak:0.00M | Scene, ViewLayer | Synchronizing object | GEO-shelf-a
Fra:1 Mem:29.40M (Peak 29.43M) | Time:00:00.00 | Mem:0.00M, Peak:0.00M | Scene, ViewLayer | Synchronizing object | GEO-shelf-b
Fra:1 Mem:29.46M (Peak 29.46M) | Time:00:00.00 | Mem:0.00M, Peak:0.00M | Scene, ViewLayer | Synchronizing object | GEO-outcrop-a
Fra:1 Mem:29.54M (Peak 29.54M) | Time:00:00.00 | Mem:0.00M, Peak:0.00M | Scene, ViewLayer | Synchronizing object | GEO-outcrop-c
Fra:1 Mem:29.54M (Peak 29.54M) | Time:00:00.00 | Mem:0.00M, Peak:0.00M | Scene, ViewLayer | Synchronizing object | GEO-mineral-a
Fra:1 Mem:29.43M (Peak 29.54M) | Time:00:00.00 | Mem:0.00M, Peak:0.00M | Scene, ViewLayer | Synchronizing object | GEO-mineral-b
Fra:1 Mem:29.43M (Peak 29.54M) | Time:00:00.00 | Mem:0.00M, Peak:0.00M | Scene, ViewLayer | Synchronizing object | GEO-battered-region-a
Fra:1 Mem:29.43M (Peak 29.54M) | Time:00:00.00 | Mem:0.00M, Peak:0.00M | Scene, ViewLayer | Synchronizing object | GEO-battered-region-a-directional-crust-0
Fra:1 Mem:29.67M (Peak 29.67M) | Time:00:00.00 | Mem:0.00M, Peak:0.00M | Scene, ViewLayer | Synchronizing object | GEO-battered-region-a-directional-crust-1
Fra:1 Mem:29.68M (Peak 29.68M) | Time:00:00.00 | Mem:0.00M, Peak:0.00M | Scene, ViewLayer | Synchronizing object | GEO-battered-region-a-directional-crust-2
Fra:1 Mem:29.81M (Peak 29.81M) | Time:00:00.00 | Mem:0.00M, Peak:0.00M | Scene, ViewLayer | Synchronizing object | GEO-battered-region-a-directional-crust-3
Fra:1 Mem:29.86M (Peak 29.86M) | Time:00:00.00 | Mem:0.00M, Peak:0.00M | Scene, ViewLayer | Synchronizing object | GEO-battered-region-a-embedded-medium-pit
Fra:1 Mem:29.96M (Peak 29.96M) | Time:00:00.00 | Mem:0.00M, Peak:0.00M | Scene, ViewLayer | Synchronizing object | GEO-battered-region-a-unequal-broken-ledge-0
Fra:1 Mem:29.97M (Peak 29.97M) | Time:00:00.00 | Mem:0.00M, Peak:0.00M | Scene, ViewLayer | Synchronizing object | GEO-battered-region-a-unequal-broken-ledge-1
Fra:1 Mem:30.00M (Peak 30.00M) | Time:00:00.00 | Mem:0.00M, Peak:0.00M | Scene, ViewLayer | Synchronizing object | GEO-battered-region-a-unequal-broken-ledge-2
Fra:1 Mem:30.00M (Peak 30.00M) | Time:00:00.00 | Mem:0.00M, Peak:0.00M | Scene, ViewLayer | Synchronizing object | GEO-battered-region-a-unequal-broken-ledge-3
Fra:1 Mem:30.01M (Peak 30.01M) | Time:00:00.00 | Mem:0.00M, Peak:0.00M | Scene, ViewLayer | Synchronizing object | GEO-battered-region-a-unequal-broken-ledge-5
Fra:1 Mem:30.18M (Peak 30.18M) | Time:00:00.00 | Mem:0.00M, Peak:0.00M | Scene, ViewLayer | Synchronizing object | GEO-battered-region-a-unequal-broken-ledge-6
Fra:1 Mem:30.18M (Peak 30.18M) | Time:00:00.00 | Mem:0.00M, Peak:0.00M | Scene, ViewLayer | Synchronizing object | GEO-battered-region-a-warm-inset-mineral
Fra:1 Mem:30.21M (Peak 30.21M) | Time:00:00.00 | Mem:0.00M, Peak:0.00M | Scene, ViewLayer | Synchronizing object | GEO-battered-region-a-warm-inset-mineral-rise
Fra:1 Mem:30.23M (Peak 30.23M) | Time:00:00.00 | Mem:0.00M, Peak:0.00M | Scene, ViewLayer | Synchronizing object | GEO-battered-region-a-fault-collapsed-cap-a
Fra:1 Mem:30.24M (Peak 30.24M) | Time:00:00.00 | Mem:0.00M, Peak:0.00M | Scene, ViewLayer | Synchronizing object | GEO-battered-region-a-fault-collapsed-cap-b
Fra:1 Mem:30.25M (Peak 30.25M) | Time:00:00.00 | Mem:0.00M, Peak:0.00M | Scene, ViewLayer | Synchronizing object | GEO-battered-region-a-fracture-chip-1
Fra:1 Mem:30.26M (Peak 30.26M) | Time:00:00.00 | Mem:0.00M, Peak:0.00M | Scene, ViewLayer | Synchronizing object | GEO-battered-region-a-fracture-chip-2
Fra:1 Mem:30.26M (Peak 30.26M) | Time:00:00.00 | Mem:0.00M, Peak:0.00M | Scene, ViewLayer | Synchronizing object | GEO-battered-region-a-fracture-chip-3
Fra:1 Mem:30.27M (Peak 30.27M) | Time:00:00.00 | Mem:0.00M, Peak:0.00M | Scene, ViewLayer | Synchronizing object | GEO-battered-region-a-fracture-chip-4
Fra:1 Mem:30.27M (Peak 30.27M) | Time:00:00.00 | Mem:0.00M, Peak:0.00M | Scene, ViewLayer | Synchronizing object | GEO-battered-region-a-fracture-chip-6
Fra:1 Mem:30.29M (Peak 30.29M) | Time:00:00.00 | Mem:0.00M, Peak:0.00M | Scene, ViewLayer | Synchronizing object | GEO-battered-region-a-fracture-chip-7
Fra:1 Mem:30.34M (Peak 30.34M) | Time:00:00.00 | Mem:0.00M, Peak:0.00M | Scene, ViewLayer | Synchronizing object | GEO-battered-region-a-fracture-chip-8
Fra:1 Mem:30.35M (Peak 30.35M) | Time:00:00.00 | Mem:0.00M, Peak:0.00M | Scene, ViewLayer | Synchronizing object | GEO-battered-region-a-fracture-chip-9
Fra:1 Mem:30.35M (Peak 30.35M) | Time:00:00.00 | Mem:0.00M, Peak:0.00M | Scene, ViewLayer | Synchronizing object | GEO-battered-region-a-fracture-chip-10
Fra:1 Mem:30.31M (Peak 30.35M) | Time:00:00.00 | Mem:0.00M, Peak:0.00M | Scene, ViewLayer | Synchronizing object | GEO-battered-region-b-directional-crust-0
Fra:1 Mem:30.38M (Peak 30.38M) | Time:00:00.00 | Mem:0.00M, Peak:0.00M | Scene, ViewLayer | Synchronizing object | GEO-battered-region-b-directional-crust-1
Fra:1 Mem:30.82M (Peak 30.82M) | Time:00:00.00 | Mem:0.00M, Peak:0.00M | Scene, ViewLayer | Synchronizing object | GEO-battered-region-b-directional-crust-2
Fra:1 Mem:30.88M (Peak 30.88M) | Time:00:00.00 | Mem:0.00M, Peak:0.00M | Scene, ViewLayer | Synchronizing object | GEO-battered-region-b-directional-crust-3
Fra:1 Mem:30.93M (Peak 30.93M) | Time:00:00.00 | Mem:0.00M, Peak:0.00M | Scene, ViewLayer | Synchronizing object | GEO-battered-region-b-fracture-chip-10
Fra:1 Mem:30.93M (Peak 30.93M) | Time:00:00.00 | Mem:0.00M, Peak:0.00M | Scene, ViewLayer | Synchronizing object | GEO-battered-region-b-unequal-broken-ledge-0
Fra:1 Mem:30.98M (Peak 30.98M) | Time:00:00.00 | Mem:0.00M, Peak:0.00M | Scene, ViewLayer | Synchronizing object | GEO-battered-region-b-unequal-broken-ledge-1
Fra:1 Mem:30.98M (Peak 30.98M) | Time:00:00.00 | Mem:0.00M, Peak:0.00M | Scene, ViewLayer | Synchronizing object | GEO-battered-region-b-fracture-chip-9
Fra:1 Mem:31.05M (Peak 31.05M) | Time:00:00.00 | Mem:0.00M, Peak:0.00M | Scene, ViewLayer | Synchronizing object | GEO-battered-region-b-unequal-broken-ledge-2
Fra:1 Mem:31.02M (Peak 31.05M) | Time:00:00.00 | Mem:0.00M, Peak:0.00M | Scene, ViewLayer | Synchronizing object | GEO-battered-region-b-fracture-chip-8
Fra:1 Mem:31.03M (Peak 31.05M) | Time:00:00.00 | Mem:0.00M, Peak:0.00M | Scene, ViewLayer | Synchronizing object | GEO-battered-region-b-unequal-broken-ledge-4
Fra:1 Mem:31.03M (Peak 31.05M) | Time:00:00.00 | Mem:0.00M, Peak:0.00M | Scene, ViewLayer | Synchronizing object | GEO-battered-region-b-fracture-chip-7
Fra:1 Mem:31.11M (Peak 31.11M) | Time:00:00.00 | Mem:0.00M, Peak:0.00M | Scene, ViewLayer | Synchronizing object | GEO-battered-region-b-fracture-chip-6
Fra:1 Mem:31.11M (Peak 31.11M) | Time:00:00.00 | Mem:0.00M, Peak:0.00M | Scene, ViewLayer | Synchronizing object | GEO-battered-region-b-unequal-broken-ledge-6
Fra:1 Mem:31.12M (Peak 31.12M) | Time:00:00.00 | Mem:0.00M, Peak:0.00M | Scene, ViewLayer | Synchronizing object | GEO-battered-region-b-unequal-broken-ledge-7
Fra:1 Mem:31.08M (Peak 31.12M) | Time:00:00.00 | Mem:0.00M, Peak:0.00M | Scene, ViewLayer | Synchronizing object | GEO-battered-region-b-fracture-chip-5
Fra:1 Mem:31.09M (Peak 31.12M) | Time:00:00.00 | Mem:0.00M, Peak:0.00M | Scene, ViewLayer | Synchronizing object | GEO-battered-region-b-fault-collapsed-cap-a
Fra:1 Mem:31.10M (Peak 31.12M) | Time:00:00.00 | Mem:0.00M, Peak:0.00M | Scene, ViewLayer | Synchronizing object | GEO-battered-region-b-fracture-chip-4
Fra:1 Mem:31.13M (Peak 31.13M) | Time:00:00.00 | Mem:0.00M, Peak:0.00M | Scene, ViewLayer | Synchronizing object | GEO-battered-region-b-fault-collapsed-cap-b
Fra:1 Mem:31.16M (Peak 31.16M) | Time:00:00.00 | Mem:0.00M, Peak:0.00M | Scene, ViewLayer | Synchronizing object | GEO-battered-region-b-fracture-chip-3
Fra:1 Mem:31.15M (Peak 31.16M) | Time:00:00.00 | Mem:0.00M, Peak:0.00M | Scene, ViewLayer | Synchronizing object | GEO-battered-region-b-fracture-chip-0
Fra:1 Mem:31.30M (Peak 31.30M) | Time:00:00.00 | Mem:0.00M, Peak:0.00M | Scene, ViewLayer | Synchronizing object | GEO-battered-region-b-fracture-chip-2
Fra:1 Mem:31.17M (Peak 31.30M) | Time:00:00.00 | Mem:0.00M, Peak:0.00M | Scene, ViewLayer | Initializing
Fra:1 Mem:30.88M (Peak 31.30M) | Time:00:00.00 | Mem:0.00M, Peak:0.00M | Scene, ViewLayer | Updating Images | Loading Rocky10-albedo-0
Fra:1 Mem:30.88M (Peak 31.30M) | Time:00:00.00 | Mem:0.00M, Peak:0.00M | Scene, ViewLayer | Updating Images | Loading Rocky10-roughness-2
Fra:1 Mem:30.88M (Peak 31.30M) | Time:00:00.00 | Mem:0.00M, Peak:0.00M | Scene, ViewLayer | Updating Images | Loading Rocky10-roughness-1
Fra:1 Mem:33.39M (Peak 33.39M) | Time:00:00.00 | Mem:0.25M, Peak:0.25M | Scene, ViewLayer | Updating Images | Loading Rocky10-albedo-7
Fra:1 Mem:33.89M (Peak 33.89M) | Time:00:00.00 | Mem:0.50M, Peak:0.50M | Scene, ViewLayer | Updating Images | Loading Rocky10-roughness-6
Fra:1 Mem:33.89M (Peak 33.89M) | Time:00:00.00 | Mem:0.75M, Peak:0.75M | Scene, ViewLayer | Updating Images | Loading Rocky10-albedo-6
Fra:1 Mem:33.89M (Peak 33.89M) | Time:00:00.00 | Mem:1.50M, Peak:1.50M | Scene, ViewLayer | Updating Images | Loading Rocky10-roughness-4
Fra:1 Mem:34.39M (Peak 34.39M) | Time:00:00.00 | Mem:1.75M, Peak:1.75M | Scene, ViewLayer | Updating Images | Loading Rocky10-albedo-5
Fra:1 Mem:34.64M (Peak 34.64M) | Time:00:00.00 | Mem:2.00M, Peak:2.00M | Scene, ViewLayer | Updating Images | Loading Rocky10-roughness-5
Fra:1 Mem:32.24M (Peak 34.64M) | Time:00:00.00 | Mem:4.00M, Peak:4.00M | Scene, ViewLayer | Waiting for render to start
Fra:1 Mem:32.24M (Peak 34.64M) | Time:00:00.00 | Mem:4.00M, Peak:4.00M | Scene, ViewLayer | Loading render kernels (may take a few minutes the first time)
Fra:1 Mem:32.24M (Peak 34.64M) | Time:00:00.00 | Mem:4.00M, Peak:4.00M | Scene, ViewLayer | Updating Scene
Fra:1 Mem:32.24M (Peak 34.64M) | Time:00:00.00 | Mem:4.00M, Peak:4.00M | Scene, ViewLayer | Updating Shaders
Fra:1 Mem:32.32M (Peak 34.64M) | Time:00:00.01 | Mem:4.01M, Peak:4.01M | Scene, ViewLayer | Updating Procedurals
Fra:1 Mem:32.32M (Peak 34.64M) | Time:00:00.01 | Mem:4.01M, Peak:4.01M | Scene, ViewLayer | Updating Background
Fra:1 Mem:32.32M (Peak 34.64M) | Time:00:00.01 | Mem:4.01M, Peak:4.01M | Scene, ViewLayer | Updating Camera
Fra:1 Mem:32.32M (Peak 34.64M) | Time:00:00.01 | Mem:4.01M, Peak:4.01M | Scene, ViewLayer | Updating Meshes Flags
Fra:1 Mem:32.32M (Peak 34.64M) | Time:00:00.01 | Mem:4.01M, Peak:4.01M | Scene, ViewLayer | Updating Objects
Fra:1 Mem:32.32M (Peak 34.64M) | Time:00:00.01 | Mem:4.01M, Peak:4.01M | Scene, ViewLayer | Updating Objects | Copying Transformations to device
Fra:1 Mem:32.34M (Peak 34.64M) | Time:00:00.01 | Mem:4.02M, Peak:4.02M | Scene, ViewLayer | Updating Objects | Applying Static Transformations
Fra:1 Mem:32.34M (Peak 34.64M) | Time:00:00.01 | Mem:4.02M, Peak:4.02M | Scene, ViewLayer | Updating Particle Systems
Fra:1 Mem:32.34M (Peak 34.64M) | Time:00:00.01 | Mem:4.02M, Peak:4.02M | Scene, ViewLayer | Updating Particle Systems | Copying Particles to device
Fra:1 Mem:32.34M (Peak 34.64M) | Time:00:00.01 | Mem:4.02M, Peak:4.02M | Scene, ViewLayer | Updating Meshes
Fra:1 Mem:32.90M (Peak 34.64M) | Time:00:00.01 | Mem:4.02M, Peak:4.02M | Scene, ViewLayer | Updating Mesh | Computing attributes
Fra:1 Mem:33.97M (Peak 34.64M) | Time:00:00.01 | Mem:4.03M, Peak:4.03M | Scene, ViewLayer | Updating Mesh | Copying Attributes to device
Fra:1 Mem:33.95M (Peak 34.64M) | Time:00:00.01 | Mem:5.08M, Peak:5.08M | Scene, ViewLayer | Updating Scene BVH | Building
Fra:1 Mem:33.95M (Peak 34.64M) | Time:00:00.01 | Mem:5.08M, Peak:5.08M | Scene, ViewLayer | Updating Scene BVH | Building BVH
Fra:1 Mem:33.95M (Peak 34.64M) | Time:00:00.01 | Mem:6.19M, Peak:6.19M | Scene, ViewLayer | Updating Scene BVH | Building BVH 0%
Fra:1 Mem:33.95M (Peak 34.64M) | Time:00:00.01 | Mem:7.53M, Peak:8.64M | Scene, ViewLayer | Updating Scene BVH | Copying BVH to device
Fra:1 Mem:33.95M (Peak 34.64M) | Time:00:00.01 | Mem:7.53M, Peak:8.64M | Scene, ViewLayer | Updating Mesh | Computing normals
Fra:1 Mem:35.21M (Peak 35.21M) | Time:00:00.01 | Mem:7.53M, Peak:8.64M | Scene, ViewLayer | Updating Mesh | Copying Mesh to device
Fra:1 Mem:35.21M (Peak 35.21M) | Time:00:00.01 | Mem:8.78M, Peak:8.78M | Scene, ViewLayer | Updating Objects Flags
Fra:1 Mem:35.21M (Peak 35.21M) | Time:00:00.01 | Mem:8.79M, Peak:8.79M | Scene, ViewLayer | Updating Primitive Offsets
Fra:1 Mem:35.21M (Peak 35.21M) | Time:00:00.01 | Mem:8.79M, Peak:8.79M | Scene, ViewLayer | Updating Images
Fra:1 Mem:35.21M (Peak 35.21M) | Time:00:00.01 | Mem:8.79M, Peak:8.79M | Scene, ViewLayer | Updating Camera Volume
Fra:1 Mem:35.21M (Peak 35.21M) | Time:00:00.01 | Mem:8.79M, Peak:8.79M | Scene, ViewLayer | Updating Lookup Tables
Fra:1 Mem:35.21M (Peak 35.21M) | Time:00:00.01 | Mem:8.87M, Peak:8.87M | Scene, ViewLayer | Updating Lights
Fra:1 Mem:35.21M (Peak 35.21M) | Time:00:00.01 | Mem:8.87M, Peak:8.87M | Scene, ViewLayer | Updating Lights | Computing tree
Fra:1 Mem:35.22M (Peak 35.22M) | Time:00:00.01 | Mem:8.87M, Peak:8.87M | Scene, ViewLayer | Updating Integrator
Fra:1 Mem:35.22M (Peak 35.22M) | Time:00:00.01 | Mem:8.87M, Peak:8.87M | Scene, ViewLayer | Updating Film
Fra:1 Mem:35.22M (Peak 35.22M) | Time:00:00.01 | Mem:8.79M, Peak:8.87M | Scene, ViewLayer | Updating Lookup Tables
Fra:1 Mem:35.22M (Peak 35.22M) | Time:00:00.01 | Mem:8.87M, Peak:8.87M | Scene, ViewLayer | Updating Baking
Fra:1 Mem:35.22M (Peak 35.22M) | Time:00:00.01 | Mem:8.87M, Peak:8.87M | Scene, ViewLayer | Updating Device | Writing constant memory
Fra:1 Mem:35.22M (Peak 35.22M) | Time:00:00.01 | Mem:8.87M, Peak:8.87M | Scene, ViewLayer | Sample 0/32
Fra:1 Mem:79.02M (Peak 79.02M) | Time:00:00.21 | Remaining:00:06.00 | Mem:52.66M, Peak:52.66M | Scene, ViewLayer | Sample 1/32
Fra:1 Mem:98.48M (Peak 137.39M) | Time:00:03.35 | Mem:52.66M, Peak:52.66M | Scene, ViewLayer | Sample 32/32
Fra:1 Mem:98.48M (Peak 137.39M) | Time:00:03.35 | Mem:52.66M, Peak:52.66M | Scene, ViewLayer | Finished
Saved: '/root/sidereal_spacetime/output/playwright/planet-reference-20260914/gas-giant-moon-3-r002/kit-preview.png'
Time: 00:03.69 (Saving: 00:00.34)


Info: Saved "kit.blend"
ROCKY_NATIVE_KIT_DONE [{"name": "crater-large", "vertices": 1716, "triangles": 572, "bounds": [[-1.0649960041046143, 1.034999966621399], [-0.9250667691230774, 0.8899491429328918], [-0.16467289626598358, 0.3643461763858795]]}, {"name": "crater-broken", "vertices": 1716, "triangles": 572, "bounds": [[-0.9327695965766907, 0.9737630486488342], [-0.8688113689422607, 0.8883816599845886], [-0.15275496244430542, 0.3392561972141266]]}, {"name": "crater-small", "vertices": 1716, "triangles": 572, "bounds": [[-0.5353879928588867, 0.5155556201934814], [-0.48227983713150024, 0.4876709580421448], [-0.08557188510894775, 0.18953165411949158]]}, {"name": "fractured-shelf", "vertices": 450, "triangles": 150, "bounds": [[-0.9359400272369385, 0.820576012134552], [-0.4646120071411133, 0.4391480088233948], [-0.14000000059604645, 0.25999999046325684]]}, {"name": "angular-outcrops", "vertices": 450, "triangles": 150, "bounds": [[-0.5345799922943115, 0.39764800667762756], [-0.38042500615119934, 0.24210399389266968], [-0.14000000059604645, 0.5899999737739563]]}, {"name": "mineral-seam", "vertices": 450, "triangles": 150, "bounds": [[-0.7056319713592529, 0.49158400297164917], [-0.05820399895310402, 0.31109198927879333], [-0.14000000059604645, 0.09000000357627869]]}, {"name": "battered-region-a", "vertices": 41634, "triangles": 13878, "bounds": [[-1.9900000095367432, 1.9500000476837158], [-1.4500000476837158, 1.4800000190734863], [-0.4300000071525574, 0.3400000035762787]]}, {"name": "battered-region-b", "vertices": 41370, "triangles": 13790, "bounds": [[-1.9900000095367432, 1.9500000476837158], [-1.4500000476837158, 1.4800000190734863], [-0.4300000071525574, 0.3400000035762787]]}, {"name": "ground-sphere", "vertices": 15360, "triangles": 5120, "bounds": [[-0.9999999403953552, 1.0], [-0.9999999403953552, 0.9999999403953552], [-1.0, 1.0]]}, {"name": "ground-sphere-medium", "vertices": 3840, "triangles": 1280, "bounds": [[-0.9999999403953552, 1.0], [-0.9999999403953552, 0.9999999403953552], [-1.0, 1.0]]}, {"name": "ground-sphere-low", "vertices": 960, "triangles": 320, "bounds": [[-0.9999999403953552, 1.0], [-0.9999999403953552, 0.9999999403953552], [-1.0, 1.0]]}]

Blender quit
