[
  {
    "gas-giant-moon-1-r002": {
      "variants": 11,
      "materialDifferenceOccurrences": 0,
      "attributeGaps": 0,
      "variantErrors": 0,
      "positionMismatchVariants": 0,
      "normalMismatchVariants": 0,
      "uvMismatchVariants": 0
    }
  },
  {
    "gas-giant-moon-3-r002": {
      "variants": 11,
      "materialDifferenceOccurrences": 0,
      "attributeGaps": 0,
      "variantErrors": 0,
      "positionMismatchVariants": 0,
      "normalMismatchVariants": 0,
      "uvMismatchVariants": 0
    }
  }
]
