{
  "directory": "/root/sidereal_spacetime/scripts/art_library/review-staging/crystal-moon-1-r010",
  "manifest": {
    "scope": "explicit isolated local review; no production publication",
    "revision": "crystal-moon-1-r010",
    "source": "output/playwright/planet-reference-20260914/crystal-moon-1-r010",
    "files": {
      "frontier-workshop.hdr": {
        "sha256": "11f358cce19278c6115633430d1b1d5c7fc2dc35a16f73468b46dcf6724a4364",
        "bytes": 55248
      },
      "kit.json": {
        "sha256": "808cf50f1a25e00d39cbd39cbabebf05a344cb0cf75ca7167d80a101f086c702",
        "bytes": 2604930
      },
      "material-0-albedo.png": {
        "sha256": "2ca2d463d0accfa0fa19fadbc622a2703978a565a0ee96c932fc6d92450f0f94",
        "bytes": 87818
      },
      "material-0-orm.png": {
        "sha256": "88c0ac10019cfd6fdb660918337fa57ab8218b7d516fc5d23d8b389991a900c0",
        "bytes": 40836
      },
      "material-1-albedo.png": {
        "sha256": "8fd53936a984a4ca45f412d85c1170845b9b60bc8d31f2248f01b374f0986b4d",
        "bytes": 76356
      },
      "material-1-orm.png": {
        "sha256": "6efb129044b4951f6166bb8c036fe006019fb1ad02d62878746c1462829099a9",
        "bytes": 41452
      },
      "material-2-albedo.png": {
        "sha256": "0cd0275b8bcf5928f6f8c9841a5685abc0fd12e9afa8f75f6bd525edae73c8c0",
        "bytes": 92476
      },
      "material-2-orm.png": {
        "sha256": "534e846c8e8f2c29484f60b45ecb163f838ba315673fd5967f7978da88686b22",
        "bytes": 39879
      },
      "material-3-albedo.png": {
        "sha256": "089aab239000499176d4f27877810d5008a6793022505267379596d3fbbcc3ab",
        "bytes": 31086
      },
      "material-4-albedo.png": {
        "sha256": "ade51d3554d45db962dfd9eb94d2b01ec3918a2302a457abe5f484201243a684",
        "bytes": 33571
      },
      "material-5-albedo.png": {
        "sha256": "cb4932b9cb01c7ff40c36547659997f72af6790eee0c051bf72bfba71ac4ff34",
        "bytes": 24737
      },
      "material-6-albedo.png": {
        "sha256": "b0dbc3bb1cf2cf4c907e3dc384a90876e606ddba275532b9b2e17d854fa622d0",
        "bytes": 37069
      },
      "material-7-albedo.png": {
        "sha256": "1b435921c7ae73c71fa3d8254af9f9c0b50018e4d959432ef2dd6f4fc73312aa",
        "bytes": 40023
      }
    }
  }
}
