ERROR Draco mesh compression is not available because library could not be found at /usr/bin/4.3/python/lib/python3.13/site-packages/libextern_draco.so
17:34:48 | INFO: Starting glTF 2.0 export
17:34:48 | INFO: Extracting primitive: battered-region-b-edge-exposed-hot-fracture-0
17:34:48 | WARNING: More than one shader node tex image used for a texture. The resulting glTF sampler will behave like the first shader node tex image.
17:34:48 | WARNING: More than one shader node tex image used for a texture. The resulting glTF sampler will behave like the first shader node tex image.
17:34:48 | INFO: Primitives created: 3
17:34:48 | INFO: Extracting primitive: battered-region-b.001
17:34:48 | WARNING: More than one shader node tex image used for a texture. The resulting glTF sampler will behave like the first shader node tex image.
17:34:48 | WARNING: More than one shader node tex image used for a texture. The resulting glTF sampler will behave like the first shader node tex image.
17:34:49 | WARNING: More than one shader node tex image used for a texture. The resulting glTF sampler will behave like the first shader node tex image.
17:34:49 | INFO: Primitives created: 4
17:34:49 | INFO: Extracting primitive: battered-region-b-directional-crust-0.001
17:34:49 | INFO: Primitives created: 5
17:34:49 | INFO: Extracting primitive: battered-region-b-directional-crust-1.001
17:34:49 | INFO: Primitives created: 5
17:34:49 | INFO: Extracting primitive: battered-region-b-directional-crust-2.001
17:34:49 | INFO: Primitives created: 4
17:34:49 | INFO: Extracting primitive: battered-region-b-directional-crust-3.001
17:34:49 | INFO: Primitives created: 4
17:34:49 | INFO: Extracting primitive: battered-region-b-embedded-medium-pit.001
17:34:49 | INFO: Primitives created: 4
17:34:49 | INFO: Extracting primitive: battered-region-b-unequal-broken-ledge-0.001
17:34:49 | INFO: Primitives created: 4
17:34:49 | INFO: Extracting primitive: battered-region-b-unequal-broken-ledge-1.001
17:34:49 | INFO: Primitives created: 5
17:34:49 | INFO: Extracting primitive: battered-region-b-unequal-broken-ledge-2.001
17:34:49 | INFO: Primitives created: 5
17:34:49 | INFO: Extracting primitive: battered-region-b-unequal-broken-ledge-3.001
17:34:49 | INFO: Primitives created: 4
17:34:49 | INFO: Extracting primitive: battered-region-b-unequal-broken-ledge-4.001
17:34:49 | INFO: Primitives created: 4
17:34:49 | INFO: Extracting primitive: battered-region-b-unequal-broken-ledge-5.001
17:34:49 | INFO: Primitives created: 4
17:34:49 | INFO: Extracting primitive: battered-region-b-unequal-broken-ledge-6.001
17:34:49 | INFO: Primitives created: 4
17:34:49 | INFO: Extracting primitive: battered-region-b-unequal-broken-ledge-7.001
17:34:49 | INFO: Primitives created: 4
17:34:49 | INFO: Extracting primitive: battered-region-b-warm-inset-mineral.001
17:34:49 | INFO: Primitives created: 1
17:34:49 | INFO: Extracting primitive: battered-region-b-warm-inset-mineral-rise.001
17:34:49 | INFO: Primitives created: 1
17:34:49 | INFO: Extracting primitive: battered-region-b-fault-collapsed-cap-a.001
17:34:49 | INFO: Primitives created: 3
17:34:49 | INFO: Extracting primitive: battered-region-b-fault-collapsed-cap-b.001
17:34:49 | INFO: Primitives created: 3
17:34:49 | INFO: Extracting primitive: battered-region-b-fracture-chip-0.001
17:34:49 | INFO: Primitives created: 3
17:34:49 | INFO: Extracting primitive: battered-region-b-fracture-chip-1.001
17:34:49 | INFO: Primitives created: 3
17:34:49 | INFO: Extracting primitive: battered-region-b-fracture-chip-2.001
17:34:49 | INFO: Primitives created: 3
17:34:49 | INFO: Extracting primitive: battered-region-b-fracture-chip-3.001
17:34:49 | INFO: Primitives created: 3
17:34:49 | INFO: Extracting primitive: battered-region-b-fracture-chip-4.001
17:34:49 | INFO: Primitives created: 3
17:34:49 | INFO: Extracting primitive: battered-region-b-fracture-chip-5.001
17:34:49 | INFO: Primitives created: 3
17:34:49 | INFO: Extracting primitive: battered-region-b-fracture-chip-6.001
17:34:49 | INFO: Primitives created: 3
17:34:49 | INFO: Extracting primitive: battered-region-b-fracture-chip-7.001
17:34:49 | INFO: Primitives created: 3
17:34:49 | INFO: Extracting primitive: battered-region-b-fracture-chip-8.001
17:34:49 | INFO: Primitives created: 3
17:34:49 | INFO: Extracting primitive: battered-region-b-fracture-chip-9.001
17:34:49 | INFO: Primitives created: 3
17:34:49 | INFO: Extracting primitive: battered-region-b-fracture-chip-10.001
17:34:49 | INFO: Primitives created: 3
17:34:49 | INFO: Finished glTF 2.0 export in 0.17335224151611328 s

Info: Saved "kit.blend"
VOLCANIC_R005_DONE 139 triangles 139 faces
Blender 4.3.2
Read blend: "/root/sidereal_spacetime/output/playwright/planet-reference-20260914/volcanic-moon-2-r004/kit.blend"

Blender quit
