Blender 4.3.2
Read blend: "/root/sidereal_spacetime/output/playwright/planet-reference-20260914/volcanic-moon-2-r005/kit.blend"
Fra:1 Mem:20.54M (Peak 20.54M) | Time:00:00.00 | Mem:0.00M, Peak:0.00M | Scene, ViewLayer | Synchronizing object | GEO-battered-region-b-edge-exposed-hot-fracture-0
Fra:1 Mem:20.58M (Peak 20.58M) | Time:00:00.00 | Mem:0.00M, Peak:0.00M | Scene, ViewLayer | Synchronizing object | GEO-battered-region-b-fracture-chip-10-hot-edge
Fra:1 Mem:20.59M (Peak 20.59M) | Time:00:00.00 | Mem:0.00M, Peak:0.00M | Scene, ViewLayer | Synchronizing object | GEO-battered-region-b-fracture-chip-9-hot-edge
Fra:1 Mem:20.60M (Peak 20.60M) | Time:00:00.00 | Mem:0.00M, Peak:0.00M | Scene, ViewLayer | Synchronizing object | GEO-battered-region-b-fracture-chip-8-hot-edge
Fra:1 Mem:20.61M (Peak 20.61M) | Time:00:00.00 | Mem:0.00M, Peak:0.00M | Scene, ViewLayer | Synchronizing object | GEO-battered-region-b-fracture-chip-7-hot-edge
Fra:1 Mem:20.62M (Peak 20.62M) | Time:00:00.00 | Mem:0.00M, Peak:0.00M | Scene, ViewLayer | Synchronizing object | GEO-battered-region-b-fracture-chip-6-hot-edge
Fra:1 Mem:20.63M (Peak 20.63M) | Time:00:00.00 | Mem:0.00M, Peak:0.00M | Scene, ViewLayer | Synchronizing object | GEO-battered-region-b-fracture-chip-5-hot-edge
Fra:1 Mem:20.64M (Peak 20.64M) | Time:00:00.00 | Mem:0.00M, Peak:0.00M | Scene, ViewLayer | Synchronizing object | GEO-battered-region-b-fracture-chip-4-hot-edge
Fra:1 Mem:20.65M (Peak 20.65M) | Time:00:00.00 | Mem:0.00M, Peak:0.00M | Scene, ViewLayer | Synchronizing object | GEO-battered-region-b-fracture-chip-3-hot-edge
Fra:1 Mem:20.66M (Peak 20.66M) | Time:00:00.00 | Mem:0.00M, Peak:0.00M | Scene, ViewLayer | Synchronizing object | GEO-battered-region-b-fracture-chip-2-hot-edge
Fra:1 Mem:20.67M (Peak 20.67M) | Time:00:00.00 | Mem:0.00M, Peak:0.00M | Scene, ViewLayer | Synchronizing object | GEO-battered-region-b-fracture-chip-1-hot-edge
Fra:1 Mem:20.68M (Peak 20.68M) | Time:00:00.00 | Mem:0.00M, Peak:0.00M | Scene, ViewLayer | Synchronizing object | GEO-battered-region-b-fracture-chip-0-hot-edge
Fra:1 Mem:20.69M (Peak 20.69M) | Time:00:00.00 | Mem:0.00M, Peak:0.00M | Scene, ViewLayer | Synchronizing object | GEO-battered-region-b-fault-collapsed-cap-b-hot-edge
Fra:1 Mem:20.70M (Peak 20.70M) | Time:00:00.00 | Mem:0.00M, Peak:0.00M | Scene, ViewLayer | Synchronizing object | GEO-battered-region-b-fault-collapsed-cap-a-hot-edge
Fra:1 Mem:20.70M (Peak 20.70M) | Time:00:00.00 | Mem:0.00M, Peak:0.00M | Scene, ViewLayer | Synchronizing object | GEO-battered-region-b-warm-inset-mineral-rise-hot-edge
Fra:1 Mem:20.74M (Peak 20.74M) | Time:00:00.00 | Mem:0.00M, Peak:0.00M | Scene, ViewLayer | Synchronizing object | GEO-battered-region-b-warm-inset-mineral-hot-edge
Fra:1 Mem:20.78M (Peak 20.78M) | Time:00:00.00 | Mem:0.00M, Peak:0.00M | Scene, ViewLayer | Synchronizing object | GEO-battered-region-b-unequal-broken-ledge-7-hot-edge
Fra:1 Mem:20.79M (Peak 20.79M) | Time:00:00.00 | Mem:0.00M, Peak:0.00M | Scene, ViewLayer | Synchronizing object | GEO-battered-region-b-unequal-broken-ledge-6-hot-edge
Fra:1 Mem:20.80M (Peak 20.80M) | Time:00:00.00 | Mem:0.00M, Peak:0.00M | Scene, ViewLayer | Synchronizing object | GEO-battered-region-b-unequal-broken-ledge-5-hot-edge
Fra:1 Mem:20.82M (Peak 20.82M) | Time:00:00.00 | Mem:0.00M, Peak:0.00M | Scene, ViewLayer | Synchronizing object | GEO-battered-region-b-unequal-broken-ledge-4-hot-edge
Fra:1 Mem:20.83M (Peak 20.83M) | Time:00:00.00 | Mem:0.00M, Peak:0.00M | Scene, ViewLayer | Synchronizing object | GEO-battered-region-b-unequal-broken-ledge-3-hot-edge
Fra:1 Mem:20.85M (Peak 20.85M) | Time:00:00.00 | Mem:0.00M, Peak:0.00M | Scene, ViewLayer | Synchronizing object | GEO-battered-region-b-unequal-broken-ledge-2-hot-edge
Fra:1 Mem:20.87M (Peak 20.87M) | Time:00:00.00 | Mem:0.00M, Peak:0.00M | Scene, ViewLayer | Synchronizing object | GEO-battered-region-b-unequal-broken-ledge-1-hot-edge
Fra:1 Mem:20.88M (Peak 20.88M) | Time:00:00.00 | Mem:0.00M, Peak:0.00M | Scene, ViewLayer | Synchronizing object | GEO-battered-region-b-unequal-broken-ledge-0-hot-edge
Fra:1 Mem:20.91M (Peak 20.91M) | Time:00:00.00 | Mem:0.00M, Peak:0.00M | Scene, ViewLayer | Synchronizing object | GEO-battered-region-b-embedded-medium-pit-hot-edge
Fra:1 Mem:21.01M (Peak 21.01M) | Time:00:00.00 | Mem:0.00M, Peak:0.00M | Scene, ViewLayer | Synchronizing object | GEO-battered-region-b-directional-crust-3-hot-edge
Fra:1 Mem:21.09M (Peak 21.09M) | Time:00:00.00 | Mem:0.00M, Peak:0.00M | Scene, ViewLayer | Synchronizing object | GEO-battered-region-b-directional-crust-2-hot-edge
Fra:1 Mem:21.19M (Peak 21.19M) | Time:00:00.00 | Mem:0.00M, Peak:0.00M | Scene, ViewLayer | Synchronizing object | GEO-battered-region-b-directional-crust-1-hot-edge
Fra:1 Mem:21.29M (Peak 21.29M) | Time:00:00.00 | Mem:0.00M, Peak:0.00M | Scene, ViewLayer | Synchronizing object | GEO-battered-region-b-directional-crust-0-hot-edge
Fra:1 Mem:21.40M (Peak 21.40M) | Time:00:00.00 | Mem:0.00M, Peak:0.00M | Scene, ViewLayer | Synchronizing object | GEO-battered-region-b-hot-edge
Fra:1 Mem:22.07M (Peak 22.07M) | Time:00:00.00 | Mem:0.00M, Peak:0.00M | Scene, ViewLayer | Initializing
Fra:1 Mem:21.95M (Peak 22.07M) | Time:00:00.00 | Mem:0.00M, Peak:0.00M | Scene, ViewLayer | Updating Images | Loading Rocky10-roughness-5
Fra:1 Mem:22.21M (Peak 22.21M) | Time:00:00.00 | Mem:0.25M, Peak:0.25M | Scene, ViewLayer | Updating Images | Loading Rocky10-albedo-5
Fra:1 Mem:22.46M (Peak 22.46M) | Time:00:00.14 | Mem:0.50M, Peak:0.50M | Scene, ViewLayer | Updating Images | Loading Rocky10-roughness-4
Fra:1 Mem:22.71M (Peak 22.71M) | Time:00:00.14 | Mem:0.75M, Peak:0.75M | Scene, ViewLayer | Updating Images | Loading Rocky10-albedo-4
Fra:1 Mem:22.96M (Peak 22.96M) | Time:00:00.14 | Mem:1.00M, Peak:1.00M | Scene, ViewLayer | Updating Images | Loading Rocky10-roughness-3
Fra:1 Mem:23.21M (Peak 23.21M) | Time:00:00.14 | Mem:1.25M, Peak:1.25M | Scene, ViewLayer | Updating Images | Loading Rocky10-albedo-3
Fra:1 Mem:23.46M (Peak 23.46M) | Time:00:00.14 | Mem:1.50M, Peak:1.50M | Scene, ViewLayer | Updating Images | Loading Rocky10-roughness-2
Fra:1 Mem:23.71M (Peak 23.71M) | Time:00:00.14 | Mem:1.75M, Peak:1.75M | Scene, ViewLayer | Updating Images | Loading Rocky10-albedo-2
Fra:1 Mem:23.96M (Peak 23.96M) | Time:00:00.15 | Mem:2.00M, Peak:2.00M | Scene, ViewLayer | Updating Images | Loading Rocky10-roughness-1
Fra:1 Mem:24.21M (Peak 24.21M) | Time:00:00.15 | Mem:2.25M, Peak:2.25M | Scene, ViewLayer | Updating Images | Loading Rocky10-albedo-1
Fra:1 Mem:24.46M (Peak 24.46M) | Time:00:00.15 | Mem:2.50M, Peak:2.50M | Scene, ViewLayer | Updating Images | Loading Rocky10-roughness-0
Fra:1 Mem:24.71M (Peak 24.71M) | Time:00:00.15 | Mem:2.75M, Peak:2.75M | Scene, ViewLayer | Updating Images | Loading Rocky10-albedo-0
Fra:1 Mem:23.58M (Peak 24.71M) | Time:00:00.15 | Mem:3.00M, Peak:3.00M | Scene, ViewLayer | Waiting for render to start
Fra:1 Mem:23.59M (Peak 24.71M) | Time:00:00.15 | Mem:3.00M, Peak:3.00M | Scene, ViewLayer | Loading render kernels (may take a few minutes the first time)
Fra:1 Mem:23.59M (Peak 24.71M) | Time:00:00.15 | Mem:3.00M, Peak:3.00M | Scene, ViewLayer | Updating Scene
Fra:1 Mem:23.59M (Peak 24.71M) | Time:00:00.15 | Mem:3.00M, Peak:3.00M | Scene, ViewLayer | Updating Shaders
Fra:1 Mem:23.67M (Peak 24.71M) | Time:00:00.15 | Mem:3.01M, Peak:3.01M | Scene, ViewLayer | Updating Procedurals
Fra:1 Mem:23.67M (Peak 24.71M) | Time:00:00.15 | Mem:3.01M, Peak:3.01M | Scene, ViewLayer | Updating Background
Fra:1 Mem:23.67M (Peak 24.71M) | Time:00:00.15 | Mem:3.01M, Peak:3.01M | Scene, ViewLayer | Updating Camera
Fra:1 Mem:23.67M (Peak 24.71M) | Time:00:00.15 | Mem:3.01M, Peak:3.01M | Scene, ViewLayer | Updating Meshes Flags
Fra:1 Mem:23.67M (Peak 24.71M) | Time:00:00.15 | Mem:3.01M, Peak:3.01M | Scene, ViewLayer | Updating Objects
Fra:1 Mem:23.67M (Peak 24.71M) | Time:00:00.15 | Mem:3.01M, Peak:3.01M | Scene, ViewLayer | Updating Objects | Copying Transformations to device
Fra:1 Mem:23.68M (Peak 24.71M) | Time:00:00.15 | Mem:3.01M, Peak:3.01M | Scene, ViewLayer | Updating Objects | Applying Static Transformations
Fra:1 Mem:23.68M (Peak 24.71M) | Time:00:00.15 | Mem:3.01M, Peak:3.01M | Scene, ViewLayer | Updating Particle Systems
Fra:1 Mem:23.68M (Peak 24.71M) | Time:00:00.15 | Mem:3.01M, Peak:3.01M | Scene, ViewLayer | Updating Particle Systems | Copying Particles to device
Fra:1 Mem:23.68M (Peak 24.71M) | Time:00:00.15 | Mem:3.01M, Peak:3.01M | Scene, ViewLayer | Updating Meshes
Fra:1 Mem:23.90M (Peak 24.71M) | Time:00:00.15 | Mem:3.01M, Peak:3.01M | Scene, ViewLayer | Updating Mesh | Computing attributes
Fra:1 Mem:24.31M (Peak 24.71M) | Time:00:00.15 | Mem:3.02M, Peak:3.02M | Scene, ViewLayer | Updating Mesh | Copying Attributes to device
Fra:1 Mem:24.31M (Peak 24.71M) | Time:00:00.15 | Mem:3.42M, Peak:3.42M | Scene, ViewLayer | Updating Scene BVH | Building
Fra:1 Mem:24.31M (Peak 24.71M) | Time:00:00.15 | Mem:3.42M, Peak:3.42M | Scene, ViewLayer | Updating Scene BVH | Building BVH
Fra:1 Mem:24.31M (Peak 24.71M) | Time:00:00.15 | Mem:3.86M, Peak:3.86M | Scene, ViewLayer | Updating Scene BVH | Building BVH 0%
Fra:1 Mem:24.31M (Peak 24.71M) | Time:00:00.16 | Mem:4.38M, Peak:4.81M | Scene, ViewLayer | Updating Scene BVH | Copying BVH to device
Fra:1 Mem:24.31M (Peak 24.71M) | Time:00:00.16 | Mem:4.38M, Peak:4.81M | Scene, ViewLayer | Updating Mesh | Computing normals
Fra:1 Mem:24.80M (Peak 24.80M) | Time:00:00.16 | Mem:4.38M, Peak:4.81M | Scene, ViewLayer | Updating Mesh | Copying Mesh to device
Fra:1 Mem:24.80M (Peak 24.80M) | Time:00:00.16 | Mem:4.86M, Peak:4.86M | Scene, ViewLayer | Updating Objects Flags
Fra:1 Mem:24.80M (Peak 24.80M) | Time:00:00.16 | Mem:4.87M, Peak:4.87M | Scene, ViewLayer | Updating Primitive Offsets
Fra:1 Mem:24.80M (Peak 24.80M) | Time:00:00.16 | Mem:4.87M, Peak:4.87M | Scene, ViewLayer | Updating Images
Fra:1 Mem:24.80M (Peak 24.80M) | Time:00:00.16 | Mem:4.87M, Peak:4.87M | Scene, ViewLayer | Updating Camera Volume
Fra:1 Mem:24.80M (Peak 24.80M) | Time:00:00.16 | Mem:4.87M, Peak:4.87M | Scene, ViewLayer | Updating Lookup Tables
Fra:1 Mem:24.80M (Peak 24.80M) | Time:00:00.16 | Mem:4.95M, Peak:4.95M | Scene, ViewLayer | Updating Lights
Fra:1 Mem:24.80M (Peak 24.80M) | Time:00:00.16 | Mem:4.95M, Peak:4.95M | Scene, ViewLayer | Updating Lights | Computing tree
Fra:1 Mem:24.92M (Peak 26.54M) | Time:00:00.16 | Mem:5.07M, Peak:5.07M | Scene, ViewLayer | Updating Integrator
Fra:1 Mem:24.92M (Peak 26.54M) | Time:00:00.16 | Mem:5.07M, Peak:5.07M | Scene, ViewLayer | Updating Film
Fra:1 Mem:24.92M (Peak 26.54M) | Time:00:00.16 | Mem:4.99M, Peak:5.07M | Scene, ViewLayer | Updating Lookup Tables
Fra:1 Mem:24.92M (Peak 26.54M) | Time:00:00.16 | Mem:5.07M, Peak:5.07M | Scene, ViewLayer | Updating Baking
Fra:1 Mem:24.92M (Peak 26.54M) | Time:00:00.16 | Mem:5.07M, Peak:5.07M | Scene, ViewLayer | Updating Device | Writing constant memory
Fra:1 Mem:24.92M (Peak 26.54M) | Time:00:00.16 | Mem:5.07M, Peak:5.07M | Scene, ViewLayer | Sample 0/32
Fra:1 Mem:39.43M (Peak 39.43M) | Time:00:00.43 | Remaining:00:08.48 | Mem:19.59M, Peak:19.59M | Scene, ViewLayer | Sample 1/32
Fra:1 Mem:45.88M (Peak 58.78M) | Time:00:07.75 | Mem:19.59M, Peak:19.59M | Scene, ViewLayer | Sample 32/32
Fra:1 Mem:45.88M (Peak 58.78M) | Time:00:07.75 | Mem:19.59M, Peak:19.59M | Scene, ViewLayer | Finished
Saved: '/root/sidereal_spacetime/output/playwright/planet-reference-20260914/volcanic-moon-2-r005/native-hot-edge-preview.png'
Time: 00:07.92 (Saving: 00:00.16)


Blender quit
